Archive member included to satisfy reference by file (symbol)

.pio\build\ota\lib6e8\libArduinoGraphics.a(ArduinoGraphics.cpp.o)
                              .pio\build\ota\src\main.cpp.o (ArduinoGraphics::end())
.pio\build\ota\lib6e8\libArduinoGraphics.a(Font_5x7.c.o)
                              .pio\build\ota\src\main.cpp.o (Font_5x7)
.pio\build\ota\lib6e8\libArduinoGraphics.a(Image.cpp.o)
                              .pio\build\ota\lib6e8\libArduinoGraphics.a(ArduinoGraphics.cpp.o) (Image::encoding() const)
.pio\build\ota\lib5de\libWiFiS3.a(WiFi.cpp.o)
                              .pio\build\ota\src\main.cpp.o (CWifi::begin(char const*, char const*))
.pio\build\ota\lib5de\libWiFiS3.a(WiFiClient.cpp.o)
                              .pio\build\ota\src\main.cpp.o (WiFiClient::~WiFiClient())
.pio\build\ota\lib5de\libWiFiS3.a(WiFiServer.cpp.o)
                              .pio\build\ota\src\main.cpp.o (WiFiServer::WiFiServer(int))
.pio\build\ota\lib5de\libWiFiS3.a(WiFiUdp.cpp.o)
                              .pio\build\ota\src\main.cpp.o (WiFiUDP::WiFiUDP())
.pio\build\ota\lib5de\libWiFiS3.a(Modem.cpp.o)
                              .pio\build\ota\lib5de\libWiFiS3.a(WiFiClient.cpp.o) (ModemClass::write_nowait(std::__cxx11::basic_string<char, std::char_traits<char>, std::allocator<char> > const&, std::__cxx11::basic_string<char, std::char_traits<char>, std::allocator<char> >&, char const*, ...))
.pio\build\ota\lib572\libArduinoOTA.a(InternalStorageRenesas.cpp.o)
                              .pio\build\ota\src\main.cpp.o (InternalStorage)
.pio\build\ota\lib572\libArduinoOTA.a(OTAStorage.cpp.o)
                              .pio\build\ota\lib572\libArduinoOTA.a(InternalStorageRenesas.cpp.o) (OTAStorage::OTAStorage())
.pio\build\ota\lib572\libArduinoOTA.a(WiFiOTA.cpp.o)
                              .pio\build\ota\src\main.cpp.o (WiFiOTAClass::WiFiOTAClass())
.pio\build\ota\lib572\libArduinoOTA.a(r_flash_lp_cf.c.o)
                              .pio\build\ota\lib572\libArduinoOTA.a(InternalStorageRenesas.cpp.o) (r_flash_lp_cf_erase)
.pio\build\ota\libFrameworkArduinoVariant.a(main.c.o)
                              c:/users/ferna/.platformio/packages/toolchain-gccarmnoneeabi/bin/../lib/gcc/arm-none-eabi/7.2.1/../../../../arm-none-eabi/lib/thumb/v7e-m/fpv4-sp/hard/crt0.o (main)
.pio\build\ota\libFrameworkArduinoVariant.a(variant.cpp.o)
                              .pio\build\ota\src\main.cpp.o (g_pin_cfg)
.pio\build\ota\libFrameworkArduino.a(FspTimer.cpp.o)
                              .pio\build\ota\src\main.cpp.o (FspTimer::FspTimer())
.pio\build\ota\libFrameworkArduino.a(IRQManager.cpp.o)
                              .pio\build\ota\libFrameworkArduino.a(FspTimer.cpp.o) (IRQManager::getInstance())
.pio\build\ota\libFrameworkArduino.a(Serial.cpp.o)
                              .pio\build\ota\src\main.cpp.o (UART::begin(unsigned long))
.pio\build\ota\libFrameworkArduino.a(SerialObj1.cpp.o)
                              .pio\build\ota\src\main.cpp.o (_UART1_)
.pio\build\ota\libFrameworkArduino.a(SerialObj3.cpp.o)
                              .pio\build\ota\lib5de\libWiFiS3.a(Modem.cpp.o) (_UART3_)
.pio\build\ota\libFrameworkArduino.a(analog.cpp.o)
                              .pio\build\ota\libFrameworkArduino.a(FspTimer.cpp.o) (__get_timer_for_channel(int))
.pio\build\ota\libFrameworkArduino.a(Common.cpp.o)
                              .pio\build\ota\libFrameworkArduino.a(analog.cpp.o) (map(long, long, long, long, long))
.pio\build\ota\libFrameworkArduino.a(IPAddress.cpp.o)
                              .pio\build\ota\lib5de\libWiFiS3.a(WiFi.cpp.o) (arduino::IPAddress::IPAddress())
.pio\build\ota\libFrameworkArduino.a(Print.cpp.o)
                              .pio\build\ota\src\main.cpp.o (arduino::Print::write(unsigned char const*, unsigned int))
.pio\build\ota\libFrameworkArduino.a(Stream.cpp.o)
                              .pio\build\ota\lib572\libArduinoOTA.a(WiFiOTA.cpp.o) (arduino::Stream::readStringUntil(char))
.pio\build\ota\libFrameworkArduino.a(String.cpp.o)
                              .pio\build\ota\lib572\libArduinoOTA.a(WiFiOTA.cpp.o) (arduino::String::~String())
.pio\build\ota\libFrameworkArduino.a(dac.cpp.o)
                              .pio\build\ota\libFrameworkArduino.a(analog.cpp.o) (CDac::analogWrite(int))
.pio\build\ota\libFrameworkArduino.a(digital.cpp.o)
                              .pio\build\ota\libFrameworkArduinoVariant.a(variant.cpp.o) (pinMode)
.pio\build\ota\libFrameworkArduino.a(itoa.c.o)
                              .pio\build\ota\libFrameworkArduino.a(String.cpp.o) (dtostrf)
.pio\build\ota\libFrameworkArduino.a(main.cpp.o)
                              .pio\build\ota\libFrameworkArduinoVariant.a(main.c.o) (hal_entry)
.pio\build\ota\libFrameworkArduino.a(pinDefinitions.cpp.o)
                              .pio\build\ota\libFrameworkArduino.a(analog.cpp.o) (pinPeripheral(e_bsp_io_port_pin_t, unsigned long))
.pio\build\ota\libFrameworkArduino.a(pwm.cpp.o)
[...]
Memory Configuration

Name             Origin             Length             Attributes
FLASH            0x00004000         0x0003c000         xr
RAM              0x20000000         0x00008000         xrw
DATA_FLASH       0x40100000         0x00002000         xr
OPTION_SETTING   0x00000000         0x00000000         r
OPTION_SETTING_S 0x00000000         0x00000000         r
ID_CODE          0x01010018         0x00000020         xr
*default*        0x00000000         0xffffffff

Linker script and memory map

LOAD c:/users/ferna/.platformio/packages/toolchain-gccarmnoneeabi/bin/../lib/gcc/arm-none-eabi/7.2.1/thumb/v7e-m/fpv4-sp/hard/crti.o
LOAD c:/users/ferna/.platformio/packages/toolchain-gccarmnoneeabi/bin/../lib/gcc/arm-none-eabi/7.2.1/thumb/v7e-m/fpv4-sp/hard/crtbegin.o
LOAD c:/users/ferna/.platformio/packages/toolchain-gccarmnoneeabi/bin/../lib/gcc/arm-none-eabi/7.2.1/../../../../arm-none-eabi/lib/thumb/v7e-m/fpv4-sp/hard/crt0.o
LOAD .pio\build\ota\src\main.cpp.o
START GROUP
LOAD .pio\build\ota\lib6e8\libArduinoGraphics.a
LOAD .pio\build\ota\lib5de\libWiFiS3.a
LOAD .pio\build\ota\lib572\libArduinoOTA.a
LOAD .pio\build\ota\libFrameworkArduinoVariant.a
LOAD .pio\build\ota\libFrameworkArduino.a
LOAD C:\Users\ferna\.platformio\packages\framework-arduinorenesas-uno\variants\UNOWIFIR4\libs\libfsp.a
LOAD c:/users/ferna/.platformio/packages/toolchain-gccarmnoneeabi/bin/../lib/gcc/arm-none-eabi/7.2.1/../../../../arm-none-eabi/lib/thumb/v7e-m/fpv4-sp/hard\libstdc++_nano.a
LOAD c:/users/ferna/.platformio/packages/toolchain-gccarmnoneeabi/bin/../lib/gcc/arm-none-eabi/7.2.1/../../../../arm-none-eabi/lib/thumb/v7e-m/fpv4-sp/hard\libsupc++_nano.a
LOAD c:/users/ferna/.platformio/packages/toolchain-gccarmnoneeabi/bin/../lib/gcc/arm-none-eabi/7.2.1/thumb/v7e-m/fpv4-sp/hard\libgcc.a
LOAD c:/users/ferna/.platformio/packages/toolchain-gccarmnoneeabi/bin/../lib/gcc/arm-none-eabi/7.2.1/../../../../arm-none-eabi/lib/thumb/v7e-m/fpv4-sp/hard\libnosys.a
END GROUP
LOAD c:/users/ferna/.platformio/packages/toolchain-gccarmnoneeabi/bin/../lib/gcc/arm-none-eabi/7.2.1/../../../../arm-none-eabi/lib/thumb/v7e-m/fpv4-sp/hard\libstdc++_nano.a
LOAD c:/users/ferna/.platformio/packages/toolchain-gccarmnoneeabi/bin/../lib/gcc/arm-none-eabi/7.2.1/../../../../arm-none-eabi/lib/thumb/v7e-m/fpv4-sp/hard\libm.a
LOAD c:/users/ferna/.platformio/packages/toolchain-gccarmnoneeabi/bin/../lib/gcc/arm-none-eabi/7.2.1/../../../../arm-none-eabi/lib/thumb/v7e-m/fpv4-sp/hard\libc_nano.a
START GROUP
LOAD c:/users/ferna/.platformio/packages/toolchain-gccarmnoneeabi/bin/../lib/gcc/arm-none-eabi/7.2.1/thumb/v7e-m/fpv4-sp/hard\libgcc.a
LOAD c:/users/ferna/.platformio/packages/toolchain-gccarmnoneeabi/bin/../lib/gcc/arm-none-eabi/7.2.1/../../../../arm-none-eabi/lib/thumb/v7e-m/fpv4-sp/hard\libc_nano.a
END GROUP
START GROUP
LOAD c:/users/ferna/.platformio/packages/toolchain-gccarmnoneeabi/bin/../lib/gcc/arm-none-eabi/7.2.1/thumb/v7e-m/fpv4-sp/hard\libgcc.a
LOAD c:/users/ferna/.platformio/packages/toolchain-gccarmnoneeabi/bin/../lib/gcc/arm-none-eabi/7.2.1/../../../../arm-none-eabi/lib/thumb/v7e-m/fpv4-sp/hard\libc_nano.a
LOAD c:/users/ferna/.platformio/packages/toolchain-gccarmnoneeabi/bin/../lib/gcc/arm-none-eabi/7.2.1/../../../../arm-none-eabi/lib/thumb/v7e-m/fpv4-sp/hard\libnosys.a
END GROUP
START GROUP
LOAD c:/users/ferna/.platformio/packages/toolchain-gccarmnoneeabi/bin/../lib/gcc/arm-none-eabi/7.2.1/thumb/v7e-m/fpv4-sp/hard\libgcc.a
LOAD c:/users/ferna/.platformio/packages/toolchain-gccarmnoneeabi/bin/../lib/gcc/arm-none-eabi/7.2.1/../../../../arm-none-eabi/lib/thumb/v7e-m/fpv4-sp/hard\libc_nano.a
LOAD c:/users/ferna/.platformio/packages/toolchain-gccarmnoneeabi/bin/../lib/gcc/arm-none-eabi/7.2.1/../../../../arm-none-eabi/lib/thumb/v7e-m/fpv4-sp/hard\libnosys.a
END GROUP
LOAD c:/users/ferna/.platformio/packages/toolchain-gccarmnoneeabi/bin/../lib/gcc/arm-none-eabi/7.2.1/thumb/v7e-m/fpv4-sp/hard/crtend.o
LOAD c:/users/ferna/.platformio/packages/toolchain-gccarmnoneeabi/bin/../lib/gcc/arm-none-eabi/7.2.1/thumb/v7e-m/fpv4-sp/hard/crtn.o
                0x20000000                RAM_START = 0x20000000
                0x00008000                RAM_LENGTH = 0x8000
                0x00000000                FLASH_START = 0x0
                0x00040000                FLASH_LENGTH = 0x40000
                0x40100000                DATA_FLASH_START = 0x40100000
                0x00002000                DATA_FLASH_LENGTH = 0x2000
                0x00000000                OPTION_SETTING_START = 0x0
                0x00000000                OPTION_SETTING_LENGTH = 0x0
                0x00000000                OPTION_SETTING_S_START = 0x0
                0x00000000                OPTION_SETTING_S_LENGTH = 0x0
                0x01010018                ID_CODE_START = 0x1010018
                0x00000020                ID_CODE_LENGTH = 0x20
                0x90000000                SDRAM_START = 0x90000000
                0x00000000                SDRAM_LENGTH = 0x0
                0x60000000                QSPI_FLASH_START = 0x60000000
                0x00000000                QSPI_FLASH_LENGTH = 0x0
                0x68000000                OSPI_DEVICE_0_START = 0x68000000
                0x00000000                OSPI_DEVICE_0_LENGTH = 0x0
                0x70000000                OSPI_DEVICE_1_START = 0x70000000
                0x00000000                OSPI_DEVICE_1_LENGTH = 0x0
                0x00004000                FLASH_IMAGE_START = 0x4000
                0x00000100                VECTOR_TABLE_LENGTH = 0x100
                0x00000400                BSP_CFG_STACK_MAIN_BYTES = 0x400
START GROUP
LOAD c:/users/ferna/.platformio/packages/toolchain-gccarmnoneeabi/bin/../lib/gcc/arm-none-eabi/7.2.1/thumb/v7e-m/fpv4-sp/hard\libgcc.a
LOAD c:/users/ferna/.platformio/packages/toolchain-gccarmnoneeabi/bin/../lib/gcc/arm-none-eabi/7.2.1/../../../../arm-none-eabi/lib/thumb/v7e-m/fpv4-sp/hard\libc.a
LOAD c:/users/ferna/.platformio/packages/toolchain-gccarmnoneeabi/bin/../lib/gcc/arm-none-eabi/7.2.1/../../../../arm-none-eabi/lib/thumb/v7e-m/fpv4-sp/hard\libm.a
LOAD c:/users/ferna/.platformio/packages/toolchain-gccarmnoneeabi/bin/../lib/gcc/arm-none-eabi/7.2.1/../../../../arm-none-eabi/lib/thumb/v7e-m/fpv4-sp/hard\libnosys.a
END GROUP

.text           0x00004000    0x106e4
                0x00000000                __tz_FLASH_S = ABSOLUTE (FLASH_START)
                0x00004000                __ROM_Start = .
 *(.sketch_boot)
                0x00004000                . = ALIGN (0x800)
 *(.fixed_vectors*)
 .fixed_vectors
                0x00004000       0x40 C:\Users\ferna\.platformio\packages\framework-arduinorenesas-uno\variants\UNOWIFIR4\libs\libfsp.a(startup.o)
                0x00004000                __Vectors
 *(.application_vectors*)
 .application_vectors
                0x00004040       0x80 .pio\build\ota\libFrameworkArduino.a(vector_table.c.o)
                0x00004040                g_vector_table
                0x000040c0                __Vectors_End = .
 *(.text*)
 .text          0x000040c0       0x40 c:/users/ferna/.platformio/packages/toolchain-gccarmnoneeabi/bin/../lib/gcc/arm-none-eabi/7.2.1/thumb/v7e-m/fpv4-sp/hard/crtbegin.o
 .text._ZN7arduino5Print17availableForWriteEv
                0x00004100        0x4 .pio\build\ota\src\main.cpp.o
                0x00004100                arduino::Print::availableForWrite()
 .text._ZN15ArduinoGraphics4textERKN7arduino6StringEii
                0x00004104       0x10 .pio\build\ota\src\main.cpp.o
                0x00004104                ArduinoGraphics::text(arduino::String const&, int, int)
 .text._ZN15ArduinoGraphics8textSizeEh
                0x00004114        0x8 .pio\build\ota\src\main.cpp.o
                0x00004114                ArduinoGraphics::textSize(unsigned char)
 .text._ZL7reversem
                0x0000411c       0x2e .pio\build\ota\src\main.cpp.o
 *fill*         0x0000414a        0x2 ff
 .text._ZN16ArduinoLEDMatrix5beginEv
                0x0000414c       0x68 .pio\build\ota\src\main.cpp.o
                0x0000414c                ArduinoLEDMatrix::begin()
 .text._ZN16ArduinoLEDMatrixD2Ev
                0x000041b4       0x1c .pio\build\ota\src\main.cpp.o
                0x000041b4                ArduinoLEDMatrix::~ArduinoLEDMatrix()
                0x000041b4                ArduinoLEDMatrix::~ArduinoLEDMatrix()
 .text._ZN16ArduinoLEDMatrixD0Ev
                0x000041d0       0x16 .pio\build\ota\src\main.cpp.o
                0x000041d0                ArduinoLEDMatrix::~ArduinoLEDMatrix()
 .text._ZN16ArduinoLEDMatrix3setEiihhh
                0x000041e6       0x2a .pio\build\ota\src\main.cpp.o
                0x000041e6                ArduinoLEDMatrix::set(int, int, unsigned char, unsigned char, unsigned char)
 .text._ZN16ArduinoLEDMatrix4nextEv
                0x00004210       0x70 .pio\build\ota\src\main.cpp.o
                0x00004210                ArduinoLEDMatrix::next()
 .text._ZN16ArduinoLEDMatrix12turnOnLedISREP22st_timer_callback_args
                0x00004280       0xd0 .pio\build\ota\src\main.cpp.o
                0x00004280                ArduinoLEDMatrix::turnOnLedISR(st_timer_callback_args*)
 .text._ZN16ArduinoLEDMatrix9loadFrameEPKm
                0x00004350       0x30 .pio\build\ota\src\main.cpp.o
                0x00004350                ArduinoLEDMatrix::loadFrame(unsigned long const*)
 .text._ZN16ArduinoLEDMatrix18loadPixelsToBufferEPhjPm
                0x00004380       0x24 .pio\build\ota\src\main.cpp.o
                0x00004380                ArduinoLEDMatrix::loadPixelsToBuffer(unsigned char*, unsigned int, unsigned long*)
 .text.startup._GLOBAL__sub_I_ArduinoOTA
                0x000043a4       0x6c .pio\build\ota\src\main.cpp.o
 .text.exit._GLOBAL__sub_D_ArduinoOTA
                0x00004410       0x34 .pio\build\ota\src\main.cpp.o
 .text._ZN16ArduinoLEDMatrix15textScrollSpeedEm
                0x00004444       0x10 .pio\build\ota\src\main.cpp.o
                0x00004444                ArduinoLEDMatrix::textScrollSpeed(unsigned long)
 .text._ZN16ArduinoLEDMatrix7endTextEi
                0x00004454       0x22 .pio\build\ota\src\main.cpp.o
                0x00004454                ArduinoLEDMatrix::endText(int)
 .text._ZN16ArduinoLEDMatrix7endDrawEv
                0x00004476       0x50 .pio\build\ota\src\main.cpp.o
                0x00004476                ArduinoLEDMatrix::endDraw()
 *fill*         0x000044c6        0x2 ff
 .text._Z10scrollTextPKc
                0x000044c8       0x54 .pio\build\ota\src\main.cpp.o
                0x000044c8                scrollText(char const*)
 .text.loop     0x0000451c       0x60 .pio\build\ota\src\main.cpp.o
                0x0000451c                loop
 .text.setup    0x0000457c       0xfc .pio\build\ota\src\main.cpp.o
                0x0000457c                setup
 .text._ZN15ArduinoGraphics5beginEv
                0x00004678       0x12 .pio\build\ota\lib6e8\libArduinoGraphics.a(ArduinoGraphics.cpp.o)
                0x00004678                ArduinoGraphics::begin()
 .text._ZN15ArduinoGraphics3endEv
                0x0000468a        0x2 .pio\build\ota\lib6e8\libArduinoGraphics.a(ArduinoGraphics.cpp.o)
                0x0000468a                ArduinoGraphics::end()
                0x0000468a                ArduinoGraphics::endDraw()
                0x0000468a                ArduinoGraphics::beginDraw()
 .text._ZN15ArduinoGraphics6circleEiii
                0x0000468c        0xe .pio\build\ota\lib6e8\libArduinoGraphics.a(ArduinoGraphics.cpp.o)
                0x0000468c                ArduinoGraphics::circle(int, int, int)
 .text._ZN15ArduinoGraphics4rectEiiii
                0x0000469a       0x7a .pio\build\ota\lib6e8\libArduinoGraphics.a(ArduinoGraphics.cpp.o)
                0x0000469a                ArduinoGraphics::rect(int, int, int, int)
 .text._ZN15ArduinoGraphics8textFontERK4Font
                0x00004714        0x4 .pio\build\ota\lib6e8\libArduinoGraphics.a(ArduinoGraphics.cpp.o)
                0x00004714                ArduinoGraphics::textFont(Font const&)
 .text._ZNK15ArduinoGraphics13textFontWidthEv
                0x00004718       0x12 .pio\build\ota\lib6e8\libArduinoGraphics.a(ArduinoGraphics.cpp.o)
                0x00004718                ArduinoGraphics::textFontWidth() const
 .text._ZNK15ArduinoGraphics14textFontHeightEv
                0x0000472a       0x12 .pio\build\ota\lib6e8\libArduinoGraphics.a(ArduinoGraphics.cpp.o)
                0x0000472a                ArduinoGraphics::textFontHeight() const
 .text._ZN15ArduinoGraphics8textSizeEhh
                0x0000473c       0x16 .pio\build\ota\lib6e8\libArduinoGraphics.a(ArduinoGraphics.cpp.o)
                0x0000473c                ArduinoGraphics::textSize(unsigned char, unsigned char)
 .text._ZN15ArduinoGraphics3setEiim
                0x00004752       0x1a .pio\build\ota\lib6e8\libArduinoGraphics.a(ArduinoGraphics.cpp.o)
                0x00004752                ArduinoGraphics::set(int, int, unsigned long)
 .text._ZN15ArduinoGraphics9beginTextEiihhh
                0x0000476c       0x22 .pio\build\ota\lib6e8\libArduinoGraphics.a(ArduinoGraphics.cpp.o)
                0x0000476c                ArduinoGraphics::beginText(int, int, unsigned char, unsigned char, unsigned char)
 .text._ZN15ArduinoGraphics9beginTextEiim
                0x0000478e       0x1a .pio\build\ota\lib6e8\libArduinoGraphics.a(ArduinoGraphics.cpp.o)
                0x0000478e                ArduinoGraphics::beginText(int, int, unsigned long)
 .text._ZN15ArduinoGraphics15textScrollSpeedEm
                0x000047a8        0x4 .pio\build\ota\lib6e8\libArduinoGraphics.a(ArduinoGraphics.cpp.o)
                0x000047a8                ArduinoGraphics::textScrollSpeed(unsigned long)
 .text._ZN15ArduinoGraphics7ellipseEiiii
                0x000047ac      0x2ac .pio\build\ota\lib6e8\libArduinoGraphics.a(ArduinoGraphics.cpp.o)
                0x000047ac                ArduinoGraphics::ellipse(int, int, int, int)
 .text._ZN15ArduinoGraphics8imageRGBERK5Imageiiii
                0x00004a58       0x7e .pio\build\ota\lib6e8\libArduinoGraphics.a(ArduinoGraphics.cpp.o)
                0x00004a58                ArduinoGraphics::imageRGB(Image const&, int, int, int, int)
 .text._ZN15ArduinoGraphics10imageRGB24ERK5Imageiiii
                0x00004ad6       0x80 .pio\build\ota\lib6e8\libArduinoGraphics.a(ArduinoGraphics.cpp.o)
                0x00004ad6                ArduinoGraphics::imageRGB24(Image const&, int, int, int, int)
 .text._ZN15ArduinoGraphics10imageRGB16ERK5Imageiiii
                0x00004b56       0x82 .pio\build\ota\lib6e8\libArduinoGraphics.a(ArduinoGraphics.cpp.o)
                0x00004b56                ArduinoGraphics::imageRGB16(Image const&, int, int, int, int)
 .text._ZN15ArduinoGraphics5imageERK5Imageii
                0x00004bd8       0x32 .pio\build\ota\lib6e8\libArduinoGraphics.a(ArduinoGraphics.cpp.o)
                0x00004bd8                ArduinoGraphics::image(Image const&, int, int)
 .text._ZN15ArduinoGraphics5writeEh
                0x00004c0a       0x18 .pio\build\ota\lib6e8\libArduinoGraphics.a(ArduinoGraphics.cpp.o)
                0x00004c0a                ArduinoGraphics::write(unsigned char)
 *fill*         0x00004c22        0x2 ff
 .text._ZN15ArduinoGraphics5flushEv
                0x00004c24        0xc .pio\build\ota\lib6e8\libArduinoGraphics.a(ArduinoGraphics.cpp.o)
                0x00004c24                ArduinoGraphics::flush()
 .text._ZN15ArduinoGraphics9beginTextEii
                0x00004c30       0x1c .pio\build\ota\lib6e8\libArduinoGraphics.a(ArduinoGraphics.cpp.o)
                0x00004c30                ArduinoGraphics::beginText(int, int)
 .text._ZN15ArduinoGraphics7endTextEi
                0x00004c4c      0x318 .pio\build\ota\lib6e8\libArduinoGraphics.a(ArduinoGraphics.cpp.o)
                0x00004c4c                ArduinoGraphics::endText(int)
 .text._ZN15ArduinoGraphics5pointEii
                0x00004f64       0x1a .pio\build\ota\lib6e8\libArduinoGraphics.a(ArduinoGraphics.cpp.o)
                0x00004f64                ArduinoGraphics::point(int, int)
 .text._ZN15ArduinoGraphics4textEPKcii
                0x00004f7e       0x8c .pio\build\ota\lib6e8\libArduinoGraphics.a(ArduinoGraphics.cpp.o)
                0x00004f7e                ArduinoGraphics::text(char const*, int, int)
 .text._ZN15ArduinoGraphics6bitmapEPKhiiiihh
                0x0000500a      0x108 .pio\build\ota\lib6e8\libArduinoGraphics.a(ArduinoGraphics.cpp.o)
                0x0000500a                ArduinoGraphics::bitmap(unsigned char const*, int, int, int, int, unsigned char, unsigned char)
 .text._ZN15ArduinoGraphics5imageERK5Imageiiii
                0x00005112       0x78 .pio\build\ota\lib6e8\libArduinoGraphics.a(ArduinoGraphics.cpp.o)
                0x00005112                ArduinoGraphics::image(Image const&, int, int, int, int)
 *fill*         0x0000518a        0x2 ff
 .text._ZN15ArduinoGraphicsC2Eii
                0x0000518c       0x30 .pio\build\ota\lib6e8\libArduinoGraphics.a(ArduinoGraphics.cpp.o)
                0x0000518c                ArduinoGraphics::ArduinoGraphics(int, int)
                0x0000518c                ArduinoGraphics::ArduinoGraphics(int, int)
 .text._ZN15ArduinoGraphicsD2Ev
                0x000051bc       0x18 .pio\build\ota\lib6e8\libArduinoGraphics.a(ArduinoGraphics.cpp.o)
                0x000051bc                ArduinoGraphics::~ArduinoGraphics()
                0x000051bc                ArduinoGraphics::~ArduinoGraphics()
 .text._ZN15ArduinoGraphics6strokeEm
                0x000051d4       0x10 .pio\build\ota\lib6e8\libArduinoGraphics.a(ArduinoGraphics.cpp.o)
                0x000051d4                ArduinoGraphics::stroke(unsigned long)
 .text._ZN15ArduinoGraphics7lineLowEiiii
                0x000051e4       0x64 .pio\build\ota\lib6e8\libArduinoGraphics.a(ArduinoGraphics.cpp.o)
                0x000051e4                ArduinoGraphics::lineLow(int, int, int, int)
 .text._ZN15ArduinoGraphics8lineHighEiiii
                0x00005248       0x60 .pio\build\ota\lib6e8\libArduinoGraphics.a(ArduinoGraphics.cpp.o)
                0x00005248                ArduinoGraphics::lineHigh(int, int, int, int)
 .text._ZN15ArduinoGraphics4lineEiiii
                0x000052a8       0xac .pio\build\ota\lib6e8\libArduinoGraphics.a(ArduinoGraphics.cpp.o)
                0x000052a8                ArduinoGraphics::line(int, int, int, int)
 .text._ZNK5Image8encodingEv
                0x00005354        0x4 .pio\build\ota\lib6e8\libArduinoGraphics.a(Image.cpp.o)
                0x00005354                Image::encoding() const
 .text._ZNK5Image4dataEv
                0x00005358        0x4 .pio\build\ota\lib6e8\libArduinoGraphics.a(Image.cpp.o)
                0x00005358                Image::data() const
 .text._ZNK5Image5widthEv
                0x0000535c        0x4 .pio\build\ota\lib6e8\libArduinoGraphics.a(Image.cpp.o)
                0x0000535c                Image::width() const
 .text._ZNK5Image6heightEv
                0x00005360        0x4 .pio\build\ota\lib6e8\libArduinoGraphics.a(Image.cpp.o)
                0x00005360                Image::height() const
 .text._ZNSt7__cxx1112basic_stringIcSt11char_traitsIcESaIcEE9_M_createERjj.isra.24
                0x00005364       0x34 .pio\build\ota\lib5de\libWiFiS3.a(WiFi.cpp.o)
 .text._ZN5CWifiC2Ev
                0x00005398       0x68 .pio\build\ota\lib5de\libWiFiS3.a(WiFi.cpp.o)
                0x00005398                CWifi::CWifi()
                0x00005398                CWifi::CWifi()
 .text._ZNSt7__cxx1112basic_stringIcSt11char_traitsIcESaIcEE10_M_disposeEv
                0x00005400       0x10 .pio\build\ota\lib5de\libWiFiS3.a(WiFi.cpp.o)
                0x00005400                std::__cxx11::basic_string<char, std::char_traits<char>, std::allocator<char> >::_M_dispose()
 .text._ZNSt7__cxx1112basic_stringIcSt11char_traitsIcESaIcEE7_S_copyEPcPKcj
                0x00005410       0x1a .pio\build\ota\lib5de\libWiFiS3.a(WiFi.cpp.o)
                0x00005410                std::__cxx11::basic_string<char, std::char_traits<char>, std::allocator<char> >::_S_copy(char*, char const*, unsigned int)
 *fill*         0x0000542a        0x2 ff
 .text._ZNSt7__cxx1112basic_stringIcSt11char_traitsIcESaIcEE12_M_constructIPKcEEvT_S8_St20forward_iterator_tag.isra.25
                0x0000542c       0x44 .pio\build\ota\lib5de\libWiFiS3.a(WiFi.cpp.o)
 .text._ZNSt7__cxx1112basic_stringIcSt11char_traitsIcESaIcEEC2EPKcRKS3_.constprop.34
                0x00005470       0x28 .pio\build\ota\lib5de\libWiFiS3.a(WiFi.cpp.o)
 .text._ZN5CWifi6statusEv
                0x00005498       0x60 .pio\build\ota\lib5de\libWiFiS3.a(WiFi.cpp.o)
                0x00005498                CWifi::status()
 .text._ZN5CWifi5beginEPKcS1_
                0x000054f8       0xd0 .pio\build\ota\lib5de\libWiFiS3.a(WiFi.cpp.o)
                0x000054f8                CWifi::begin(char const*, char const*)
 .text._ZN5CWifi7localIPEv
                0x000055c8       0xd8 .pio\build\ota\lib5de\libWiFiS3.a(WiFi.cpp.o)
                0x000055c8                CWifi::localIP()
 .text.startup._GLOBAL__sub_I__ZN5CWifiC2Ev
                0x000056a0        0xc .pio\build\ota\lib5de\libWiFiS3.a(WiFi.cpp.o)
 .text.exit._GLOBAL__sub_D__ZN5CWifiC2Ev
                0x000056ac       0x1c .pio\build\ota\lib5de\libWiFiS3.a(WiFi.cpp.o)
 .text._ZN10WiFiClientcvbEv
                0x000056c8        0xa .pio\build\ota\lib5de\libWiFiS3.a(WiFiClient.cpp.o)
                0x000056c8                WiFiClient::operator bool()
 .text._ZN10WiFiClientneERKS_
                0x000056d2       0x10 .pio\build\ota\lib5de\libWiFiS3.a(WiFiClient.cpp.o)
                0x000056d2                WiFiClient::operator!=(WiFiClient const&)
 .text._ZN10WiFiClient5writeEh
                0x000056e2       0x16 .pio\build\ota\lib5de\libWiFiS3.a(WiFiClient.cpp.o)
                0x000056e2                WiFiClient::write(unsigned char)
 .text._ZN10WiFiClient4readEv
                0x000056f8       0x20 .pio\build\ota\lib5de\libWiFiS3.a(WiFiClient.cpp.o)
                0x000056f8                WiFiClient::read()
 .text._ZN10WiFiClienteqERKS_
                0x00005718        0xc .pio\build\ota\lib5de\libWiFiS3.a(WiFiClient.cpp.o)
                0x00005718                WiFiClient::operator==(WiFiClient const&)
 .text._ZNSt15_Sp_counted_ptrIPN7arduino10FifoBufferIhLm1024EEELN9__gnu_cxx12_Lock_policyE0EED2Ev
                0x00005724        0x2 .pio\build\ota\lib5de\libWiFiS3.a(WiFiClient.cpp.o)
                0x00005724                std::_Sp_counted_ptr<arduino::FifoBuffer<unsigned char, 1024ul>*, (__gnu_cxx::_Lock_policy)0>::~_Sp_counted_ptr()
                0x00005724                std::_Sp_counted_ptr<arduino::FifoBuffer<unsigned char, 1024ul>*, (__gnu_cxx::_Lock_policy)0>::~_Sp_counted_ptr()
 .text._ZNSt15_Sp_counted_ptrIPN7arduino10FifoBufferIhLm1024EEELN9__gnu_cxx12_Lock_policyE0EE14_M_get_deleterERKSt9type_info
                0x00005726        0x4 .pio\build\ota\lib5de\libWiFiS3.a(WiFiClient.cpp.o)
                0x00005726                std::_Sp_counted_ptr<arduino::FifoBuffer<unsigned char, 1024ul>*, (__gnu_cxx::_Lock_policy)0>::_M_get_deleter(std::type_info const&)
 .text._ZNSt15_Sp_counted_ptrIPN7arduino10FifoBufferIhLm1024EEELN9__gnu_cxx12_Lock_policyE0EE10_M_disposeEv
                0x0000572a        0xa .pio\build\ota\lib5de\libWiFiS3.a(WiFiClient.cpp.o)
                0x0000572a                std::_Sp_counted_ptr<arduino::FifoBuffer<unsigned char, 1024ul>*, (__gnu_cxx::_Lock_policy)0>::_M_dispose()
 .text._ZNSt15_Sp_counted_ptrIPN7arduino10FifoBufferIhLm1024EEELN9__gnu_cxx12_Lock_policyE0EED0Ev
                0x00005734        0xe .pio\build\ota\lib5de\libWiFiS3.a(WiFiClient.cpp.o)
                0x00005734                std::_Sp_counted_ptr<arduino::FifoBuffer<unsigned char, 1024ul>*, (__gnu_cxx::_Lock_policy)0>::~_Sp_counted_ptr()
 .text._ZNSt15_Sp_counted_ptrIPN7arduino10FifoBufferIhLm1024EEELN9__gnu_cxx12_Lock_policyE0EE10_M_destroyEv
                0x00005742        0x8 .pio\build\ota\lib5de\libWiFiS3.a(WiFiClient.cpp.o)
                0x00005742                std::_Sp_counted_ptr<arduino::FifoBuffer<unsigned char, 1024ul>*, (__gnu_cxx::_Lock_policy)0>::_M_destroy()
 .text._ZN10WiFiClient7connectEN7arduino9IPAddressEt
                0x0000574a       0x26 .pio\build\ota\lib5de\libWiFiS3.a(WiFiClient.cpp.o)
                0x0000574a                WiFiClient::connect(arduino::IPAddress, unsigned short)
 .text._ZNSt16_Sp_counted_baseILN9__gnu_cxx12_Lock_policyE0EE10_M_releaseEv.part.6
                0x00005770       0x20 .pio\build\ota\lib5de\libWiFiS3.a(WiFiClient.cpp.o)
 .text._ZNSt7__cxx1112basic_stringIcSt11char_traitsIcESaIcEEC2EPKcRKS3_.constprop.43
                0x00005790       0x54 .pio\build\ota\lib5de\libWiFiS3.a(WiFiClient.cpp.o)
 .text._ZN7__GuardD2Ev
                0x000057e4        0xc .pio\build\ota\lib5de\libWiFiS3.a(WiFiClient.cpp.o)
                0x000057e4                __Guard::~__Guard()
                0x000057e4                __Guard::~__Guard()
 .text._ZN7arduino10FifoBufferIhLm1024EE9availableEv.isra.7
                0x000057f0       0x2c .pio\build\ota\lib5de\libWiFiS3.a(WiFiClient.cpp.o)
 .text._ZN7arduino10FifoBufferIhLm1024EE9nextIndexEm.isra.14
                0x0000581c       0x2e .pio\build\ota\lib5de\libWiFiS3.a(WiFiClient.cpp.o)
 *fill*         0x0000584a        0x2 ff
 .text._ZN10WiFiClientC2ERKS_
                0x0000584c       0x30 .pio\build\ota\lib5de\libWiFiS3.a(WiFiClient.cpp.o)
                0x0000584c                WiFiClient::WiFiClient(WiFiClient const&)
                0x0000584c                WiFiClient::WiFiClient(WiFiClient const&)
 .text._ZNSt14__shared_countILN9__gnu_cxx12_Lock_policyE0EED2Ev
                0x0000587c       0x18 .pio\build\ota\lib5de\libWiFiS3.a(WiFiClient.cpp.o)
                0x0000587c                std::__shared_count<(__gnu_cxx::_Lock_policy)0>::~__shared_count()
                0x0000587c                std::__shared_count<(__gnu_cxx::_Lock_policy)0>::~__shared_count()
 .text._ZN10WiFiClientD2Ev
                0x00005894       0x18 .pio\build\ota\lib5de\libWiFiS3.a(WiFiClient.cpp.o)
                0x00005894                WiFiClient::~WiFiClient()
                0x00005894                WiFiClient::~WiFiClient()
 .text._ZN10WiFiClient9getSocketEv
                0x000058ac       0x80 .pio\build\ota\lib5de\libWiFiS3.a(WiFiClient.cpp.o)
                0x000058ac                WiFiClient::getSocket()
 .text._ZN10WiFiClient7connectEPKct
                0x0000592c       0xb0 .pio\build\ota\lib5de\libWiFiS3.a(WiFiClient.cpp.o)
                0x0000592c                WiFiClient::connect(char const*, unsigned short)
 .text._ZN10WiFiClient5writeEPKhj
                0x000059dc       0x80 .pio\build\ota\lib5de\libWiFiS3.a(WiFiClient.cpp.o)
                0x000059dc                WiFiClient::write(unsigned char const*, unsigned int)
 .text._ZN10WiFiClient9availableEv
                0x00005a5c       0x98 .pio\build\ota\lib5de\libWiFiS3.a(WiFiClient.cpp.o)
                0x00005a5c                WiFiClient::available()
 .text._ZN10WiFiClient5_readEv
                0x00005af4      0x138 .pio\build\ota\lib5de\libWiFiS3.a(WiFiClient.cpp.o)
                0x00005af4                WiFiClient::_read()
 .text._ZN10WiFiClient14read_if_neededEj
                0x00005c2c       0x22 .pio\build\ota\lib5de\libWiFiS3.a(WiFiClient.cpp.o)
                0x00005c2c                WiFiClient::read_if_needed(unsigned int)
 .text._ZN10WiFiClient4readEPhj
                0x00005c4e       0x88 .pio\build\ota\lib5de\libWiFiS3.a(WiFiClient.cpp.o)
                0x00005c4e                WiFiClient::read(unsigned char*, unsigned int)
 .text._ZN10WiFiClient4peekEv
                0x00005cd6       0x2c .pio\build\ota\lib5de\libWiFiS3.a(WiFiClient.cpp.o)
                0x00005cd6                WiFiClient::peek()
 *fill*         0x00005d02        0x2 ff
 .text._ZN10WiFiClient5flushEv
                0x00005d04       0x60 .pio\build\ota\lib5de\libWiFiS3.a(WiFiClient.cpp.o)
                0x00005d04                WiFiClient::flush()
 .text._ZN10WiFiClient4stopEv
                0x00005d64       0x78 .pio\build\ota\lib5de\libWiFiS3.a(WiFiClient.cpp.o)
                0x00005d64                WiFiClient::stop()
 .text._ZN10WiFiClient9connectedEv
                0x00005ddc       0x80 .pio\build\ota\lib5de\libWiFiS3.a(WiFiClient.cpp.o)
                0x00005ddc                WiFiClient::connected()
 .text._ZN10WiFiClient8remoteIPEv
                0x00005e5c       0xa8 .pio\build\ota\lib5de\libWiFiS3.a(WiFiClient.cpp.o)
                0x00005e5c                WiFiClient::remoteIP()
 .text._ZN10WiFiClient10remotePortEv
                0x00005f04       0x74 .pio\build\ota\lib5de\libWiFiS3.a(WiFiClient.cpp.o)
                0x00005f04                WiFiClient::remotePort()
 .text._ZNSt12__shared_ptrIN7arduino10FifoBufferIhLm1024EEELN9__gnu_cxx12_Lock_policyE0EEaSEOS5_
                0x00005f78       0x28 .pio\build\ota\lib5de\libWiFiS3.a(WiFiClient.cpp.o)
                0x00005f78                std::__shared_ptr<arduino::FifoBuffer<unsigned char, 1024ul>, (__gnu_cxx::_Lock_policy)0>::operator=(std::__shared_ptr<arduino::FifoBuffer<unsigned char, 1024ul>, (__gnu_cxx::_Lock_policy)0>&&)
 .text._ZN10WiFiClientC2Ev
                0x00005fa0       0x74 .pio\build\ota\lib5de\libWiFiS3.a(WiFiClient.cpp.o)
                0x00005fa0                WiFiClient::WiFiClient()
                0x00005fa0                WiFiClient::WiFiClient()
 .text._ZN10WiFiClientC2Ei
                0x00006014       0x70 .pio\build\ota\lib5de\libWiFiS3.a(WiFiClient.cpp.o)
                0x00006014                WiFiClient::WiFiClient(int)
                0x00006014                WiFiClient::WiFiClient(int)
 .text._ZN7arduino5Print5flushEv
                0x00006084        0x2 .pio\build\ota\lib5de\libWiFiS3.a(WiFiServer.cpp.o)
                0x00006084                arduino::Print::flush()
 .text._ZN10WiFiServerneERKS_
                0x00006086       0x10 .pio\build\ota\lib5de\libWiFiS3.a(WiFiServer.cpp.o)
                0x00006086                WiFiServer::operator!=(WiFiServer const&)
 .text._ZN10WiFiServer5writeEh
                0x00006096       0x16 .pio\build\ota\lib5de\libWiFiS3.a(WiFiServer.cpp.o)
                0x00006096                WiFiServer::write(unsigned char)
 .text._ZN10WiFiServereqERKS_
                0x000060ac        0xc .pio\build\ota\lib5de\libWiFiS3.a(WiFiServer.cpp.o)
                0x000060ac                WiFiServer::operator==(WiFiServer const&)
 .text._ZN10WiFiServerC2Ei
                0x000060b8       0x24 .pio\build\ota\lib5de\libWiFiS3.a(WiFiServer.cpp.o)
                0x000060b8                WiFiServer::WiFiServer(int)
                0x000060b8                WiFiServer::WiFiServer(int)
 .text._ZNSt7__cxx1112basic_stringIcSt11char_traitsIcESaIcEEC2EPKcRKS3_
                0x000060dc       0x54 .pio\build\ota\lib5de\libWiFiS3.a(WiFiServer.cpp.o)
                0x000060dc                std::__cxx11::basic_string<char, std::char_traits<char>, std::allocator<char> >::basic_string(char const*, std::allocator<char> const&)
                0x000060dc                std::__cxx11::basic_string<char, std::char_traits<char>, std::allocator<char> >::basic_string(char const*, std::allocator<char> const&)
 .text._ZN10WiFiServer9availableEv
                0x00006130       0xf4 .pio\build\ota\lib5de\libWiFiS3.a(WiFiServer.cpp.o)
                0x00006130                WiFiServer::available()
 .text._ZN10WiFiServer5beginEi
                0x00006224       0x70 .pio\build\ota\lib5de\libWiFiS3.a(WiFiServer.cpp.o)
                0x00006224                WiFiServer::begin(int)
 .text._ZN10WiFiServer5beginEv
                0x00006294        0x6 .pio\build\ota\lib5de\libWiFiS3.a(WiFiServer.cpp.o)
                0x00006294                WiFiServer::begin()
 *fill*         0x0000629a        0x2 ff
 .text._ZN10WiFiServer5writeEPKhj
                0x0000629c       0x84 .pio\build\ota\lib5de\libWiFiS3.a(WiFiServer.cpp.o)
                0x0000629c                WiFiServer::write(unsigned char const*, unsigned int)
 .text._ZN7WiFiUDP4readEPcj
                0x00006320        0x6 .pio\build\ota\lib5de\libWiFiS3.a(WiFiUdp.cpp.o)
                0x00006320                WiFiUDP::read(char*, unsigned int)
 .text._ZN7WiFiUDPneERKS_
                0x00006326       0x10 .pio\build\ota\lib5de\libWiFiS3.a(WiFiUdp.cpp.o)
                0x00006326                WiFiUDP::operator!=(WiFiUDP const&)
 .text._ZN7WiFiUDP5writeEh
                0x00006336       0x16 .pio\build\ota\lib5de\libWiFiS3.a(WiFiUdp.cpp.o)
                0x00006336                WiFiUDP::write(unsigned char)
 .text._ZN7WiFiUDP4readEv
                0x0000634c       0x20 .pio\build\ota\lib5de\libWiFiS3.a(WiFiUdp.cpp.o)
                0x0000634c                WiFiUDP::read()
 .text._ZN7WiFiUDPeqERKS_
                0x0000636c        0xc .pio\build\ota\lib5de\libWiFiS3.a(WiFiUdp.cpp.o)
                0x0000636c                WiFiUDP::operator==(WiFiUDP const&)
 .text._ZNSt7__cxx1112basic_stringIcSt11char_traitsIcESaIcEEC2EPKcRKS3_.constprop.43
                0x00006378       0x54 .pio\build\ota\lib5de\libWiFiS3.a(WiFiUdp.cpp.o)
 .text._ZN7arduino10FifoBufferIhLm1461EE9availableEv.isra.5
                0x000063cc       0x2c .pio\build\ota\lib5de\libWiFiS3.a(WiFiUdp.cpp.o)
 .text._ZN7WiFiUDP14read_if_neededEj
                0x000063f8       0x20 .pio\build\ota\lib5de\libWiFiS3.a(WiFiUdp.cpp.o)
                0x000063f8                WiFiUDP::read_if_needed(unsigned int)
 .text._ZN7arduino10FifoBufferIhLm1461EE9nextIndexEm.isra.11
                0x00006418       0x36 .pio\build\ota\lib5de\libWiFiS3.a(WiFiUdp.cpp.o)
 .text._ZN7WiFiUDP4readEPhj
                0x0000644e       0x7a .pio\build\ota\lib5de\libWiFiS3.a(WiFiUdp.cpp.o)
                0x0000644e                WiFiUDP::read(unsigned char*, unsigned int)
 .text._ZN7WiFiUDPC2Ev
                0x000064c8       0x38 .pio\build\ota\lib5de\libWiFiS3.a(WiFiUdp.cpp.o)
                0x000064c8                WiFiUDP::WiFiUDP()
                0x000064c8                WiFiUDP::WiFiUDP()
 .text._ZN7WiFiUDP5beginEt
                0x00006500       0x78 .pio\build\ota\lib5de\libWiFiS3.a(WiFiUdp.cpp.o)
                0x00006500                WiFiUDP::begin(unsigned short)
 .text._ZN7WiFiUDP5beginEN7arduino9IPAddressEt
                0x00006578       0x8c .pio\build\ota\lib5de\libWiFiS3.a(WiFiUdp.cpp.o)
                0x00006578                WiFiUDP::begin(arduino::IPAddress, unsigned short)
 .text._ZN7WiFiUDP14beginMulticastEN7arduino9IPAddressEt
                0x00006604       0x8c .pio\build\ota\lib5de\libWiFiS3.a(WiFiUdp.cpp.o)
                0x00006604                WiFiUDP::beginMulticast(arduino::IPAddress, unsigned short)
 .text._ZN7WiFiUDP4stopEv
                0x00006690       0x68 .pio\build\ota\lib5de\libWiFiS3.a(WiFiUdp.cpp.o)
                0x00006690                WiFiUDP::stop()
 .text._ZN7WiFiUDP11beginPacketEN7arduino9IPAddressEt
                0x000066f8       0x88 .pio\build\ota\lib5de\libWiFiS3.a(WiFiUdp.cpp.o)
                0x000066f8                WiFiUDP::beginPacket(arduino::IPAddress, unsigned short)
 .text._ZN7WiFiUDP11beginPacketEPKct
                0x00006780       0x78 .pio\build\ota\lib5de\libWiFiS3.a(WiFiUdp.cpp.o)
                0x00006780                WiFiUDP::beginPacket(char const*, unsigned short)
 .text._ZN7WiFiUDP20beginMulticastPacketEv
                0x000067f8       0x70 .pio\build\ota\lib5de\libWiFiS3.a(WiFiUdp.cpp.o)
                0x000067f8                WiFiUDP::beginMulticastPacket()
 .text._ZN7WiFiUDP9endPacketEv
                0x00006868       0x70 .pio\build\ota\lib5de\libWiFiS3.a(WiFiUdp.cpp.o)
                0x00006868                WiFiUDP::endPacket()
 .text._ZN7WiFiUDP5writeEPKhj
                0x000068d8       0x80 .pio\build\ota\lib5de\libWiFiS3.a(WiFiUdp.cpp.o)
                0x000068d8                WiFiUDP::write(unsigned char const*, unsigned int)
 .text._ZN7WiFiUDP11parsePacketEv
                0x00006958       0x80 .pio\build\ota\lib5de\libWiFiS3.a(WiFiUdp.cpp.o)
                0x00006958                WiFiUDP::parsePacket()
 .text._ZN7WiFiUDP9availableEv
                0x000069d8       0x8c .pio\build\ota\lib5de\libWiFiS3.a(WiFiUdp.cpp.o)
                0x000069d8                WiFiUDP::available()
 .text._ZN7WiFiUDP5_readEv
                0x00006a64      0x134 .pio\build\ota\lib5de\libWiFiS3.a(WiFiUdp.cpp.o)
                0x00006a64                WiFiUDP::_read()
 .text._ZN7WiFiUDP4peekEv
                0x00006b98       0x7c .pio\build\ota\lib5de\libWiFiS3.a(WiFiUdp.cpp.o)
                0x00006b98                WiFiUDP::peek()
 .text._ZN7WiFiUDP5flushEv
                0x00006c14       0x60 .pio\build\ota\lib5de\libWiFiS3.a(WiFiUdp.cpp.o)
                0x00006c14                WiFiUDP::flush()
 .text._ZN7WiFiUDP8remoteIPEv
                0x00006c74       0xa8 .pio\build\ota\lib5de\libWiFiS3.a(WiFiUdp.cpp.o)
                0x00006c74                WiFiUDP::remoteIP()
 .text._ZN7WiFiUDP10remotePortEv
                0x00006d1c       0x74 .pio\build\ota\lib5de\libWiFiS3.a(WiFiUdp.cpp.o)
                0x00006d1c                WiFiUDP::remotePort()
 .text._ZNSt7__cxx1112basic_stringIcSt11char_traitsIcESaIcEE9_M_createERjj.isra.21
                0x00006d90       0x34 .pio\build\ota\lib5de\libWiFiS3.a(Modem.cpp.o)
 .text._ZN10ModemClassD2Ev
                0x00006dc4       0x18 .pio\build\ota\lib5de\libWiFiS3.a(Modem.cpp.o)
                0x00006dc4                ModemClass::~ModemClass()
                0x00006dc4                ModemClass::~ModemClass()
 .text._ZN10ModemClass12write_nowaitERKNSt7__cxx1112basic_stringIcSt11char_traitsIcESaIcEEERS5_PKcz
                0x00006ddc       0x6c .pio\build\ota\lib5de\libWiFiS3.a(Modem.cpp.o)
                0x00006ddc                ModemClass::write_nowait(std::__cxx11::basic_string<char, std::char_traits<char>, std::allocator<char> > const&, std::__cxx11::basic_string<char, std::char_traits<char>, std::allocator<char> >&, char const*, ...)
 .text._ZNKSt7__cxx1112basic_stringIcSt11char_traitsIcESaIcEE7compareEPKc
                0x00006e48       0x28 .pio\build\ota\lib5de\libWiFiS3.a(Modem.cpp.o)
                0x00006e48                std::__cxx11::basic_string<char, std::char_traits<char>, std::allocator<char> >::compare(char const*) const
 .text._ZNSt7__cxx1112basic_stringIcSt11char_traitsIcESaIcEE9_M_mutateEjjPKcj
                0x00006e70       0x7e .pio\build\ota\lib5de\libWiFiS3.a(Modem.cpp.o)
                0x00006e70                std::__cxx11::basic_string<char, std::char_traits<char>, std::allocator<char> >::_M_mutate(unsigned int, unsigned int, char const*, unsigned int)
 .text._ZNSt7__cxx1112basic_stringIcSt11char_traitsIcESaIcEE9push_backEc
                0x00006eee       0x3e .pio\build\ota\lib5de\libWiFiS3.a(Modem.cpp.o)
                0x00006eee                std::__cxx11::basic_string<char, std::char_traits<char>, std::allocator<char> >::push_back(char)
 .text._ZNSt7__cxx1112basic_stringIcSt11char_traitsIcESaIcEE7_S_moveEPcPKcj
                0x00006f2c       0x1a .pio\build\ota\lib5de\libWiFiS3.a(Modem.cpp.o)
                0x00006f2c                std::__cxx11::basic_string<char, std::char_traits<char>, std::allocator<char> >::_S_move(char*, char const*, unsigned int)
 *fill*         0x00006f46        0x2 ff
 .text._ZNSt7__cxx1112basic_stringIcSt11char_traitsIcESaIcEE10_M_replaceEjjPKcj
                0x00006f48       0xfc .pio\build\ota\lib5de\libWiFiS3.a(Modem.cpp.o)
                0x00006f48                std::__cxx11::basic_string<char, std::char_traits<char>, std::allocator<char> >::_M_replace(unsigned int, unsigned int, char const*, unsigned int)
 .text._ZNSt7__cxx1112basic_stringIcSt11char_traitsIcESaIcEEaSEPKc
                0x00007044       0x1e .pio\build\ota\lib5de\libWiFiS3.a(Modem.cpp.o)
                0x00007044                std::__cxx11::basic_string<char, std::char_traits<char>, std::allocator<char> >::operator=(char const*)
 *fill*         0x00007062        0x2 ff
 .text._ZN10ModemClass8buf_readERKNSt7__cxx1112basic_stringIcSt11char_traitsIcESaIcEEERS5_
                0x00007064      0x338 .pio\build\ota\lib5de\libWiFiS3.a(Modem.cpp.o)
                0x00007064                ModemClass::buf_read(std::__cxx11::basic_string<char, std::char_traits<char>, std::allocator<char> > const&, std::__cxx11::basic_string<char, std::char_traits<char>, std::allocator<char> >&)
 .text._ZN10ModemClass11passthroughEPKhj
                0x0000739c       0xa0 .pio\build\ota\lib5de\libWiFiS3.a(Modem.cpp.o)
                0x0000739c                ModemClass::passthrough(unsigned char const*, unsigned int)
 .text._ZN10ModemClass5writeERKNSt7__cxx1112basic_stringIcSt11char_traitsIcESaIcEEERS5_PKcz
                0x0000743c       0xdc .pio\build\ota\lib5de\libWiFiS3.a(Modem.cpp.o)
                0x0000743c                ModemClass::write(std::__cxx11::basic_string<char, std::char_traits<char>, std::allocator<char> > const&, std::__cxx11::basic_string<char, std::char_traits<char>, std::allocator<char> >&, char const*, ...)
 .text._ZN10ModemClass5beginEii
                0x00007518       0x94 .pio\build\ota\lib5de\libWiFiS3.a(Modem.cpp.o)
                0x00007518                ModemClass::begin(int, int)
 .text.startup._GLOBAL__sub_I__ZN10ModemClassC2Eii
                0x000075ac       0x28 .pio\build\ota\lib5de\libWiFiS3.a(Modem.cpp.o)
 .text.exit._GLOBAL__sub_D__ZN10ModemClassC2Eii
                0x000075d4        0xc .pio\build\ota\lib5de\libWiFiS3.a(Modem.cpp.o)
 .text._ZN10OTAStorage4openEih
                0x000075e0        0x6 .pio\build\ota\lib572\libArduinoOTA.a(InternalStorageRenesas.cpp.o)
                0x000075e0                OTAStorage::open(int, unsigned char)
 .text._ZN27InternalStorageRenesasClass5clearEv
                0x000075e6        0x2 .pio\build\ota\lib572\libArduinoOTA.a(InternalStorageRenesas.cpp.o)
                0x000075e6                InternalStorageRenesasClass::clear()
 .text._ZN27InternalStorageRenesasClass7maxSizeEv
                0x000075e8        0x4 .pio\build\ota\lib572\libArduinoOTA.a(InternalStorageRenesas.cpp.o)
                0x000075e8                InternalStorageRenesasClass::maxSize()
 .text._ZN27InternalStorageRenesasClass4openEi
                0x000075ec       0x50 .pio\build\ota\lib572\libArduinoOTA.a(InternalStorageRenesas.cpp.o)
                0x000075ec                InternalStorageRenesasClass::open(int)
 .text._ZN27InternalStorageRenesasClass5closeEv
                0x0000763c       0x24 .pio\build\ota\lib572\libArduinoOTA.a(InternalStorageRenesas.cpp.o)
                0x0000763c                InternalStorageRenesasClass::close()
 .text._ZN27InternalStorageRenesasClass5writeEh
                0x00007660       0x44 .pio\build\ota\lib572\libArduinoOTA.a(InternalStorageRenesas.cpp.o)
                0x00007660                InternalStorageRenesasClass::write(unsigned char)
 .text._ZN27InternalStorageRenesasClassC2Ev
                0x000076a4       0x50 .pio\build\ota\lib572\libArduinoOTA.a(InternalStorageRenesas.cpp.o)
                0x000076a4                InternalStorageRenesasClass::InternalStorageRenesasClass()
                0x000076a4                InternalStorageRenesasClass::InternalStorageRenesasClass()
 .text._ZN27InternalStorageRenesasClass5applyEv
                0x000076f4       0x28 .pio\build\ota\lib572\libArduinoOTA.a(InternalStorageRenesas.cpp.o)
                0x000076f4                InternalStorageRenesasClass::apply()
 .text.startup._GLOBAL__sub_I__ZN27InternalStorageRenesasClassC2Ev
                0x0000771c        0xc .pio\build\ota\lib572\libArduinoOTA.a(InternalStorageRenesas.cpp.o)
 .text._ZN10OTAStorage7maxSizeEv
                0x00007728        0xc .pio\build\ota\lib572\libArduinoOTA.a(OTAStorage.cpp.o)
                0x00007728                OTAStorage::maxSize()
 .text._ZN10OTAStorageC2Ev
                0x00007734       0x24 .pio\build\ota\lib572\libArduinoOTA.a(OTAStorage.cpp.o)
                0x00007734                OTAStorage::OTAStorage()
                0x00007734                OTAStorage::OTAStorage()
 .text._ZN12WiFiOTAClassC2Ev
                0x00007758       0x2c .pio\build\ota\lib572\libArduinoOTA.a(WiFiOTA.cpp.o)
                0x00007758                WiFiOTAClass::WiFiOTAClass()
                0x00007758                WiFiOTAClass::WiFiOTAClass()
 .text._ZN12WiFiOTAClass5beginERN7arduino9IPAddressEPKcS4_R10OTAStorage
                0x00007784      0x164 .pio\build\ota\lib572\libArduinoOTA.a(WiFiOTA.cpp.o)
                0x00007784                WiFiOTAClass::begin(arduino::IPAddress&, char const*, char const*, OTAStorage&)
 .text._ZN12WiFiOTAClass8pollMdnsERN7arduino3UDPE
                0x000078e8      0x290 .pio\build\ota\lib572\libArduinoOTA.a(WiFiOTA.cpp.o)
                0x000078e8                WiFiOTAClass::pollMdns(arduino::UDP&)
 .text._ZN12WiFiOTAClass16sendHttpResponseERN7arduino6ClientEiPKc
                0x00007b78       0xb4 .pio\build\ota\lib572\libArduinoOTA.a(WiFiOTA.cpp.o)
                0x00007b78                WiFiOTAClass::sendHttpResponse(arduino::Client&, int, char const*)
 .text._ZN12WiFiOTAClass16flushRequestBodyERN7arduino6ClientEl
                0x00007c2c       0x30 .pio\build\ota\lib572\libArduinoOTA.a(WiFiOTA.cpp.o)
                0x00007c2c                WiFiOTAClass::flushRequestBody(arduino::Client&, long)
 .text._ZN12WiFiOTAClass10pollServerERN7arduino6ClientE
                0x00007c5c      0x264 .pio\build\ota\lib572\libArduinoOTA.a(WiFiOTA.cpp.o)
                0x00007c5c                WiFiOTAClass::pollServer(arduino::Client&)
 .text.startup.main
                0x00007ec0        0xa .pio\build\ota\libFrameworkArduinoVariant.a(main.c.o)
                0x00007ec0                main
 .text.PINCOUNT_fn
                0x00007eca        0x4 .pio\build\ota\libFrameworkArduinoVariant.a(variant.cpp.o)
                0x00007eca                PINCOUNT_fn
 .text._Z17__maybe_start_usbv
                0x00007ece        0x2 .pio\build\ota\libFrameworkArduinoVariant.a(variant.cpp.o)
                0x00007ece                __maybe_start_usb()
 .text.initVariant
                0x00007ed0       0x9c .pio\build\ota\libFrameworkArduinoVariant.a(variant.cpp.o)
                0x00007ed0                initVariant
 .text.R_FSP_SystemClockHzGet
                0x00007f6c       0x24 .pio\build\ota\libFrameworkArduino.a(FspTimer.cpp.o)
 .text._ZN8FspTimer17set_period_countsEhfm.part.2
                0x00007f90      0x158 .pio\build\ota\libFrameworkArduino.a(FspTimer.cpp.o)
 .text._ZN8FspTimerC2Ev
                0x000080e8       0x18 .pio\build\ota\libFrameworkArduino.a(FspTimer.cpp.o)
                0x000080e8                FspTimer::FspTimer()
                0x000080e8                FspTimer::FspTimer()
 .text._ZN8FspTimer5beginE12e_timer_modehhmm18e_timer_source_divPFvP22st_timer_callback_argsEPv
                0x00008100      0x16c .pio\build\ota\libFrameworkArduino.a(FspTimer.cpp.o)
                0x00008100                FspTimer::begin(e_timer_mode, unsigned char, unsigned char, unsigned long, unsigned long, e_timer_source_div, void (*)(st_timer_callback_args*), void*)
 .text._ZN8FspTimer19get_available_timerERhb
                0x0000826c       0x74 .pio\build\ota\libFrameworkArduino.a(FspTimer.cpp.o)
                0x0000826c                FspTimer::get_available_timer(unsigned char&, bool)
 .text._ZN8FspTimer17set_period_countsEhfm
                0x000082e0       0xd8 .pio\build\ota\libFrameworkArduino.a(FspTimer.cpp.o)
                0x000082e0                FspTimer::set_period_counts(unsigned char, float, unsigned long)
 .text._ZN8FspTimer5beginE12e_timer_modehhffPFvP22st_timer_callback_argsEPv
                0x000083b8       0xb8 .pio\build\ota\libFrameworkArduino.a(FspTimer.cpp.o)
                0x000083b8                FspTimer::begin(e_timer_mode, unsigned char, unsigned char, float, float, void (*)(st_timer_callback_args*), void*)
 .text._ZN8FspTimer4openEv
                0x00008470       0x4e .pio\build\ota\libFrameworkArduino.a(FspTimer.cpp.o)
                0x00008470                FspTimer::open()
 .text._ZN8FspTimer5startEv
                0x000084be       0x2e .pio\build\ota\libFrameworkArduino.a(FspTimer.cpp.o)
                0x000084be                FspTimer::start()
 .text._ZN8FspTimer5closeEv
                0x000084ec       0x2e .pio\build\ota\libFrameworkArduino.a(FspTimer.cpp.o)
                0x000084ec                FspTimer::close()
 *fill*         0x0000851a        0x2 ff
 .text._ZN8FspTimer3endEv
                0x0000851c       0x48 .pio\build\ota\libFrameworkArduino.a(FspTimer.cpp.o)
                0x0000851c                FspTimer::end()
 .text._ZN8FspTimerD2Ev
                0x00008564        0xc .pio\build\ota\libFrameworkArduino.a(FspTimer.cpp.o)
                0x00008564                FspTimer::~FspTimer()
                0x00008564                FspTimer::~FspTimer()
 .text._ZN8FspTimer15get_cfg_for_irqEv
                0x00008570       0x14 .pio\build\ota\libFrameworkArduino.a(FspTimer.cpp.o)
                0x00008570                FspTimer::get_cfg_for_irq()
 .text._ZN8FspTimer9is_openedEv
                0x00008584       0x18 .pio\build\ota\libFrameworkArduino.a(FspTimer.cpp.o)
                0x00008584                FspTimer::is_opened()
 .text._ZN8FspTimer18setup_overflow_irqEhPFvvE
                0x0000859c       0x4e .pio\build\ota\libFrameworkArduino.a(FspTimer.cpp.o)
                0x0000859c                FspTimer::setup_overflow_irq(unsigned char, void (*)())
 *fill*         0x000085ea        0x2 ff
 .text.__NVIC_SetPriority
                0x000085ec       0x28 .pio\build\ota\libFrameworkArduino.a(IRQManager.cpp.o)
 .text.R_BSP_IrqEnable
                0x00008614       0x34 .pio\build\ota\libFrameworkArduino.a(IRQManager.cpp.o)
 .text.R_BSP_IrqDisable
                0x00008648       0x24 .pio\build\ota\libFrameworkArduino.a(IRQManager.cpp.o)
 .text.__tcf_0  0x0000866c        0x2 .pio\build\ota\libFrameworkArduino.a(IRQManager.cpp.o)
 *fill*         0x0000866e        0x2 ff
 .text._ZN10IRQManager11getInstanceEv
                0x00008670       0x38 .pio\build\ota\libFrameworkArduino.a(IRQManager.cpp.o)
                0x00008670                IRQManager::getInstance()
 .text._ZN10IRQManager18set_ext_link_eventEii
                0x000086a8       0xc8 .pio\build\ota\libFrameworkArduino.a(IRQManager.cpp.o)
                0x000086a8                IRQManager::set_ext_link_event(int, int)
 .text._ZN10IRQManager23set_gpt_over_link_eventEii
                0x00008770       0x70 .pio\build\ota\libFrameworkArduino.a(IRQManager.cpp.o)
                0x00008770                IRQManager::set_gpt_over_link_event(int, int)
 .text._ZN10IRQManager18set_agt_link_eventEii
                0x000087e0       0x28 .pio\build\ota\libFrameworkArduino.a(IRQManager.cpp.o)
                0x000087e0                IRQManager::set_agt_link_event(int, int)
 .text._ZN10IRQManager16addTimerOverflowER5timerPFvvE
                0x00008808       0x80 .pio\build\ota\libFrameworkArduino.a(IRQManager.cpp.o)
                0x00008808                IRQManager::addTimerOverflow(timer&, void (*)())
 .text._ZN10IRQManager21set_iic_tx_link_eventEii
                0x00008888       0x20 .pio\build\ota\libFrameworkArduino.a(IRQManager.cpp.o)
                0x00008888                IRQManager::set_iic_tx_link_event(int, int)
 .text._ZN10IRQManager21set_iic_rx_link_eventEii
                0x000088a8       0x20 .pio\build\ota\libFrameworkArduino.a(IRQManager.cpp.o)
                0x000088a8                IRQManager::set_iic_rx_link_event(int, int)
 .text._ZN10IRQManager22set_iic_tei_link_eventEii
                0x000088c8       0x20 .pio\build\ota\libFrameworkArduino.a(IRQManager.cpp.o)
                0x000088c8                IRQManager::set_iic_tei_link_event(int, int)
 .text._ZN10IRQManager22set_iic_eri_link_eventEii
                0x000088e8       0x20 .pio\build\ota\libFrameworkArduino.a(IRQManager.cpp.o)
                0x000088e8                IRQManager::set_iic_eri_link_event(int, int)
 .text._ZN10IRQManager21set_sci_tx_link_eventEii
                0x00008908       0x38 .pio\build\ota\libFrameworkArduino.a(IRQManager.cpp.o)
                0x00008908                IRQManager::set_sci_tx_link_event(int, int)
 .text._ZN10IRQManager21set_sci_rx_link_eventEii
                0x00008940       0x38 .pio\build\ota\libFrameworkArduino.a(IRQManager.cpp.o)
                0x00008940                IRQManager::set_sci_rx_link_event(int, int)
 .text._ZN10IRQManager22set_sci_tei_link_eventEii
                0x00008978       0x38 .pio\build\ota\libFrameworkArduino.a(IRQManager.cpp.o)
                0x00008978                IRQManager::set_sci_tei_link_event(int, int)
 .text._ZN10IRQManager22set_sci_eri_link_eventEii
                0x000089b0       0x38 .pio\build\ota\libFrameworkArduino.a(IRQManager.cpp.o)
                0x000089b0                IRQManager::set_sci_eri_link_event(int, int)
 .text._ZN10IRQManager21set_spi_tx_link_eventEii
                0x000089e8       0x20 .pio\build\ota\libFrameworkArduino.a(IRQManager.cpp.o)
                0x000089e8                IRQManager::set_spi_tx_link_event(int, int)
 .text._ZN10IRQManager21set_spi_rx_link_eventEii
                0x00008a08       0x20 .pio\build\ota\libFrameworkArduino.a(IRQManager.cpp.o)
                0x00008a08                IRQManager::set_spi_rx_link_event(int, int)
 .text._ZN10IRQManager22set_spi_tei_link_eventEii
                0x00008a28       0x20 .pio\build\ota\libFrameworkArduino.a(IRQManager.cpp.o)
                0x00008a28                IRQManager::set_spi_tei_link_event(int, int)
 .text._ZN10IRQManager22set_spi_eri_link_eventEii
                0x00008a48       0x20 .pio\build\ota\libFrameworkArduino.a(IRQManager.cpp.o)
                0x00008a48                IRQManager::set_spi_eri_link_event(int, int)
 .text._ZN10IRQManager13addPeripheralE12Peripheral_tPv
                0x00008a68      0x904 .pio\build\ota\libFrameworkArduino.a(IRQManager.cpp.o)
                0x00008a68                IRQManager::addPeripheral(Peripheral_t, void*)
 .text._ZN4UARTcvbEv
                0x0000936c        0x4 .pio\build\ota\libFrameworkArduino.a(Serial.cpp.o)
                0x0000936c                UART::operator bool()
 .text._ZN4UART5beginEm
                0x00009370        0xa .pio\build\ota\libFrameworkArduino.a(Serial.cpp.o)
                0x00009370                UART::begin(unsigned long)
 .text._ZN4UART5flushEv
                0x0000937a        0xa .pio\build\ota\libFrameworkArduino.a(Serial.cpp.o)
                0x0000937a                UART::flush()
 .text._ZN4UART4peekEv
                0x00009384       0x18 .pio\build\ota\libFrameworkArduino.a(Serial.cpp.o)
                0x00009384                UART::peek()
 .text._ZN4UART5writeEh
                0x0000939c       0x34 .pio\build\ota\libFrameworkArduino.a(Serial.cpp.o)
                0x0000939c                UART::write(unsigned char)
 .text._ZN4UART3endEv
                0x000093d0       0x22 .pio\build\ota\libFrameworkArduino.a(Serial.cpp.o)
                0x000093d0                UART::end()
 .text._ZN4UART9availableEv
                0x000093f2       0x32 .pio\build\ota\libFrameworkArduino.a(Serial.cpp.o)
                0x000093f2                UART::available()
 .text._ZN4UART15WrapperCallbackEP20st_uart_callback_arg
                0x00009424       0x90 .pio\build\ota\libFrameworkArduino.a(Serial.cpp.o)
                0x00009424                UART::WrapperCallback(st_uart_callback_arg*)
 .text._ZN4UART4readEv
                0x000094b4       0x5c .pio\build\ota\libFrameworkArduino.a(Serial.cpp.o)
                0x000094b4                UART::read()
 .text._ZN4UARTC2Eiiii
                0x00009510       0x78 .pio\build\ota\libFrameworkArduino.a(Serial.cpp.o)
                0x00009510                UART::UART(int, int, int, int)
                0x00009510                UART::UART(int, int, int, int)
 .text._ZN4UART13setUpUartIrqsER11st_uart_cfg
                0x00009588       0x14 .pio\build\ota\libFrameworkArduino.a(Serial.cpp.o)
                0x00009588                UART::setUpUartIrqs(st_uart_cfg&)
 .text._ZN4UART5writeEPhj
                0x0000959c       0x2e .pio\build\ota\libFrameworkArduino.a(Serial.cpp.o)
                0x0000959c                UART::write(unsigned char*, unsigned int)
 *fill*         0x000095ca        0x2 ff
 .text._ZN4UART8cfg_pinsEi
                0x000095cc       0xe8 .pio\build\ota\libFrameworkArduino.a(Serial.cpp.o)
                0x000095cc                UART::cfg_pins(int)
 .text._ZN4UART5beginEmt
                0x000096b4      0x1a8 .pio\build\ota\libFrameworkArduino.a(Serial.cpp.o)
                0x000096b4                UART::begin(unsigned long, unsigned short)
 .text._ZN4UART9write_rawEPhj
                0x0000985c       0x1e .pio\build\ota\libFrameworkArduino.a(Serial.cpp.o)
                0x0000985c                UART::write_raw(unsigned char*, unsigned int)
 *fill*         0x0000987a        0x2 ff
 .text.startup._GLOBAL__sub_I__UART1_
                0x0000987c       0x1c .pio\build\ota\libFrameworkArduino.a(SerialObj1.cpp.o)
 .text.startup._GLOBAL__sub_I__UART3_
                0x00009898       0x1c .pio\build\ota\libFrameworkArduino.a(SerialObj3.cpp.o)
 .text._ZL13readAllGroupAP13ADC_Container
                0x000098b4       0x2c .pio\build\ota\libFrameworkArduino.a(analog.cpp.o)
 .text._ZL11ADC_irq_cbkP20st_adc_callback_args
                0x000098e0       0x58 .pio\build\ota\libFrameworkArduino.a(analog.cpp.o)
 .text._ZL10adcConvertP13ADC_Containert
                0x00009938       0xa4 .pio\build\ota\libFrameworkArduino.a(analog.cpp.o)
 .text._ZL21get_ADC_container_ptrlRt.constprop.4
                0x000099dc       0x38 .pio\build\ota\libFrameworkArduino.a(analog.cpp.o)
 .text._ZN13ADC_ContainerC2EhPFvP20st_adc_callback_argsEPv
                0x00009a14       0x6e .pio\build\ota\libFrameworkArduino.a(analog.cpp.o)
                0x00009a14                ADC_Container::ADC_Container(unsigned char, void (*)(st_adc_callback_args*), void*)
                0x00009a14                ADC_Container::ADC_Container(unsigned char, void (*)(st_adc_callback_args*), void*)
 .text._ZN13ADC_ContainerD2Ev
                0x00009a82       0x12 .pio\build\ota\libFrameworkArduino.a(analog.cpp.o)
                0x00009a82                ADC_Container::~ADC_Container()
                0x00009a82                ADC_Container::~ADC_Container()
 .text.analogRead
                0x00009a94       0x3c .pio\build\ota\libFrameworkArduino.a(analog.cpp.o)
                0x00009a94                analogRead
 .text.analogReference
                0x00009ad0       0x5c .pio\build\ota\libFrameworkArduino.a(analog.cpp.o)
                0x00009ad0                analogReference
 *fill*         0x00009b2c        0x4 ff
 .text._Z15analogReferencev
                0x00009b30      0x10c .pio\build\ota\libFrameworkArduino.a(analog.cpp.o)
                0x00009b30                analogReference()
 .text._Z23__get_timer_for_channeli
                0x00009c3c       0x2c .pio\build\ota\libFrameworkArduino.a(analog.cpp.o)
                0x00009c3c                __get_timer_for_channel(int)
 .text.startup._GLOBAL__sub_I__ZN13ADC_ContainerC2EhPFvP20st_adc_callback_argsEPv
                0x00009c68       0x4c .pio\build\ota\libFrameworkArduino.a(analog.cpp.o)
 .text.exit._GLOBAL__sub_D__ZN13ADC_ContainerC2EhPFvP20st_adc_callback_argsEPv
                0x00009cb4       0x1c .pio\build\ota\libFrameworkArduino.a(analog.cpp.o)
 .text._Z3maplllll
                0x00009cd0       0x14 .pio\build\ota\libFrameworkArduino.a(Common.cpp.o)
                0x00009cd0                map(long, long, long, long, long)
 .text._ZNK7arduino9IPAddress7printToERNS_5PrintE
                0x00009ce4      0x17c .pio\build\ota\libFrameworkArduino.a(IPAddress.cpp.o)
                0x00009ce4                arduino::IPAddress::printTo(arduino::Print&) const
 .text._ZN7arduino9IPAddressC2ENS_6IPTypeE
                0x00009e60       0x1c .pio\build\ota\libFrameworkArduino.a(IPAddress.cpp.o)
                0x00009e60                arduino::IPAddress::IPAddress(arduino::IPType)
                0x00009e60                arduino::IPAddress::IPAddress(arduino::IPType)
 .text._ZN7arduino9IPAddressC2Ev
                0x00009e7c        0xe .pio\build\ota\libFrameworkArduino.a(IPAddress.cpp.o)
                0x00009e7c                arduino::IPAddress::IPAddress()
                0x00009e7c                arduino::IPAddress::IPAddress()
 *fill*         0x00009e8a        0x2 ff
 .text._ZN7arduino9IPAddressC2Ehhhh
                0x00009e8c       0x30 .pio\build\ota\libFrameworkArduino.a(IPAddress.cpp.o)
                0x00009e8c                arduino::IPAddress::IPAddress(unsigned char, unsigned char, unsigned char, unsigned char)
                0x00009e8c                arduino::IPAddress::IPAddress(unsigned char, unsigned char, unsigned char, unsigned char)
 .text._ZNK7arduino9IPAddress9toString4Ev
                0x00009ebc       0x34 .pio\build\ota\libFrameworkArduino.a(IPAddress.cpp.o)
                0x00009ebc                arduino::IPAddress::toString4() const
 .text._ZNK7arduino9IPAddress9toString6Ev
                0x00009ef0       0x60 .pio\build\ota\libFrameworkArduino.a(IPAddress.cpp.o)
                0x00009ef0                arduino::IPAddress::toString6() const
 .text._ZNK7arduino9IPAddress8toStringEv
                0x00009f50       0x16 .pio\build\ota\libFrameworkArduino.a(IPAddress.cpp.o)
                0x00009f50                arduino::IPAddress::toString() const
 .text._ZN7arduino9IPAddress11fromString4EPKc
                0x00009f66       0x70 .pio\build\ota\libFrameworkArduino.a(IPAddress.cpp.o)
                0x00009f66                arduino::IPAddress::fromString4(char const*)
 .text._ZN7arduino9IPAddress11fromString6EPKc
                0x00009fd6       0xfa .pio\build\ota\libFrameworkArduino.a(IPAddress.cpp.o)
                0x00009fd6                arduino::IPAddress::fromString6(char const*)
 .text._ZN7arduino9IPAddress10fromStringEPKc
                0x0000a0d0       0x1a .pio\build\ota\libFrameworkArduino.a(IPAddress.cpp.o)
                0x0000a0d0                arduino::IPAddress::fromString(char const*)
 *fill*         0x0000a0ea        0x2 ff
 .text.startup._GLOBAL__sub_I__ZN7arduino9IPAddressC2Ev
                0x0000a0ec       0x28 .pio\build\ota\libFrameworkArduino.a(IPAddress.cpp.o)
 .text._ZN7arduino5Print5writeEPKhj
                0x0000a114       0x2c .pio\build\ota\libFrameworkArduino.a(Print.cpp.o)
                0x0000a114                arduino::Print::write(unsigned char const*, unsigned int)
 .text._ZN7arduino5Print5writeEPKc.part.2
                0x0000a140       0x1e .pio\build\ota\libFrameworkArduino.a(Print.cpp.o)
 .text._ZN7arduino5Print5writeEPKc
                0x0000a15e        0xa .pio\build\ota\libFrameworkArduino.a(Print.cpp.o)
                0x0000a15e                arduino::Print::write(char const*)
 .text._ZN7arduino5Print5printEPKc
                0x0000a168        0x8 .pio\build\ota\libFrameworkArduino.a(Print.cpp.o)
                0x0000a168                arduino::Print::print(char const*)
 .text._ZN7arduino5Print5printEc
                0x0000a170        0x8 .pio\build\ota\libFrameworkArduino.a(Print.cpp.o)
                0x0000a170                arduino::Print::print(char)
 .text._ZN7arduino5Print5printERKNS_9PrintableE
                0x0000a178        0xc .pio\build\ota\libFrameworkArduino.a(Print.cpp.o)
                0x0000a178                arduino::Print::print(arduino::Printable const&)
 .text._ZN7arduino5Print7printlnEv
                0x0000a184        0xc .pio\build\ota\libFrameworkArduino.a(Print.cpp.o)
                0x0000a184                arduino::Print::println()
 .text._ZN7arduino5Print7printlnEPKc
                0x0000a190       0x14 .pio\build\ota\libFrameworkArduino.a(Print.cpp.o)
                0x0000a190                arduino::Print::println(char const*)
 .text._ZN7arduino5Print7printlnERKNS_9PrintableE
                0x0000a1a4       0x14 .pio\build\ota\libFrameworkArduino.a(Print.cpp.o)
                0x0000a1a4                arduino::Print::println(arduino::Printable const&)
 .text._ZN7arduino5Print11printNumberEmh
                0x0000a1b8       0x3c .pio\build\ota\libFrameworkArduino.a(Print.cpp.o)
                0x0000a1b8                arduino::Print::printNumber(unsigned long, unsigned char)
 .text._ZN7arduino5Print5printEli
                0x0000a1f4       0x44 .pio\build\ota\libFrameworkArduino.a(Print.cpp.o)
                0x0000a1f4                arduino::Print::print(long, int)
 .text._ZN7arduino5Print5printEii
                0x0000a238        0x4 .pio\build\ota\libFrameworkArduino.a(Print.cpp.o)
                0x0000a238                arduino::Print::print(int, int)
 .text._ZN7arduino5Print7printlnEii
                0x0000a23c       0x14 .pio\build\ota\libFrameworkArduino.a(Print.cpp.o)
                0x0000a23c                arduino::Print::println(int, int)
 .text._ZN7arduino5Print5printEmi
                0x0000a250       0x1a .pio\build\ota\libFrameworkArduino.a(Print.cpp.o)
                0x0000a250                arduino::Print::print(unsigned long, int)
 .text._ZN7arduino5Print5printEhi
                0x0000a26a        0x4 .pio\build\ota\libFrameworkArduino.a(Print.cpp.o)
                0x0000a26a                arduino::Print::print(unsigned char, int)
 .text._ZN7arduino5Print5printEji
                0x0000a26e        0x4 .pio\build\ota\libFrameworkArduino.a(Print.cpp.o)
                0x0000a26e                arduino::Print::print(unsigned int, int)
 .text._ZN7arduino5Print7printlnEji
                0x0000a272       0x14 .pio\build\ota\libFrameworkArduino.a(Print.cpp.o)
                0x0000a272                arduino::Print::println(unsigned int, int)
 .text._ZN7arduino6Stream9timedReadEv
                0x0000a286       0x2a .pio\build\ota\libFrameworkArduino.a(Stream.cpp.o)
                0x0000a286                arduino::Stream::timedRead()
 .text._ZN7arduino6Stream15readStringUntilEc
                0x0000a2b0       0x30 .pio\build\ota\libFrameworkArduino.a(Stream.cpp.o)
                0x0000a2b0                arduino::Stream::readStringUntil(char)
 .text._ZN7arduino6StringD2Ev
                0x0000a2e0       0x10 .pio\build\ota\libFrameworkArduino.a(String.cpp.o)
                0x0000a2e0                arduino::String::~String()
                0x0000a2e0                arduino::String::~String()
 .text._ZN7arduino6String10invalidateEv
                0x0000a2f0       0x16 .pio\build\ota\libFrameworkArduino.a(String.cpp.o)
                0x0000a2f0                arduino::String::invalidate()
 .text._ZN7arduino6String12changeBufferEj
                0x0000a306       0x18 .pio\build\ota\libFrameworkArduino.a(String.cpp.o)
                0x0000a306                arduino::String::changeBuffer(unsigned int)
 .text._ZN7arduino6String7reserveEj
                0x0000a31e       0x28 .pio\build\ota\libFrameworkArduino.a(String.cpp.o)
                0x0000a31e                arduino::String::reserve(unsigned int)
 .text._ZN7arduino6String4copyEPKcj
                0x0000a346       0x30 .pio\build\ota\libFrameworkArduino.a(String.cpp.o)
                0x0000a346                arduino::String::copy(char const*, unsigned int)
 .text._ZN7arduino6StringC2EPKc
                0x0000a376       0x24 .pio\build\ota\libFrameworkArduino.a(String.cpp.o)
                0x0000a376                arduino::String::String(char const*)
                0x0000a376                arduino::String::String(char const*)
 .text._ZN7arduino6StringaSEPKc.part.4
                0x0000a39a       0x1a .pio\build\ota\libFrameworkArduino.a(String.cpp.o)
 .text._ZN7arduino6String4moveERS0_
                0x0000a3b4       0x26 .pio\build\ota\libFrameworkArduino.a(String.cpp.o)
                0x0000a3b4                arduino::String::move(arduino::String&)
 .text._ZN7arduino6StringaSERKS0_
                0x0000a3da       0x1e .pio\build\ota\libFrameworkArduino.a(String.cpp.o)
                0x0000a3da                arduino::String::operator=(arduino::String const&)
 .text._ZN7arduino6StringaSEOS0_
                0x0000a3f8        0xc .pio\build\ota\libFrameworkArduino.a(String.cpp.o)
                0x0000a3f8                arduino::String::operator=(arduino::String&&)
 .text._ZN7arduino6StringaSEPKc
                0x0000a404       0x14 .pio\build\ota\libFrameworkArduino.a(String.cpp.o)
                0x0000a404                arduino::String::operator=(char const*)
 .text._ZN7arduino6String6concatEPKcj
                0x0000a418       0x42 .pio\build\ota\libFrameworkArduino.a(String.cpp.o)
                0x0000a418                arduino::String::concat(char const*, unsigned int)
 .text._ZN7arduino6String6concatEPKc.part.6
                0x0000a45a       0x1a .pio\build\ota\libFrameworkArduino.a(String.cpp.o)
 .text._ZN7arduino6String6concatEPKc
                0x0000a474        0xa .pio\build\ota\libFrameworkArduino.a(String.cpp.o)
                0x0000a474                arduino::String::concat(char const*)
 .text._ZN7arduino6String6concatEc
                0x0000a47e       0x16 .pio\build\ota\libFrameworkArduino.a(String.cpp.o)
                0x0000a47e                arduino::String::concat(char)
 .text._ZN7arduinoplERKNS_15StringSumHelperERKNS_6StringE
                0x0000a494       0x18 .pio\build\ota\libFrameworkArduino.a(String.cpp.o)
                0x0000a494                arduino::operator+(arduino::StringSumHelper const&, arduino::String const&)
 .text._ZNK7arduino6String9compareToERKS0_
                0x0000a4ac       0x2a .pio\build\ota\libFrameworkArduino.a(String.cpp.o)
                0x0000a4ac                arduino::String::compareTo(arduino::String const&) const
 .text._ZNK7arduino6String6equalsERKS0_
                0x0000a4d6       0x1a .pio\build\ota\libFrameworkArduino.a(String.cpp.o)
                0x0000a4d6                arduino::String::equals(arduino::String const&) const
 .text._ZNK7arduino6String6equalsEPKc
                0x0000a4f0       0x28 .pio\build\ota\libFrameworkArduino.a(String.cpp.o)
                0x0000a4f0                arduino::String::equals(char const*) const
 .text._ZNK7arduino6String10startsWithERKS0_j
                0x0000a518       0x2c .pio\build\ota\libFrameworkArduino.a(String.cpp.o)
                0x0000a518                arduino::String::startsWith(arduino::String const&, unsigned int) const
 .text._ZNK7arduino6String10startsWithERKS0_
                0x0000a544       0x12 .pio\build\ota\libFrameworkArduino.a(String.cpp.o)
                0x0000a544                arduino::String::startsWith(arduino::String const&) const
 .text._ZNK7arduino6StringixEj
                0x0000a556       0x12 .pio\build\ota\libFrameworkArduino.a(String.cpp.o)
                0x0000a556                arduino::String::operator[](unsigned int) const
 .text._ZNK7arduino6String6charAtEj
                0x0000a568        0x4 .pio\build\ota\libFrameworkArduino.a(String.cpp.o)
                0x0000a568                arduino::String::charAt(unsigned int) const
 .text._ZN7arduino6String6removeEjj
                0x0000a56c       0x32 .pio\build\ota\libFrameworkArduino.a(String.cpp.o)
                0x0000a56c                arduino::String::remove(unsigned int, unsigned int)
 .text._ZN7arduino6String4trimEv
                0x0000a59e       0x52 .pio\build\ota\libFrameworkArduino.a(String.cpp.o)
                0x0000a59e                arduino::String::trim()
 .text._ZNK7arduino6String5toIntEv
                0x0000a5f0        0xa .pio\build\ota\libFrameworkArduino.a(String.cpp.o)
                0x0000a5f0                arduino::String::toInt() const
 *fill*         0x0000a5fa        0x2 ff
 .text._ZN4CDacC2Eh
                0x0000a5fc       0x6c .pio\build\ota\libFrameworkArduino.a(dac.cpp.o)
                0x0000a5fc                CDac::CDac(unsigned char)
                0x0000a5fc                CDac::CDac(unsigned char)
 .text.startup._GLOBAL__sub_I__ZN4CDacC2Eh
                0x0000a668        0xc .pio\build\ota\libFrameworkArduino.a(dac.cpp.o)
 .text.pinMode  0x0000a674       0x30 .pio\build\ota\libFrameworkArduino.a(digital.cpp.o)
                0x0000a674                pinMode
 .text.digitalWrite
                0x0000a6a4       0x18 .pio\build\ota\libFrameworkArduino.a(digital.cpp.o)
                0x0000a6a4                digitalWrite
 .text.R_BSP_PinAccessEnable
                0x0000a6bc       0x2c .pio\build\ota\libFrameworkArduino.a(main.cpp.o)
 .text.start_freertos_on_header_inclusion
                0x0000a6e8        0x2 .pio\build\ota\libFrameworkArduino.a(main.cpp.o)
                0x0000a6e8                start_freertos_on_header_inclusion
 .text.early_start_freertos_on_header_inclusion
                0x0000a6ea        0x2 .pio\build\ota\libFrameworkArduino.a(main.cpp.o)
                0x0000a6ea                early_start_freertos_on_header_inclusion
 .text._Z12arduino_mainv
                0x0000a6ec       0x94 .pio\build\ota\libFrameworkArduino.a(main.cpp.o)
                0x0000a6ec                arduino_main()
 .text._write   0x0000a780        0xc .pio\build\ota\libFrameworkArduino.a(main.cpp.o)
                0x0000a780                _write
 .text.hal_entry
                0x0000a78c        0x6 .pio\build\ota\libFrameworkArduino.a(main.cpp.o)
                0x0000a78c                hal_entry
 .text.atexit   0x0000a792        0x4 .pio\build\ota\libFrameworkArduino.a(main.cpp.o)
                0x0000a792                atexit
 .text.__cxa_pure_virtual
                0x0000a796        0x8 .pio\build\ota\libFrameworkArduino.a(main.cpp.o)
                0x0000a796                __cxa_pure_virtual
 *fill*         0x0000a79e        0x2 ff
 .text._Z13pinPeripheral19e_bsp_io_port_pin_tm
                0x0000a7a0       0x10 .pio\build\ota\libFrameworkArduino.a(pinDefinitions.cpp.o)
                0x0000a7a0                pinPeripheral(e_bsp_io_port_pin_t, unsigned long)
 .text._ZL21timer_micros_callbackP22st_timer_callback_args
                0x0000a7b0       0x10 .pio\build\ota\libFrameworkArduino.a(time.cpp.o)
 .text.delayMicroseconds
                0x0000a7c0        0x6 .pio\build\ota\libFrameworkArduino.a(time.cpp.o)
                0x0000a7c0                delayMicroseconds
 .text.yield    0x0000a7c6        0x2 .pio\build\ota\libFrameworkArduino.a(time.cpp.o)
                0x0000a7c6                yield
 .text.delay    0x0000a7c8       0x1c .pio\build\ota\libFrameworkArduino.a(time.cpp.o)
                0x0000a7c8                delay
 .text._Z8startAgtv
                0x0000a7e4       0x6c .pio\build\ota\libFrameworkArduino.a(time.cpp.o)
                0x0000a7e4                startAgt()
 .text.millis   0x0000a850        0xc .pio\build\ota\libFrameworkArduino.a(time.cpp.o)
                0x0000a850                millis
 .text.startup._GLOBAL__sub_I_delayMicroseconds
                0x0000a85c        0xc .pio\build\ota\libFrameworkArduino.a(time.cpp.o)
 .text.exit._GLOBAL__sub_D_delayMicroseconds
                0x0000a868        0xc .pio\build\ota\libFrameworkArduino.a(time.cpp.o)
 .text._Z10getPinCfgsh11PinCfgReq_t
                0x0000a874       0xe0 .pio\build\ota\libFrameworkArduino.a(variant_helper.cpp.o)
                0x0000a874                getPinCfgs(unsigned char, PinCfgReq_t)
 .text.dump_stack
                0x0000a954       0x7c .pio\build\ota\libFrameworkArduino.a(cm_backtrace.c.o)
 .text.cm_backtrace_init
                0x0000a9d0       0x74 .pio\build\ota\libFrameworkArduino.a(cm_backtrace.c.o)
                0x0000a9d0                cm_backtrace_init
 .text.cm_backtrace_firmware_info
                0x0000aa44       0x2c .pio\build\ota\libFrameworkArduino.a(cm_backtrace.c.o)
                0x0000aa44                cm_backtrace_firmware_info
 .text.cm_backtrace_call_stack
                0x0000aa70       0xe4 .pio\build\ota\libFrameworkArduino.a(cm_backtrace.c.o)
                0x0000aa70                cm_backtrace_call_stack
 .text.print_call_stack
                0x0000ab54       0x94 .pio\build\ota\libFrameworkArduino.a(cm_backtrace.c.o)
 .text.cm_backtrace_fault
                0x0000abe8      0x470 .pio\build\ota\libFrameworkArduino.a(cm_backtrace.c.o)
                0x0000abe8                cm_backtrace_fault
 .text.Stacktrace_Handler
                0x0000b058        0xa .pio\build\ota\libFrameworkArduino.a(cortex_handlers.c.o)
                0x0000b058                Stacktrace_Handler
 *fill*         0x0000b062        0x2 ff
 .text.r_spi_call_callback
                0x0000b064       0x40 C:\Users\ferna\.platformio\packages\framework-arduinorenesas-uno\variants\UNOWIFIR4\libs\libfsp.a(r_spi.o)
 .text.spi_rxi_isr
                0x0000b0a4       0x9c C:\Users\ferna\.platformio\packages\framework-arduinorenesas-uno\variants\UNOWIFIR4\libs\libfsp.a(r_spi.o)
                0x0000b0a4                spi_rxi_isr
 .text.spi_txi_isr
                0x0000b140       0xd8 C:\Users\ferna\.platformio\packages\framework-arduinorenesas-uno\variants\UNOWIFIR4\libs\libfsp.a(r_spi.o)
                0x0000b140                spi_txi_isr
 .text.spi_tei_isr
                0x0000b218       0xe0 C:\Users\ferna\.platformio\packages\framework-arduinorenesas-uno\variants\UNOWIFIR4\libs\libfsp.a(r_spi.o)
                0x0000b218                spi_tei_isr
 .text.spi_eri_isr
                0x0000b2f8       0xdc C:\Users\ferna\.platformio\packages\framework-arduinorenesas-uno\variants\UNOWIFIR4\libs\libfsp.a(r_spi.o)
                0x0000b2f8                spi_eri_isr
 .text.R_SCI_UART_Write
                0x0000b3d4       0xb0 C:\Users\ferna\.platformio\packages\framework-arduinorenesas-uno\variants\UNOWIFIR4\libs\libfsp.a(r_sci_uart.o)
                0x0000b3d4                R_SCI_UART_Write
 .text.R_SCI_UART_BaudSet
                0x0000b484       0x44 C:\Users\ferna\.platformio\packages\framework-arduinorenesas-uno\variants\UNOWIFIR4\libs\libfsp.a(r_sci_uart.o)
                0x0000b484                R_SCI_UART_BaudSet
 .text.R_SCI_UART_Close
                0x0000b4c8       0xd8 C:\Users\ferna\.platformio\packages\framework-arduinorenesas-uno\variants\UNOWIFIR4\libs\libfsp.a(r_sci_uart.o)
                0x0000b4c8                R_SCI_UART_Close
 .text.r_sci_uart_call_callback
                0x0000b5a0       0x44 C:\Users\ferna\.platformio\packages\framework-arduinorenesas-uno\variants\UNOWIFIR4\libs\libfsp.a(r_sci_uart.o)
 .text.r_sci_uart_transfer_configure.isra.0
                0x0000b5e4       0x38 C:\Users\ferna\.platformio\packages\framework-arduinorenesas-uno\variants\UNOWIFIR4\libs\libfsp.a(r_sci_uart.o)
 .text.R_SCI_UART_Open
                0x0000b61c      0x448 C:\Users\ferna\.platformio\packages\framework-arduinorenesas-uno\variants\UNOWIFIR4\libs\libfsp.a(r_sci_uart.o)
                0x0000b61c                R_SCI_UART_Open
 .text.R_SCI_UART_BaudCalculate
                0x0000ba64      0x184 C:\Users\ferna\.platformio\packages\framework-arduinorenesas-uno\variants\UNOWIFIR4\libs\libfsp.a(r_sci_uart.o)
                0x0000ba64                R_SCI_UART_BaudCalculate
 .text.sci_uart_txi_isr
                0x0000bbe8       0xec C:\Users\ferna\.platformio\packages\framework-arduinorenesas-uno\variants\UNOWIFIR4\libs\libfsp.a(r_sci_uart.o)
                0x0000bbe8                sci_uart_txi_isr
 .text.sci_uart_rxi_isr
                0x0000bcd4      0x184 C:\Users\ferna\.platformio\packages\framework-arduinorenesas-uno\variants\UNOWIFIR4\libs\libfsp.a(r_sci_uart.o)
                0x0000bcd4                sci_uart_rxi_isr
 .text.sci_uart_tei_isr
                0x0000be58       0x40 C:\Users\ferna\.platformio\packages\framework-arduinorenesas-uno\variants\UNOWIFIR4\libs\libfsp.a(r_sci_uart.o)
                0x0000be58                sci_uart_tei_isr
 .text.sci_uart_eri_isr
                0x0000be98       0x78 C:\Users\ferna\.platformio\packages\framework-arduinorenesas-uno\variants\UNOWIFIR4\libs\libfsp.a(r_sci_uart.o)
                0x0000be98                sci_uart_eri_isr
 .text.r_sci_spi_call_callback
                0x0000bf10       0x40 C:\Users\ferna\.platformio\packages\framework-arduinorenesas-uno\variants\UNOWIFIR4\libs\libfsp.a(r_sci_spi.o)
 .text.sci_spi_txi_isr
                0x0000bf50       0x68 C:\Users\ferna\.platformio\packages\framework-arduinorenesas-uno\variants\UNOWIFIR4\libs\libfsp.a(r_sci_spi.o)
                0x0000bf50                sci_spi_txi_isr
 .text.sci_spi_rxi_isr
                0x0000bfb8       0x74 C:\Users\ferna\.platformio\packages\framework-arduinorenesas-uno\variants\UNOWIFIR4\libs\libfsp.a(r_sci_spi.o)
                0x0000bfb8                sci_spi_rxi_isr
 .text.sci_spi_tei_isr
                0x0000c02c       0x3c C:\Users\ferna\.platformio\packages\framework-arduinorenesas-uno\variants\UNOWIFIR4\libs\libfsp.a(r_sci_spi.o)
                0x0000c02c                sci_spi_tei_isr
 .text.sci_spi_eri_isr
                0x0000c068       0x44 C:\Users\ferna\.platformio\packages\framework-arduinorenesas-uno\variants\UNOWIFIR4\libs\libfsp.a(r_sci_spi.o)
                0x0000c068                sci_spi_eri_isr
 .text.sci_i2c_enable_transfer_support_tx
                0x0000c0ac       0x34 C:\Users\ferna\.platformio\packages\framework-arduinorenesas-uno\variants\UNOWIFIR4\libs\libfsp.a(r_sci_i2c.o)
 .text.sci_i2c_notify
                0x0000c0e0       0x64 C:\Users\ferna\.platformio\packages\framework-arduinorenesas-uno\variants\UNOWIFIR4\libs\libfsp.a(r_sci_i2c.o)
                0x0000c0e0                sci_i2c_notify
 .text.sci_i2c_rxi_isr
                0x0000c144       0x20 C:\Users\ferna\.platformio\packages\framework-arduinorenesas-uno\variants\UNOWIFIR4\libs\libfsp.a(r_sci_i2c.o)
                0x0000c144                sci_i2c_rxi_isr
 .text.sci_i2c_txi_isr
                0x0000c164      0x198 C:\Users\ferna\.platformio\packages\framework-arduinorenesas-uno\variants\UNOWIFIR4\libs\libfsp.a(r_sci_i2c.o)
                0x0000c164                sci_i2c_txi_isr
 .text.sci_i2c_tei_isr
                0x0000c2fc       0xf0 C:\Users\ferna\.platformio\packages\framework-arduinorenesas-uno\variants\UNOWIFIR4\libs\libfsp.a(r_sci_i2c.o)
                0x0000c2fc                sci_i2c_tei_isr
 .text.rtc_alarm_periodic_isr
                0x0000c3ec       0x68 C:\Users\ferna\.platformio\packages\framework-arduinorenesas-uno\variants\UNOWIFIR4\libs\libfsp.a(r_rtc.o)
                0x0000c3ec                rtc_alarm_periodic_isr
 .text.rtc_carry_isr
                0x0000c454       0x2c C:\Users\ferna\.platformio\packages\framework-arduinorenesas-uno\variants\UNOWIFIR4\libs\libfsp.a(r_rtc.o)
                0x0000c454                rtc_carry_isr
 .text.R_IOPORT_PinWrite
                0x0000c480       0x20 C:\Users\ferna\.platformio\packages\framework-arduinorenesas-uno\variants\UNOWIFIR4\libs\libfsp.a(r_ioport.o)
                0x0000c480                R_IOPORT_PinWrite
 .text.bsp_vbatt_init
                0x0000c4a0       0xac C:\Users\ferna\.platformio\packages\framework-arduinorenesas-uno\variants\UNOWIFIR4\libs\libfsp.a(r_ioport.o)
 .text.R_IOPORT_PinCfg
                0x0000c54c       0xa8 C:\Users\ferna\.platformio\packages\framework-arduinorenesas-uno\variants\UNOWIFIR4\libs\libfsp.a(r_ioport.o)
                0x0000c54c                R_IOPORT_PinCfg
 .text.r_iic_slave_call_callback
                0x0000c5f4       0x3c C:\Users\ferna\.platformio\packages\framework-arduinorenesas-uno\variants\UNOWIFIR4\libs\libfsp.a(r_iic_slave.o)
 .text.iic_slave_initiate_transaction
                0x0000c630       0x74 C:\Users\ferna\.platformio\packages\framework-arduinorenesas-uno\variants\UNOWIFIR4\libs\libfsp.a(r_iic_slave.o)
 .text.iic_slave_rxi_isr
                0x0000c6a4      0x12c C:\Users\ferna\.platformio\packages\framework-arduinorenesas-uno\variants\UNOWIFIR4\libs\libfsp.a(r_iic_slave.o)
                0x0000c6a4                iic_slave_rxi_isr
 .text.iic_slave_txi_isr
                0x0000c7d0       0xa8 C:\Users\ferna\.platformio\packages\framework-arduinorenesas-uno\variants\UNOWIFIR4\libs\libfsp.a(r_iic_slave.o)
                0x0000c7d0                iic_slave_txi_isr
 .text.iic_slave_tei_isr
                0x0000c878       0x94 C:\Users\ferna\.platformio\packages\framework-arduinorenesas-uno\variants\UNOWIFIR4\libs\libfsp.a(r_iic_slave.o)
                0x0000c878                iic_slave_tei_isr
 .text.iic_slave_eri_isr
                0x0000c90c      0x10c C:\Users\ferna\.platformio\packages\framework-arduinorenesas-uno\variants\UNOWIFIR4\libs\libfsp.a(r_iic_slave.o)
                0x0000c90c                iic_slave_eri_isr
 .text.iic_master_notify
                0x0000ca18       0x3c C:\Users\ferna\.platformio\packages\framework-arduinorenesas-uno\variants\UNOWIFIR4\libs\libfsp.a(r_iic_master.o)
 .text.iic_master_open_hw_master
                0x0000ca54      0x184 C:\Users\ferna\.platformio\packages\framework-arduinorenesas-uno\variants\UNOWIFIR4\libs\libfsp.a(r_iic_master.o)
 .text.iic_master_rxi_isr
                0x0000cbd8      0x13c C:\Users\ferna\.platformio\packages\framework-arduinorenesas-uno\variants\UNOWIFIR4\libs\libfsp.a(r_iic_master.o)
                0x0000cbd8                iic_master_rxi_isr
 .text.iic_master_txi_isr
                0x0000cd14       0xec C:\Users\ferna\.platformio\packages\framework-arduinorenesas-uno\variants\UNOWIFIR4\libs\libfsp.a(r_iic_master.o)
                0x0000cd14                iic_master_txi_isr
 .text.iic_master_tei_isr
                0x0000ce00       0xc4 C:\Users\ferna\.platformio\packages\framework-arduinorenesas-uno\variants\UNOWIFIR4\libs\libfsp.a(r_iic_master.o)
                0x0000ce00                iic_master_tei_isr
 .text.iic_master_eri_isr
                0x0000cec4      0x140 C:\Users\ferna\.platformio\packages\framework-arduinorenesas-uno\variants\UNOWIFIR4\libs\libfsp.a(r_iic_master.o)
                0x0000cec4                iic_master_eri_isr
 .text.r_icu_isr
                0x0000d004       0x6c C:\Users\ferna\.platformio\packages\framework-arduinorenesas-uno\variants\UNOWIFIR4\libs\libfsp.a(r_icu.o)
                0x0000d004                r_icu_isr
 .text.R_GPT_Start
                0x0000d070        0xc C:\Users\ferna\.platformio\packages\framework-arduinorenesas-uno\variants\UNOWIFIR4\libs\libfsp.a(r_gpt.o)
                0x0000d070                R_GPT_Start
 .text.R_GPT_Enable
                0x0000d07c       0x30 C:\Users\ferna\.platformio\packages\framework-arduinorenesas-uno\variants\UNOWIFIR4\libs\libfsp.a(r_gpt.o)
                0x0000d07c                R_GPT_Enable
 .text.r_gpt_enable_irq
                0x0000d0ac       0x5c C:\Users\ferna\.platformio\packages\framework-arduinorenesas-uno\variants\UNOWIFIR4\libs\libfsp.a(r_gpt.o)
 .text.r_gpt_call_callback
                0x0000d108       0x3c C:\Users\ferna\.platformio\packages\framework-arduinorenesas-uno\variants\UNOWIFIR4\libs\libfsp.a(r_gpt.o)
 .text.gpt_calculate_duty_cycle.isra.0
                0x0000d144       0x78 C:\Users\ferna\.platformio\packages\framework-arduinorenesas-uno\variants\UNOWIFIR4\libs\libfsp.a(r_gpt.o)
 .text.R_GPT_Open
                0x0000d1bc      0x264 C:\Users\ferna\.platformio\packages\framework-arduinorenesas-uno\variants\UNOWIFIR4\libs\libfsp.a(r_gpt.o)
                0x0000d1bc                R_GPT_Open
 .text.R_GPT_Close
                0x0000d420       0xd4 C:\Users\ferna\.platformio\packages\framework-arduinorenesas-uno\variants\UNOWIFIR4\libs\libfsp.a(r_gpt.o)
                0x0000d420                R_GPT_Close
 .text.gpt_counter_overflow_isr
                0x0000d4f4       0x78 C:\Users\ferna\.platformio\packages\framework-arduinorenesas-uno\variants\UNOWIFIR4\libs\libfsp.a(r_gpt.o)
                0x0000d4f4                gpt_counter_overflow_isr
 .text.R_FLASH_LP_Close
                0x0000d56c       0x34 C:\Users\ferna\.platformio\packages\framework-arduinorenesas-uno\variants\UNOWIFIR4\libs\libfsp.a(r_flash_lp.o)
                0x0000d56c                R_FLASH_LP_Close
 .text.r_flash_lp_delay_us.constprop.0
                0x0000d5a0       0x18 C:\Users\ferna\.platformio\packages\framework-arduinorenesas-uno\variants\UNOWIFIR4\libs\libfsp.a(r_flash_lp.o)
 .text.r_flash_lp_pe_mode_exit
                0x0000d5b8       0x70 C:\Users\ferna\.platformio\packages\framework-arduinorenesas-uno\variants\UNOWIFIR4\libs\libfsp.a(r_flash_lp.o)
 .text.r_flash_lp_df_enter_pe_mode
                0x0000d628       0x94 C:\Users\ferna\.platformio\packages\framework-arduinorenesas-uno\variants\UNOWIFIR4\libs\libfsp.a(r_flash_lp.o)
 .text.r_flash_lp_setup
                0x0000d6bc      0x11c C:\Users\ferna\.platformio\packages\framework-arduinorenesas-uno\variants\UNOWIFIR4\libs\libfsp.a(r_flash_lp.o)
 .text.R_FLASH_LP_Open
                0x0000d7d8       0xa4 C:\Users\ferna\.platformio\packages\framework-arduinorenesas-uno\variants\UNOWIFIR4\libs\libfsp.a(r_flash_lp.o)
                0x0000d7d8                R_FLASH_LP_Open
 .text.R_DAC_Open
                0x0000d87c       0x88 C:\Users\ferna\.platformio\packages\framework-arduinorenesas-uno\variants\UNOWIFIR4\libs\libfsp.a(r_dac.o)
                0x0000d87c                R_DAC_Open
 .text.R_DAC_Write
                0x0000d904        0xc C:\Users\ferna\.platformio\packages\framework-arduinorenesas-uno\variants\UNOWIFIR4\libs\libfsp.a(r_dac.o)
                0x0000d904                R_DAC_Write
 .text.R_DAC_Start
                0x0000d910       0x30 C:\Users\ferna\.platformio\packages\framework-arduinorenesas-uno\variants\UNOWIFIR4\libs\libfsp.a(r_dac.o)
                0x0000d910                R_DAC_Start
 .text.R_DAC_Stop
                0x0000d940       0x34 C:\Users\ferna\.platformio\packages\framework-arduinorenesas-uno\variants\UNOWIFIR4\libs\libfsp.a(r_dac.o)
                0x0000d940                R_DAC_Stop
 .text.R_DAC_Close
                0x0000d974       0x40 C:\Users\ferna\.platformio\packages\framework-arduinorenesas-uno\variants\UNOWIFIR4\libs\libfsp.a(r_dac.o)
                0x0000d974                R_DAC_Close
 .text.r_can_call_callback
                0x0000d9b4       0x68 C:\Users\ferna\.platformio\packages\framework-arduinorenesas-uno\variants\UNOWIFIR4\libs\libfsp.a(r_can.o)
 .text.can_error_isr
                0x0000da1c       0xd4 C:\Users\ferna\.platformio\packages\framework-arduinorenesas-uno\variants\UNOWIFIR4\libs\libfsp.a(r_can.o)
                0x0000da1c                can_error_isr
 .text.can_rx_isr
                0x0000daf0      0x118 C:\Users\ferna\.platformio\packages\framework-arduinorenesas-uno\variants\UNOWIFIR4\libs\libfsp.a(r_can.o)
                0x0000daf0                can_rx_isr
 .text.can_tx_isr
                0x0000dc08       0xa0 C:\Users\ferna\.platformio\packages\framework-arduinorenesas-uno\variants\UNOWIFIR4\libs\libfsp.a(r_can.o)
                0x0000dc08                can_tx_isr
 .text.R_AGT_Start
                0x0000dca8       0x38 C:\Users\ferna\.platformio\packages\framework-arduinorenesas-uno\variants\UNOWIFIR4\libs\libfsp.a(r_agt.o)
                0x0000dca8                R_AGT_Start
 .text.R_AGT_Enable
                0x0000dce0       0x14 C:\Users\ferna\.platformio\packages\framework-arduinorenesas-uno\variants\UNOWIFIR4\libs\libfsp.a(r_agt.o)
                0x0000dce0                R_AGT_Enable
 .text.R_AGT_Close
                0x0000dcf4       0x84 C:\Users\ferna\.platformio\packages\framework-arduinorenesas-uno\variants\UNOWIFIR4\libs\libfsp.a(r_agt.o)
                0x0000dcf4                R_AGT_Close
 .text.R_AGT_Open
                0x0000dd78      0x118 C:\Users\ferna\.platformio\packages\framework-arduinorenesas-uno\variants\UNOWIFIR4\libs\libfsp.a(r_agt.o)
                0x0000dd78                R_AGT_Open
 .text.agt_int_isr
                0x0000de90       0x88 C:\Users\ferna\.platformio\packages\framework-arduinorenesas-uno\variants\UNOWIFIR4\libs\libfsp.a(r_agt.o)
                0x0000de90                agt_int_isr
 .text.R_ADC_ScanStart
                0x0000df18        0xc C:\Users\ferna\.platformio\packages\framework-arduinorenesas-uno\variants\UNOWIFIR4\libs\libfsp.a(r_adc.o)
                0x0000df18                R_ADC_ScanStart
 .text.R_ADC_StatusGet
                0x0000df24       0x10 C:\Users\ferna\.platformio\packages\framework-arduinorenesas-uno\variants\UNOWIFIR4\libs\libfsp.a(r_adc.o)
                0x0000df24                R_ADC_StatusGet
 .text.R_ADC_Read
                0x0000df34       0x10 C:\Users\ferna\.platformio\packages\framework-arduinorenesas-uno\variants\UNOWIFIR4\libs\libfsp.a(r_adc.o)
                0x0000df34                R_ADC_Read
 .text.R_ADC_ScanCfg
                0x0000df44      0x1a0 C:\Users\ferna\.platformio\packages\framework-arduinorenesas-uno\variants\UNOWIFIR4\libs\libfsp.a(r_adc.o)
                0x0000df44                R_ADC_ScanCfg
 .text.R_ADC_Open
                0x0000e0e4      0x240 C:\Users\ferna\.platformio\packages\framework-arduinorenesas-uno\variants\UNOWIFIR4\libs\libfsp.a(r_adc.o)
                0x0000e0e4                R_ADC_Open
 .text.R_ADC_Close
                0x0000e324       0xfc C:\Users\ferna\.platformio\packages\framework-arduinorenesas-uno\variants\UNOWIFIR4\libs\libfsp.a(r_adc.o)
                0x0000e324                R_ADC_Close
 .text.bsp_prv_software_delay_loop
                0x0000e420        0xc C:\Users\ferna\.platformio\packages\framework-arduinorenesas-uno\variants\UNOWIFIR4\libs\libfsp.a(bsp_delay.o)
                0x0000e420                bsp_prv_software_delay_loop
 .text.R_BSP_SoftwareDelay
                0x0000e42c       0x5c C:\Users\ferna\.platformio\packages\framework-arduinorenesas-uno\variants\UNOWIFIR4\libs\libfsp.a(bsp_delay.o)
                0x0000e42c                R_BSP_SoftwareDelay
 .text.bsp_irq_cfg
                0x0000e488       0x2c C:\Users\ferna\.platformio\packages\framework-arduinorenesas-uno\variants\UNOWIFIR4\libs\libfsp.a(bsp_irq.o)
                0x0000e488                bsp_irq_cfg
 .text.R_BSP_RegisterProtectEnable