Archive member included to satisfy reference by file (symbol)

.pio\build\ota\lib173\libSPI.a(SPI.cpp.o)
                              .pio\build\ota\src\main.cpp.o (SPI)
.pio\build\ota\lib523\libSparkFun BNO08x Cortex Based IMU.a(SparkFun_BNO08x_Arduino_Library.cpp.o)
                              .pio\build\ota\src\main.cpp.o (BNO08x::beginSPI(unsigned char, unsigned char, unsigned char, unsigned long, arduino::HardwareSPI&))
.pio\build\ota\lib523\libSparkFun BNO08x Cortex Based IMU.a(sh2.c.o)
                              .pio\build\ota\lib523\libSparkFun BNO08x Cortex Based IMU.a(SparkFun_BNO08x_Arduino_Library.cpp.o) (sh2_open)
.pio\build\ota\lib523\libSparkFun BNO08x Cortex Based IMU.a(sh2_SensorValue.c.o)
                              .pio\build\ota\lib523\libSparkFun BNO08x Cortex Based IMU.a(SparkFun_BNO08x_Arduino_Library.cpp.o) (sh2_decodeSensorEvent)
.pio\build\ota\lib523\libSparkFun BNO08x Cortex Based IMU.a(sh2_util.c.o)
                              .pio\build\ota\lib523\libSparkFun BNO08x Cortex Based IMU.a(sh2_SensorValue.c.o) (readu16)
.pio\build\ota\lib523\libSparkFun BNO08x Cortex Based IMU.a(shtp.c.o)
                              .pio\build\ota\lib523\libSparkFun BNO08x Cortex Based IMU.a(sh2.c.o) (shtp_close)
.pio\build\ota\lib5de\libWiFiS3.a(WiFi.cpp.o)
                              .pio\build\ota\src\main.cpp.o (CWifi::status())
.pio\build\ota\lib5de\libWiFiS3.a(WiFiClient.cpp.o)
                              .pio\build\ota\src\main.cpp.o (WiFiClient::~WiFiClient())
.pio\build\ota\lib5de\libWiFiS3.a(WiFiServer.cpp.o)
                              .pio\build\ota\src\main.cpp.o (WiFiServer::WiFiServer(int))
.pio\build\ota\lib5de\libWiFiS3.a(WiFiUdp.cpp.o)
                              .pio\build\ota\src\main.cpp.o (WiFiUDP::WiFiUDP())
.pio\build\ota\lib5de\libWiFiS3.a(Modem.cpp.o)
                              .pio\build\ota\lib5de\libWiFiS3.a(WiFiClient.cpp.o) (ModemClass::write_nowait(std::__cxx11::basic_string<char, std::char_traits<char>, std::allocator<char> > const&, std::__cxx11::basic_string<char, std::char_traits<char>, std::allocator<char> >&, char const*, ...))
.pio\build\ota\lib541\libArduinoOTA.a(InternalStorageRenesas.cpp.o)
                              .pio\build\ota\src\main.cpp.o (InternalStorage)
.pio\build\ota\lib541\libArduinoOTA.a(OTAStorage.cpp.o)
                              .pio\build\ota\lib541\libArduinoOTA.a(InternalStorageRenesas.cpp.o) (OTAStorage::OTAStorage())
.pio\build\ota\lib541\libArduinoOTA.a(WiFiOTA.cpp.o)
                              .pio\build\ota\src\main.cpp.o (WiFiOTAClass::WiFiOTAClass())
.pio\build\ota\lib541\libArduinoOTA.a(r_flash_lp_cf.c.o)
                              .pio\build\ota\lib541\libArduinoOTA.a(InternalStorageRenesas.cpp.o) (r_flash_lp_cf_erase)
.pio\build\ota\libFrameworkArduinoVariant.a(common_data.c.o)
                              .pio\build\ota\lib173\libSPI.a(SPI.cpp.o) (g_ioport_ctrl)
.pio\build\ota\libFrameworkArduinoVariant.a(main.c.o)
                              c:/users/ferna/.platformio/packages/toolchain-gccarmnoneeabi/bin/../lib/gcc/arm-none-eabi/7.2.1/../../../../arm-none-eabi/lib/thumb/v7e-m/fpv4-sp/hard/crt0.o (main)
.pio\build\ota\libFrameworkArduinoVariant.a(pin_data.c.o)
                              .pio\build\ota\libFrameworkArduinoVariant.a(common_data.c.o) (g_bsp_pin_cfg)
.pio\build\ota\libFrameworkArduinoVariant.a(variant.cpp.o)
                              .pio\build\ota\lib173\libSPI.a(SPI.cpp.o) (PINCOUNT_fn)
.pio\build\ota\libFrameworkArduino.a(FspTimer.cpp.o)
                              .pio\build\ota\libFrameworkArduinoVariant.a(variant.cpp.o) (FspTimer::gpt_used_channel)
.pio\build\ota\libFrameworkArduino.a(IRQManager.cpp.o)
                              .pio\build\ota\lib173\libSPI.a(SPI.cpp.o) (IRQManager::getInstance())
.pio\build\ota\libFrameworkArduino.a(Interrupts.cpp.o)
                              .pio\build\ota\src\main.cpp.o (digitalPinToInterrupt(unsigned char))
.pio\build\ota\libFrameworkArduino.a(Serial.cpp.o)
                              .pio\build\ota\src\main.cpp.o (UART::operator bool())
.pio\build\ota\libFrameworkArduino.a(SerialObj1.cpp.o)
                              .pio\build\ota\src\main.cpp.o (_UART1_)
.pio\build\ota\libFrameworkArduino.a(SerialObj3.cpp.o)
                              .pio\build\ota\lib5de\libWiFiS3.a(Modem.cpp.o) (_UART3_)
.pio\build\ota\libFrameworkArduino.a(analog.cpp.o)
                              .pio\build\ota\libFrameworkArduino.a(FspTimer.cpp.o) (__get_timer_for_channel(int))
.pio\build\ota\libFrameworkArduino.a(Common.cpp.o)
                              .pio\build\ota\libFrameworkArduino.a(analog.cpp.o) (map(long, long, long, long, long))
.pio\build\ota\libFrameworkArduino.a(IPAddress.cpp.o)
                              .pio\build\ota\lib5de\libWiFiS3.a(WiFi.cpp.o) (arduino::IPAddress::IPAddress())
.pio\build\ota\libFrameworkArduino.a(Print.cpp.o)
[...]
Memory Configuration

Name             Origin             Length             Attributes
FLASH            0x00004000         0x0003c000         xr
RAM              0x20000000         0x00008000         xrw
DATA_FLASH       0x40100000         0x00002000         xr
OPTION_SETTING   0x00000000         0x00000000         r
OPTION_SETTING_S 0x00000000         0x00000000         r
ID_CODE          0x01010018         0x00000020         xr
*default*        0x00000000         0xffffffff

Linker script and memory map

LOAD c:/users/ferna/.platformio/packages/toolchain-gccarmnoneeabi/bin/../lib/gcc/arm-none-eabi/7.2.1/thumb/v7e-m/fpv4-sp/hard/crti.o
LOAD c:/users/ferna/.platformio/packages/toolchain-gccarmnoneeabi/bin/../lib/gcc/arm-none-eabi/7.2.1/thumb/v7e-m/fpv4-sp/hard/crtbegin.o
LOAD c:/users/ferna/.platformio/packages/toolchain-gccarmnoneeabi/bin/../lib/gcc/arm-none-eabi/7.2.1/../../../../arm-none-eabi/lib/thumb/v7e-m/fpv4-sp/hard/crt0.o
LOAD .pio\build\ota\src\main.cpp.o
START GROUP
LOAD .pio\build\ota\lib173\libSPI.a
LOAD .pio\build\ota\libfa3\libWire.a
LOAD .pio\build\ota\lib523\libSparkFun BNO08x Cortex Based IMU.a
LOAD .pio\build\ota\lib5de\libWiFiS3.a
LOAD .pio\build\ota\lib541\libArduinoOTA.a
LOAD .pio\build\ota\libFrameworkArduinoVariant.a
LOAD .pio\build\ota\libFrameworkArduino.a
LOAD C:\Users\ferna\.platformio\packages\framework-arduinorenesas-uno\variants\UNOWIFIR4\libs\libfsp.a
LOAD c:/users/ferna/.platformio/packages/toolchain-gccarmnoneeabi/bin/../lib/gcc/arm-none-eabi/7.2.1/../../../../arm-none-eabi/lib/thumb/v7e-m/fpv4-sp/hard\libstdc++_nano.a
LOAD c:/users/ferna/.platformio/packages/toolchain-gccarmnoneeabi/bin/../lib/gcc/arm-none-eabi/7.2.1/../../../../arm-none-eabi/lib/thumb/v7e-m/fpv4-sp/hard\libsupc++_nano.a
LOAD c:/users/ferna/.platformio/packages/toolchain-gccarmnoneeabi/bin/../lib/gcc/arm-none-eabi/7.2.1/thumb/v7e-m/fpv4-sp/hard\libgcc.a
LOAD c:/users/ferna/.platformio/packages/toolchain-gccarmnoneeabi/bin/../lib/gcc/arm-none-eabi/7.2.1/../../../../arm-none-eabi/lib/thumb/v7e-m/fpv4-sp/hard\libnosys.a
END GROUP
LOAD c:/users/ferna/.platformio/packages/toolchain-gccarmnoneeabi/bin/../lib/gcc/arm-none-eabi/7.2.1/../../../../arm-none-eabi/lib/thumb/v7e-m/fpv4-sp/hard\libstdc++_nano.a
LOAD c:/users/ferna/.platformio/packages/toolchain-gccarmnoneeabi/bin/../lib/gcc/arm-none-eabi/7.2.1/../../../../arm-none-eabi/lib/thumb/v7e-m/fpv4-sp/hard\libm.a
LOAD c:/users/ferna/.platformio/packages/toolchain-gccarmnoneeabi/bin/../lib/gcc/arm-none-eabi/7.2.1/../../../../arm-none-eabi/lib/thumb/v7e-m/fpv4-sp/hard\libc_nano.a
START GROUP
LOAD c:/users/ferna/.platformio/packages/toolchain-gccarmnoneeabi/bin/../lib/gcc/arm-none-eabi/7.2.1/thumb/v7e-m/fpv4-sp/hard\libgcc.a
LOAD c:/users/ferna/.platformio/packages/toolchain-gccarmnoneeabi/bin/../lib/gcc/arm-none-eabi/7.2.1/../../../../arm-none-eabi/lib/thumb/v7e-m/fpv4-sp/hard\libc_nano.a
END GROUP
START GROUP
LOAD c:/users/ferna/.platformio/packages/toolchain-gccarmnoneeabi/bin/../lib/gcc/arm-none-eabi/7.2.1/thumb/v7e-m/fpv4-sp/hard\libgcc.a
LOAD c:/users/ferna/.platformio/packages/toolchain-gccarmnoneeabi/bin/../lib/gcc/arm-none-eabi/7.2.1/../../../../arm-none-eabi/lib/thumb/v7e-m/fpv4-sp/hard\libc_nano.a
LOAD c:/users/ferna/.platformio/packages/toolchain-gccarmnoneeabi/bin/../lib/gcc/arm-none-eabi/7.2.1/../../../../arm-none-eabi/lib/thumb/v7e-m/fpv4-sp/hard\libnosys.a
END GROUP
START GROUP
LOAD c:/users/ferna/.platformio/packages/toolchain-gccarmnoneeabi/bin/../lib/gcc/arm-none-eabi/7.2.1/thumb/v7e-m/fpv4-sp/hard\libgcc.a
LOAD c:/users/ferna/.platformio/packages/toolchain-gccarmnoneeabi/bin/../lib/gcc/arm-none-eabi/7.2.1/../../../../arm-none-eabi/lib/thumb/v7e-m/fpv4-sp/hard\libc_nano.a
LOAD c:/users/ferna/.platformio/packages/toolchain-gccarmnoneeabi/bin/../lib/gcc/arm-none-eabi/7.2.1/../../../../arm-none-eabi/lib/thumb/v7e-m/fpv4-sp/hard\libnosys.a
END GROUP
LOAD c:/users/ferna/.platformio/packages/toolchain-gccarmnoneeabi/bin/../lib/gcc/arm-none-eabi/7.2.1/thumb/v7e-m/fpv4-sp/hard/crtend.o
LOAD c:/users/ferna/.platformio/packages/toolchain-gccarmnoneeabi/bin/../lib/gcc/arm-none-eabi/7.2.1/thumb/v7e-m/fpv4-sp/hard/crtn.o
                0x20000000                RAM_START = 0x20000000
                0x00008000                RAM_LENGTH = 0x8000
                0x00000000                FLASH_START = 0x0
                0x00040000                FLASH_LENGTH = 0x40000
                0x40100000                DATA_FLASH_START = 0x40100000
                0x00002000                DATA_FLASH_LENGTH = 0x2000
                0x00000000                OPTION_SETTING_START = 0x0
                0x00000000                OPTION_SETTING_LENGTH = 0x0
                0x00000000                OPTION_SETTING_S_START = 0x0
                0x00000000                OPTION_SETTING_S_LENGTH = 0x0
                0x01010018                ID_CODE_START = 0x1010018
                0x00000020                ID_CODE_LENGTH = 0x20
                0x90000000                SDRAM_START = 0x90000000
                0x00000000                SDRAM_LENGTH = 0x0
                0x60000000                QSPI_FLASH_START = 0x60000000
                0x00000000                QSPI_FLASH_LENGTH = 0x0
                0x68000000                OSPI_DEVICE_0_START = 0x68000000
                0x00000000                OSPI_DEVICE_0_LENGTH = 0x0
                0x70000000                OSPI_DEVICE_1_START = 0x70000000
                0x00000000                OSPI_DEVICE_1_LENGTH = 0x0
                0x00004000                FLASH_IMAGE_START = 0x4000
                0x00000100                VECTOR_TABLE_LENGTH = 0x100
                0x00000400                BSP_CFG_STACK_MAIN_BYTES = 0x400
START GROUP
LOAD c:/users/ferna/.platformio/packages/toolchain-gccarmnoneeabi/bin/../lib/gcc/arm-none-eabi/7.2.1/thumb/v7e-m/fpv4-sp/hard\libgcc.a
LOAD c:/users/ferna/.platformio/packages/toolchain-gccarmnoneeabi/bin/../lib/gcc/arm-none-eabi/7.2.1/../../../../arm-none-eabi/lib/thumb/v7e-m/fpv4-sp/hard\libc.a
LOAD c:/users/ferna/.platformio/packages/toolchain-gccarmnoneeabi/bin/../lib/gcc/arm-none-eabi/7.2.1/../../../../arm-none-eabi/lib/thumb/v7e-m/fpv4-sp/hard\libm.a
LOAD c:/users/ferna/.platformio/packages/toolchain-gccarmnoneeabi/bin/../lib/gcc/arm-none-eabi/7.2.1/../../../../arm-none-eabi/lib/thumb/v7e-m/fpv4-sp/hard\libnosys.a
END GROUP

.text           0x00004000    0x1308c
                0x00000000                __tz_FLASH_S = ABSOLUTE (FLASH_START)
                0x00004000                __ROM_Start = .
 *(.sketch_boot)
                0x00004000                . = ALIGN (0x800)
 *(.fixed_vectors*)
 .fixed_vectors
                0x00004000       0x40 C:\Users\ferna\.platformio\packages\framework-arduinorenesas-uno\variants\UNOWIFIR4\libs\libfsp.a(startup.o)
                0x00004000                __Vectors
 *(.application_vectors*)
 .application_vectors
                0x00004040       0x80 .pio\build\ota\libFrameworkArduino.a(vector_table.c.o)
                0x00004040                g_vector_table
                0x000040c0                __Vectors_End = .
 *(.text*)
 .text          0x000040c0       0x40 c:/users/ferna/.platformio/packages/toolchain-gccarmnoneeabi/bin/../lib/gcc/arm-none-eabi/7.2.1/thumb/v7e-m/fpv4-sp/hard/crtbegin.o
 .text._ZL12int_assertedv
                0x00004100       0x14 .pio\build\ota\src\main.cpp.o
 .text._ZL7e2e_isrv
                0x00004114       0x1c .pio\build\ota\src\main.cpp.o
 .text._Z11init_bno086v
                0x00004130       0xd4 .pio\build\ota\src\main.cpp.o
                0x00004130                init_bno086()
 .text._Z10print_menuv
                0x00004204       0x80 .pio\build\ota\src\main.cpp.o
                0x00004204                print_menu()
 .text._Z22run_test1_grv_dataratev
                0x00004284      0x188 .pio\build\ota\src\main.cpp.o
                0x00004284                run_test1_grv_datarate()
 .text._Z27run_test1_grv_datarate_fullv
                0x0000440c      0x180 .pio\build\ota\src\main.cpp.o
                0x0000440c                run_test1_grv_datarate_full()
 .text._Z21run_test4_spi_latencyv
                0x0000458c      0x154 .pio\build\ota\src\main.cpp.o
                0x0000458c                run_test4_spi_latency()
 .text._Z21run_test6_e2e_latencyv
                0x000046e0      0x170 .pio\build\ota\src\main.cpp.o
                0x000046e0                run_test6_e2e_latency()
 .text._Z15run_test5_noisev
                0x00004850      0x454 .pio\build\ota\src\main.cpp.o
                0x00004850                run_test5_noise()
 .text._Z22run_test3_static_driftv
                0x00004ca4      0x208 .pio\build\ota\src\main.cpp.o
                0x00004ca4                run_test3_static_drift()
 .text._ZN15ArduinoOTAClassI10WiFiServer10WiFiClientE4pollEv
                0x00004eac       0x22 .pio\build\ota\src\main.cpp.o
                0x00004eac                ArduinoOTAClass<WiFiServer, WiFiClient>::poll()
 *fill*         0x00004ece        0x2 ff
 .text.startup._GLOBAL__sub_I_ArduinoOTA
                0x00004ed0       0x64 .pio\build\ota\src\main.cpp.o
 .text.exit._GLOBAL__sub_D_ArduinoOTA
                0x00004f34       0x2c .pio\build\ota\src\main.cpp.o
 .text.setup    0x00004f60      0x11c .pio\build\ota\src\main.cpp.o
                0x00004f60                setup
 .text.loop     0x0000507c       0x9c .pio\build\ota\src\main.cpp.o
                0x0000507c                loop
 .text._ZN7arduino10ArduinoSPI14usingInterruptEi
                0x00005118        0x2 .pio\build\ota\lib173\libSPI.a(SPI.cpp.o)
                0x00005118                arduino::ArduinoSPI::usingInterrupt(int)
 .text._ZN7arduino10ArduinoSPI17notUsingInterruptEi
                0x0000511a        0x2 .pio\build\ota\lib173\libSPI.a(SPI.cpp.o)
                0x0000511a                arduino::ArduinoSPI::notUsingInterrupt(int)
 .text._ZN7arduino10ArduinoSPI14endTransactionEv
                0x0000511c        0x2 .pio\build\ota\lib173\libSPI.a(SPI.cpp.o)
                0x0000511c                arduino::ArduinoSPI::endTransaction()
 .text._ZN7arduino10ArduinoSPI15attachInterruptEv
                0x0000511e        0x2 .pio\build\ota\lib173\libSPI.a(SPI.cpp.o)
                0x0000511e                arduino::ArduinoSPI::attachInterrupt()
 .text._ZN7arduino10ArduinoSPI15detachInterruptEv
                0x00005120        0x2 .pio\build\ota\lib173\libSPI.a(SPI.cpp.o)
                0x00005120                arduino::ArduinoSPI::detachInterrupt()
 .text._ZN7arduino10ArduinoSPI3endEv
                0x00005122       0x1c .pio\build\ota\lib173\libSPI.a(SPI.cpp.o)
                0x00005122                arduino::ArduinoSPI::end()
 .text._ZN7arduino10ArduinoSPI10transfer16Et
                0x0000513e       0x44 .pio\build\ota\lib173\libSPI.a(SPI.cpp.o)
                0x0000513e                arduino::ArduinoSPI::transfer16(unsigned short)
 *fill*         0x00005182        0x2 ff
 .text.sci_spi_callback
                0x00005184       0x18 .pio\build\ota\lib173\libSPI.a(SPI.cpp.o)
                0x00005184                sci_spi_callback
 .text._ZN7arduino10ArduinoSPID2Ev
                0x0000519c        0x2 .pio\build\ota\lib173\libSPI.a(SPI.cpp.o)
                0x0000519c                arduino::ArduinoSPI::~ArduinoSPI()
                0x0000519c                arduino::ArduinoSPI::~ArduinoSPI()
 *fill*         0x0000519e        0x2 ff
 .text._ZN7arduino10ArduinoSPI8transferEh
                0x000051a0       0x80 .pio\build\ota\lib173\libSPI.a(SPI.cpp.o)
                0x000051a0                arduino::ArduinoSPI::transfer(unsigned char)
 .text._ZN7arduino10ArduinoSPI8transferEPvj
                0x00005220      0x128 .pio\build\ota\lib173\libSPI.a(SPI.cpp.o)
                0x00005220                arduino::ArduinoSPI::transfer(void*, unsigned int)
 .text._ZN7arduino10ArduinoSPID0Ev
                0x00005348        0xe .pio\build\ota\lib173\libSPI.a(SPI.cpp.o)
                0x00005348                arduino::ArduinoSPI::~ArduinoSPI()
 *fill*         0x00005356        0x2 ff
 .text._ZN7arduino10ArduinoSPIC2Eiiih
                0x00005358       0x54 .pio\build\ota\lib173\libSPI.a(SPI.cpp.o)
                0x00005358                arduino::ArduinoSPI::ArduinoSPI(int, int, int, unsigned char)
                0x00005358                arduino::ArduinoSPI::ArduinoSPI(int, int, int, unsigned char)
 .text._ZN7arduino10ArduinoSPI8cfg_pinsEiiiih
                0x000053ac      0x1d4 .pio\build\ota\lib173\libSPI.a(SPI.cpp.o)
                0x000053ac                arduino::ArduinoSPI::cfg_pins(int, int, int, int, unsigned char)
 .text._ZN7arduino10ArduinoSPI14toFspSpiConfigERKNS_11SPISettingsE
                0x00005580       0x38 .pio\build\ota\lib173\libSPI.a(SPI.cpp.o)
                0x00005580                arduino::ArduinoSPI::toFspSpiConfig(arduino::SPISettings const&)
 .text._ZN7arduino10ArduinoSPI9configSpiERKNS_11SPISettingsE
                0x000055b8      0x10c .pio\build\ota\lib173\libSPI.a(SPI.cpp.o)
                0x000055b8                arduino::ArduinoSPI::configSpi(arduino::SPISettings const&)
 .text._ZN7arduino10ArduinoSPI12configSpiSciERKNS_11SPISettingsE
                0x000056c4       0x62 .pio\build\ota\lib173\libSPI.a(SPI.cpp.o)
                0x000056c4                arduino::ArduinoSPI::configSpiSci(arduino::SPISettings const&)
 .text._ZN7arduino10ArduinoSPI17configSpiSettingsERKNS_11SPISettingsE
                0x00005726        0xe .pio\build\ota\lib173\libSPI.a(SPI.cpp.o)
                0x00005726                arduino::ArduinoSPI::configSpiSettings(arduino::SPISettings const&)
 .text._ZN7arduino10ArduinoSPI5beginEv
                0x00005734      0x158 .pio\build\ota\lib173\libSPI.a(SPI.cpp.o)
                0x00005734                arduino::ArduinoSPI::begin()
 .text._ZN7arduino10ArduinoSPI16beginTransactionENS_11SPISettingsE
                0x0000588c       0x3c .pio\build\ota\lib173\libSPI.a(SPI.cpp.o)
                0x0000588c                arduino::ArduinoSPI::beginTransaction(arduino::SPISettings)
 .text.startup._GLOBAL__sub_I__ZN7arduino10ArduinoSPIC2Eiiih
                0x000058c8       0x1c .pio\build\ota\lib173\libSPI.a(SPI.cpp.o)
 .text._ZL12hal_callbackPvP14sh2_AsyncEvent
                0x000058e4       0x10 .pio\build\ota\lib523\libSparkFun BNO08x Cortex Based IMU.a(SparkFun_BNO08x_Arduino_Library.cpp.o)
 .text._ZL13hal_getTimeUsP9sh2_Hal_s
                0x000058f4        0xe .pio\build\ota\lib523\libSparkFun BNO08x Cortex Based IMU.a(SparkFun_BNO08x_Arduino_Library.cpp.o)
 *fill*         0x00005902        0x2 ff
 .text._ZL17hal_hardwareResetv
                0x00005904       0x48 .pio\build\ota\lib523\libSparkFun BNO08x Cortex Based IMU.a(SparkFun_BNO08x_Arduino_Library.cpp.o)
 .text._ZL16hal_wait_for_intv
                0x0000594c       0x2c .pio\build\ota\lib523\libSparkFun BNO08x Cortex Based IMU.a(SparkFun_BNO08x_Arduino_Library.cpp.o)
 .text._ZL11spihal_openP9sh2_Hal_s
                0x00005978        0xa .pio\build\ota\lib523\libSparkFun BNO08x Cortex Based IMU.a(SparkFun_BNO08x_Arduino_Library.cpp.o)
 *fill*         0x00005982        0x2 ff
 .text._ZL13sensorHandlerPvP15sh2_SensorEvent
                0x00005984       0x1c .pio\build\ota\lib523\libSparkFun BNO08x Cortex Based IMU.a(SparkFun_BNO08x_Arduino_Library.cpp.o)
 .text._ZL12spihal_writeP9sh2_Hal_sPhj
                0x000059a0       0x74 .pio\build\ota\lib523\libSparkFun BNO08x Cortex Based IMU.a(SparkFun_BNO08x_Arduino_Library.cpp.o)
 .text._ZN6BNO08x5_initEl
                0x00005a14       0x44 .pio\build\ota\lib523\libSparkFun BNO08x Cortex Based IMU.a(SparkFun_BNO08x_Arduino_Library.cpp.o)
                0x00005a14                BNO08x::_init(long)
 .text._ZL8spi_readPhjh.constprop.10
                0x00005a58       0x6c .pio\build\ota\lib523\libSparkFun BNO08x Cortex Based IMU.a(SparkFun_BNO08x_Arduino_Library.cpp.o)
 .text._ZL11spihal_readP9sh2_Hal_sPhjPm
                0x00005ac4       0x44 .pio\build\ota\lib523\libSparkFun BNO08x Cortex Based IMU.a(SparkFun_BNO08x_Arduino_Library.cpp.o)
 .text._ZL12spihal_closeP9sh2_Hal_s
                0x00005b08        0x2 .pio\build\ota\lib523\libSparkFun BNO08x Cortex Based IMU.a(SparkFun_BNO08x_Arduino_Library.cpp.o)
 *fill*         0x00005b0a        0x2 ff
 .text._ZN6BNO08x8beginSPIEhhhmRN7arduino11HardwareSPIE
                0x00005b0c       0xac .pio\build\ota\lib523\libSparkFun BNO08x Cortex Based IMU.a(SparkFun_BNO08x_Arduino_Library.cpp.o)
                0x00005b0c                BNO08x::beginSPI(unsigned char, unsigned char, unsigned char, unsigned long, arduino::HardwareSPI&)
 .text._ZN6BNO08x15getQuatAccuracyEv
                0x00005bb8        0xc .pio\build\ota\lib523\libSparkFun BNO08x Cortex Based IMU.a(SparkFun_BNO08x_Arduino_Library.cpp.o)
                0x00005bb8                BNO08x::getQuatAccuracy()
 .text._ZN6BNO08x12getGameQuatIEv
                0x00005bc4       0x10 .pio\build\ota\lib523\libSparkFun BNO08x Cortex Based IMU.a(SparkFun_BNO08x_Arduino_Library.cpp.o)
                0x00005bc4                BNO08x::getGameQuatI()
 .text._ZN6BNO08x12getGameQuatJEv
                0x00005bd4       0x10 .pio\build\ota\lib523\libSparkFun BNO08x Cortex Based IMU.a(SparkFun_BNO08x_Arduino_Library.cpp.o)
                0x00005bd4                BNO08x::getGameQuatJ()
 .text._ZN6BNO08x12getGameQuatKEv
                0x00005be4       0x10 .pio\build\ota\lib523\libSparkFun BNO08x Cortex Based IMU.a(SparkFun_BNO08x_Arduino_Library.cpp.o)
                0x00005be4                BNO08x::getGameQuatK()
 .text._ZN6BNO08x15getGameQuatRealEv
                0x00005bf4       0x10 .pio\build\ota\lib523\libSparkFun BNO08x Cortex Based IMU.a(SparkFun_BNO08x_Arduino_Library.cpp.o)
                0x00005bf4                BNO08x::getGameQuatReal()
 .text._ZN6BNO08x12getTimeStampEv
                0x00005c04       0x10 .pio\build\ota\lib523\libSparkFun BNO08x Cortex Based IMU.a(SparkFun_BNO08x_Arduino_Library.cpp.o)
                0x00005c04                BNO08x::getTimeStamp()
 .text._ZN6BNO08x12getRawAccelXEv
                0x00005c14       0x10 .pio\build\ota\lib523\libSparkFun BNO08x Cortex Based IMU.a(SparkFun_BNO08x_Arduino_Library.cpp.o)
                0x00005c14                BNO08x::getRawAccelX()
 .text._ZN6BNO08x12getRawAccelYEv
                0x00005c24       0x10 .pio\build\ota\lib523\libSparkFun BNO08x Cortex Based IMU.a(SparkFun_BNO08x_Arduino_Library.cpp.o)
                0x00005c24                BNO08x::getRawAccelY()
 .text._ZN6BNO08x12getRawAccelZEv
                0x00005c34       0x10 .pio\build\ota\lib523\libSparkFun BNO08x Cortex Based IMU.a(SparkFun_BNO08x_Arduino_Library.cpp.o)
                0x00005c34                BNO08x::getRawAccelZ()
 .text._ZN6BNO08x11getRawGyroXEv
                0x00005c44       0x10 .pio\build\ota\lib523\libSparkFun BNO08x Cortex Based IMU.a(SparkFun_BNO08x_Arduino_Library.cpp.o)
                0x00005c44                BNO08x::getRawGyroX()
 .text._ZN6BNO08x11getRawGyroYEv
                0x00005c54       0x10 .pio\build\ota\lib523\libSparkFun BNO08x Cortex Based IMU.a(SparkFun_BNO08x_Arduino_Library.cpp.o)
                0x00005c54                BNO08x::getRawGyroY()
 .text._ZN6BNO08x11getRawGyroZEv
                0x00005c64       0x10 .pio\build\ota\lib523\libSparkFun BNO08x Cortex Based IMU.a(SparkFun_BNO08x_Arduino_Library.cpp.o)
                0x00005c64                BNO08x::getRawGyroZ()
 .text._ZN6BNO08x8wasResetEv
                0x00005c74       0x10 .pio\build\ota\lib523\libSparkFun BNO08x Cortex Based IMU.a(SparkFun_BNO08x_Arduino_Library.cpp.o)
                0x00005c74                BNO08x::wasReset()
 .text._ZN6BNO08x14getSensorEventEv
                0x00005c84       0x38 .pio\build\ota\lib523\libSparkFun BNO08x Cortex Based IMU.a(SparkFun_BNO08x_Arduino_Library.cpp.o)
                0x00005c84                BNO08x::getSensorEvent()
 .text._ZN6BNO08x12enableReportEhmm
                0x00005cbc       0x44 .pio\build\ota\lib523\libSparkFun BNO08x Cortex Based IMU.a(SparkFun_BNO08x_Arduino_Library.cpp.o)
                0x00005cbc                BNO08x::enableReport(unsigned char, unsigned long, unsigned long)
 .text._ZN6BNO08x24enableGameRotationVectorEt
                0x00005d00       0x14 .pio\build\ota\lib523\libSparkFun BNO08x Cortex Based IMU.a(SparkFun_BNO08x_Arduino_Library.cpp.o)
                0x00005d00                BNO08x::enableGameRotationVector(unsigned short)
 .text._ZN6BNO08x22enableRawAccelerometerEt
                0x00005d14       0x14 .pio\build\ota\lib523\libSparkFun BNO08x Cortex Based IMU.a(SparkFun_BNO08x_Arduino_Library.cpp.o)
                0x00005d14                BNO08x::enableRawAccelerometer(unsigned short)
 .text._ZN6BNO08x13enableRawGyroEt
                0x00005d28       0x14 .pio\build\ota\lib523\libSparkFun BNO08x Cortex Based IMU.a(SparkFun_BNO08x_Arduino_Library.cpp.o)
                0x00005d28                BNO08x::enableRawGyro(unsigned short)
 .text._ZN6BNO08x16getSensorEventIDEv
                0x00005d3c        0xc .pio\build\ota\lib523\libSparkFun BNO08x Cortex Based IMU.a(SparkFun_BNO08x_Arduino_Library.cpp.o)
                0x00005d3c                BNO08x::getSensorEventID()
 .text.opRx     0x00005d48        0xe .pio\build\ota\lib523\libSparkFun BNO08x Cortex Based IMU.a(sh2.c.o)
 .text.executableAdvertHdlr
                0x00005d56        0x2 .pio\build\ota\lib523\libSparkFun BNO08x Cortex Based IMU.a(sh2.c.o)
 .text.shtpEventCallback
                0x00005d58       0x24 .pio\build\ota\lib523\libSparkFun BNO08x Cortex Based IMU.a(sh2.c.o)
 .text.sendCtrl
                0x00005d7c        0xc .pio\build\ota\lib523\libSparkFun BNO08x Cortex Based IMU.a(sh2.c.o)
 .text.getProdIdStart
                0x00005d88       0x2a .pio\build\ota\lib523\libSparkFun BNO08x Cortex Based IMU.a(sh2.c.o)
 .text.setSensorConfigStart
                0x00005db2       0x78 .pio\build\ota\lib523\libSparkFun BNO08x Cortex Based IMU.a(sh2.c.o)
 .text.sensorhubInputGyroRvHdlr
                0x00005e2a       0x6c .pio\build\ota\lib523\libSparkFun BNO08x Cortex Based IMU.a(sh2.c.o)
 *fill*         0x00005e96        0x2 ff
 .text.sensorhubControlHdlr
                0x00005e98       0xc4 .pio\build\ota\lib523\libSparkFun BNO08x Cortex Based IMU.a(sh2.c.o)
 .text.executableDeviceHdlr
                0x00005f5c       0x30 .pio\build\ota\lib523\libSparkFun BNO08x Cortex Based IMU.a(sh2.c.o)
 .text.getProdIdRx
                0x00005f8c       0x7c .pio\build\ota\lib523\libSparkFun BNO08x Cortex Based IMU.a(sh2.c.o)
 .text.sensorhubAdvertHdlr
                0x00006008       0x74 .pio\build\ota\lib523\libSparkFun BNO08x Cortex Based IMU.a(sh2.c.o)
 .text.opProcess.constprop.20
                0x0000607c       0x6c .pio\build\ota\lib523\libSparkFun BNO08x Cortex Based IMU.a(sh2.c.o)
 .text.sensorhubInputHdlr
                0x000060e8      0x100 .pio\build\ota\lib523\libSparkFun BNO08x Cortex Based IMU.a(sh2.c.o)
 .text.sensorhubInputNormalHdlr
                0x000061e8        0x4 .pio\build\ota\lib523\libSparkFun BNO08x Cortex Based IMU.a(sh2.c.o)
 .text.sensorhubInputWakeHdlr
                0x000061ec        0x4 .pio\build\ota\lib523\libSparkFun BNO08x Cortex Based IMU.a(sh2.c.o)
 .text.sh2_open
                0x000061f0      0x110 .pio\build\ota\lib523\libSparkFun BNO08x Cortex Based IMU.a(sh2.c.o)
                0x000061f0                sh2_open
 .text.sh2_service
                0x00006300        0xc .pio\build\ota\lib523\libSparkFun BNO08x Cortex Based IMU.a(sh2.c.o)
                0x00006300                sh2_service
 .text.sh2_setSensorCallback
                0x0000630c       0x10 .pio\build\ota\lib523\libSparkFun BNO08x Cortex Based IMU.a(sh2.c.o)
                0x0000630c                sh2_setSensorCallback
 .text.sh2_getProdIds
                0x0000631c       0x24 .pio\build\ota\lib523\libSparkFun BNO08x Cortex Based IMU.a(sh2.c.o)
                0x0000631c                sh2_getProdIds
 .text.sh2_setSensorConfig
                0x00006340       0x30 .pio\build\ota\lib523\libSparkFun BNO08x Cortex Based IMU.a(sh2.c.o)
                0x00006340                sh2_setSensorConfig
 .text.decodeAccelerometer
                0x00006370       0x64 .pio\build\ota\lib523\libSparkFun BNO08x Cortex Based IMU.a(sh2_SensorValue.c.o)
 .text.decodeRotationVector
                0x000063d4       0x90 .pio\build\ota\lib523\libSparkFun BNO08x Cortex Based IMU.a(sh2_SensorValue.c.o)
 .text.decodeGameRotationVector
                0x00006464       0x7c .pio\build\ota\lib523\libSparkFun BNO08x Cortex Based IMU.a(sh2_SensorValue.c.o)
 .text.sh2_decodeSensorEvent
                0x000064e0      0x3ec .pio\build\ota\lib523\libSparkFun BNO08x Cortex Based IMU.a(sh2_SensorValue.c.o)
                0x000064e0                sh2_decodeSensorEvent
 .text.readu8   0x000068cc        0x4 .pio\build\ota\lib523\libSparkFun BNO08x Cortex Based IMU.a(sh2_util.c.o)
                0x000068cc                readu8
 .text.readu16  0x000068d0        0xa .pio\build\ota\lib523\libSparkFun BNO08x Cortex Based IMU.a(sh2_util.c.o)
                0x000068d0                readu16
 .text.readu32  0x000068da        0x4 .pio\build\ota\lib523\libSparkFun BNO08x Cortex Based IMU.a(sh2_util.c.o)
                0x000068da                readu32
 .text.read16   0x000068de        0xc .pio\build\ota\lib523\libSparkFun BNO08x Cortex Based IMU.a(sh2_util.c.o)
                0x000068de                read16
 .text.read32   0x000068ea        0x4 .pio\build\ota\lib523\libSparkFun BNO08x Cortex Based IMU.a(sh2_util.c.o)
                0x000068ea                read32
 .text.callAdvertHandler
                0x000068ee       0x3a .pio\build\ota\lib523\libSparkFun BNO08x Cortex Based IMU.a(shtp.c.o)
 .text.updateCallbacks
                0x00006928       0x68 .pio\build\ota\lib523\libSparkFun BNO08x Cortex Based IMU.a(shtp.c.o)
 .text.addApp   0x00006990       0x50 .pio\build\ota\lib523\libSparkFun BNO08x Cortex Based IMU.a(shtp.c.o)
 .text.shtpAdvertHdlr
                0x000069e0       0x24 .pio\build\ota\lib523\libSparkFun BNO08x Cortex Based IMU.a(shtp.c.o)
 .text.shtpCmdListener
                0x00006a04      0x1b0 .pio\build\ota\lib523\libSparkFun BNO08x Cortex Based IMU.a(shtp.c.o)
 .text.shtp_setEventCallback
                0x00006bb4        0x6 .pio\build\ota\lib523\libSparkFun BNO08x Cortex Based IMU.a(shtp.c.o)
                0x00006bb4                shtp_setEventCallback
 .text.shtp_listenChan
                0x00006bba       0x5c .pio\build\ota\lib523\libSparkFun BNO08x Cortex Based IMU.a(shtp.c.o)
                0x00006bba                shtp_listenChan
 .text.shtp_listenAdvert
                0x00006c16       0x34 .pio\build\ota\lib523\libSparkFun BNO08x Cortex Based IMU.a(shtp.c.o)
                0x00006c16                shtp_listenAdvert
 *fill*         0x00006c4a        0x2 ff
 .text.shtp_open
                0x00006c4c       0xac .pio\build\ota\lib523\libSparkFun BNO08x Cortex Based IMU.a(shtp.c.o)
                0x00006c4c                shtp_open
 .text.shtp_chanNo
                0x00006cf8       0x62 .pio\build\ota\lib523\libSparkFun BNO08x Cortex Based IMU.a(shtp.c.o)
                0x00006cf8                shtp_chanNo
 *fill*         0x00006d5a        0x2 ff
 .text.shtp_service
                0x00006d5c      0x154 .pio\build\ota\lib523\libSparkFun BNO08x Cortex Based IMU.a(shtp.c.o)
                0x00006d5c                shtp_service
 .text.shtp_send
                0x00006eb0       0xb2 .pio\build\ota\lib523\libSparkFun BNO08x Cortex Based IMU.a(shtp.c.o)
                0x00006eb0                shtp_send
 *fill*         0x00006f62        0x2 ff
 .text._ZNSt7__cxx1112basic_stringIcSt11char_traitsIcESaIcEE9_M_createERjj.isra.24
                0x00006f64       0x34 .pio\build\ota\lib5de\libWiFiS3.a(WiFi.cpp.o)
 .text._ZN5CWifiC2Ev
                0x00006f98       0x68 .pio\build\ota\lib5de\libWiFiS3.a(WiFi.cpp.o)
                0x00006f98                CWifi::CWifi()
                0x00006f98                CWifi::CWifi()
 .text._ZNSt7__cxx1112basic_stringIcSt11char_traitsIcESaIcEE10_M_disposeEv
                0x00007000       0x10 .pio\build\ota\lib5de\libWiFiS3.a(WiFi.cpp.o)
                0x00007000                std::__cxx11::basic_string<char, std::char_traits<char>, std::allocator<char> >::_M_dispose()
 .text._ZNSt7__cxx1112basic_stringIcSt11char_traitsIcESaIcEE7_S_copyEPcPKcj
                0x00007010       0x1a .pio\build\ota\lib5de\libWiFiS3.a(WiFi.cpp.o)
                0x00007010                std::__cxx11::basic_string<char, std::char_traits<char>, std::allocator<char> >::_S_copy(char*, char const*, unsigned int)
 *fill*         0x0000702a        0x2 ff
 .text._ZNSt7__cxx1112basic_stringIcSt11char_traitsIcESaIcEE12_M_constructIPKcEEvT_S8_St20forward_iterator_tag.isra.25
                0x0000702c       0x44 .pio\build\ota\lib5de\libWiFiS3.a(WiFi.cpp.o)
 .text._ZNSt7__cxx1112basic_stringIcSt11char_traitsIcESaIcEEC2EPKcRKS3_.constprop.34
                0x00007070       0x28 .pio\build\ota\lib5de\libWiFiS3.a(WiFi.cpp.o)
 .text._ZN5CWifi6statusEv
                0x00007098       0x60 .pio\build\ota\lib5de\libWiFiS3.a(WiFi.cpp.o)
                0x00007098                CWifi::status()
 .text._ZN5CWifi5beginEPKcS1_
                0x000070f8       0xd0 .pio\build\ota\lib5de\libWiFiS3.a(WiFi.cpp.o)
                0x000070f8                CWifi::begin(char const*, char const*)
 .text._ZN5CWifi7localIPEv
                0x000071c8       0xd8 .pio\build\ota\lib5de\libWiFiS3.a(WiFi.cpp.o)
                0x000071c8                CWifi::localIP()
 .text.startup._GLOBAL__sub_I__ZN5CWifiC2Ev
                0x000072a0        0xc .pio\build\ota\lib5de\libWiFiS3.a(WiFi.cpp.o)
 .text.exit._GLOBAL__sub_D__ZN5CWifiC2Ev
                0x000072ac       0x1c .pio\build\ota\lib5de\libWiFiS3.a(WiFi.cpp.o)
 .text._ZN7arduino5Print17availableForWriteEv
                0x000072c8        0x4 .pio\build\ota\lib5de\libWiFiS3.a(WiFiClient.cpp.o)
                0x000072c8                arduino::Print::availableForWrite()
 .text._ZN10WiFiClientcvbEv
                0x000072cc        0xa .pio\build\ota\lib5de\libWiFiS3.a(WiFiClient.cpp.o)
                0x000072cc                WiFiClient::operator bool()
 .text._ZN10WiFiClientneERKS_
                0x000072d6       0x10 .pio\build\ota\lib5de\libWiFiS3.a(WiFiClient.cpp.o)
                0x000072d6                WiFiClient::operator!=(WiFiClient const&)
 .text._ZN10WiFiClient5writeEh
                0x000072e6       0x16 .pio\build\ota\lib5de\libWiFiS3.a(WiFiClient.cpp.o)
                0x000072e6                WiFiClient::write(unsigned char)
 .text._ZN10WiFiClient4readEv
                0x000072fc       0x20 .pio\build\ota\lib5de\libWiFiS3.a(WiFiClient.cpp.o)
                0x000072fc                WiFiClient::read()
 .text._ZN10WiFiClienteqERKS_
                0x0000731c        0xc .pio\build\ota\lib5de\libWiFiS3.a(WiFiClient.cpp.o)
                0x0000731c                WiFiClient::operator==(WiFiClient const&)
 .text._ZNSt15_Sp_counted_ptrIPN7arduino10FifoBufferIhLm1024EEELN9__gnu_cxx12_Lock_policyE0EED2Ev
                0x00007328        0x2 .pio\build\ota\lib5de\libWiFiS3.a(WiFiClient.cpp.o)
                0x00007328                std::_Sp_counted_ptr<arduino::FifoBuffer<unsigned char, 1024ul>*, (__gnu_cxx::_Lock_policy)0>::~_Sp_counted_ptr()
                0x00007328                std::_Sp_counted_ptr<arduino::FifoBuffer<unsigned char, 1024ul>*, (__gnu_cxx::_Lock_policy)0>::~_Sp_counted_ptr()
 .text._ZNSt15_Sp_counted_ptrIPN7arduino10FifoBufferIhLm1024EEELN9__gnu_cxx12_Lock_policyE0EE14_M_get_deleterERKSt9type_info
                0x0000732a        0x4 .pio\build\ota\lib5de\libWiFiS3.a(WiFiClient.cpp.o)
                0x0000732a                std::_Sp_counted_ptr<arduino::FifoBuffer<unsigned char, 1024ul>*, (__gnu_cxx::_Lock_policy)0>::_M_get_deleter(std::type_info const&)
 .text._ZNSt15_Sp_counted_ptrIPN7arduino10FifoBufferIhLm1024EEELN9__gnu_cxx12_Lock_policyE0EE10_M_disposeEv
                0x0000732e        0xa .pio\build\ota\lib5de\libWiFiS3.a(WiFiClient.cpp.o)
                0x0000732e                std::_Sp_counted_ptr<arduino::FifoBuffer<unsigned char, 1024ul>*, (__gnu_cxx::_Lock_policy)0>::_M_dispose()
 .text._ZNSt15_Sp_counted_ptrIPN7arduino10FifoBufferIhLm1024EEELN9__gnu_cxx12_Lock_policyE0EED0Ev
                0x00007338        0xe .pio\build\ota\lib5de\libWiFiS3.a(WiFiClient.cpp.o)
                0x00007338                std::_Sp_counted_ptr<arduino::FifoBuffer<unsigned char, 1024ul>*, (__gnu_cxx::_Lock_policy)0>::~_Sp_counted_ptr()
 .text._ZNSt15_Sp_counted_ptrIPN7arduino10FifoBufferIhLm1024EEELN9__gnu_cxx12_Lock_policyE0EE10_M_destroyEv
                0x00007346        0x8 .pio\build\ota\lib5de\libWiFiS3.a(WiFiClient.cpp.o)
                0x00007346                std::_Sp_counted_ptr<arduino::FifoBuffer<unsigned char, 1024ul>*, (__gnu_cxx::_Lock_policy)0>::_M_destroy()
 .text._ZN10WiFiClient7connectEN7arduino9IPAddressEt
                0x0000734e       0x26 .pio\build\ota\lib5de\libWiFiS3.a(WiFiClient.cpp.o)
                0x0000734e                WiFiClient::connect(arduino::IPAddress, unsigned short)
 .text._ZNSt16_Sp_counted_baseILN9__gnu_cxx12_Lock_policyE0EE10_M_releaseEv.part.6
                0x00007374       0x20 .pio\build\ota\lib5de\libWiFiS3.a(WiFiClient.cpp.o)
 .text._ZNSt7__cxx1112basic_stringIcSt11char_traitsIcESaIcEEC2EPKcRKS3_.constprop.43
                0x00007394       0x54 .pio\build\ota\lib5de\libWiFiS3.a(WiFiClient.cpp.o)
 .text._ZN7__GuardD2Ev
                0x000073e8        0xc .pio\build\ota\lib5de\libWiFiS3.a(WiFiClient.cpp.o)
                0x000073e8                __Guard::~__Guard()
                0x000073e8                __Guard::~__Guard()
 .text._ZN7arduino10FifoBufferIhLm1024EE9availableEv.isra.7
                0x000073f4       0x2c .pio\build\ota\lib5de\libWiFiS3.a(WiFiClient.cpp.o)
 .text._ZN7arduino10FifoBufferIhLm1024EE9nextIndexEm.isra.14
                0x00007420       0x2e .pio\build\ota\lib5de\libWiFiS3.a(WiFiClient.cpp.o)
 *fill*         0x0000744e        0x2 ff
 .text._ZN10WiFiClientC2ERKS_
                0x00007450       0x30 .pio\build\ota\lib5de\libWiFiS3.a(WiFiClient.cpp.o)
                0x00007450                WiFiClient::WiFiClient(WiFiClient const&)
                0x00007450                WiFiClient::WiFiClient(WiFiClient const&)
 .text._ZNSt14__shared_countILN9__gnu_cxx12_Lock_policyE0EED2Ev
                0x00007480       0x18 .pio\build\ota\lib5de\libWiFiS3.a(WiFiClient.cpp.o)
                0x00007480                std::__shared_count<(__gnu_cxx::_Lock_policy)0>::~__shared_count()
                0x00007480                std::__shared_count<(__gnu_cxx::_Lock_policy)0>::~__shared_count()
 .text._ZN10WiFiClientD2Ev
                0x00007498       0x18 .pio\build\ota\lib5de\libWiFiS3.a(WiFiClient.cpp.o)
                0x00007498                WiFiClient::~WiFiClient()
                0x00007498                WiFiClient::~WiFiClient()
 .text._ZN10WiFiClient9getSocketEv
                0x000074b0       0x80 .pio\build\ota\lib5de\libWiFiS3.a(WiFiClient.cpp.o)
                0x000074b0                WiFiClient::getSocket()
 .text._ZN10WiFiClient7connectEPKct
                0x00007530       0xb0 .pio\build\ota\lib5de\libWiFiS3.a(WiFiClient.cpp.o)
                0x00007530                WiFiClient::connect(char const*, unsigned short)
 .text._ZN10WiFiClient5writeEPKhj
                0x000075e0       0x80 .pio\build\ota\lib5de\libWiFiS3.a(WiFiClient.cpp.o)
                0x000075e0                WiFiClient::write(unsigned char const*, unsigned int)
 .text._ZN10WiFiClient9availableEv
                0x00007660       0x98 .pio\build\ota\lib5de\libWiFiS3.a(WiFiClient.cpp.o)
                0x00007660                WiFiClient::available()
 .text._ZN10WiFiClient5_readEv
                0x000076f8      0x138 .pio\build\ota\lib5de\libWiFiS3.a(WiFiClient.cpp.o)
                0x000076f8                WiFiClient::_read()
 .text._ZN10WiFiClient14read_if_neededEj
                0x00007830       0x22 .pio\build\ota\lib5de\libWiFiS3.a(WiFiClient.cpp.o)
                0x00007830                WiFiClient::read_if_needed(unsigned int)
 .text._ZN10WiFiClient4readEPhj
                0x00007852       0x88 .pio\build\ota\lib5de\libWiFiS3.a(WiFiClient.cpp.o)
                0x00007852                WiFiClient::read(unsigned char*, unsigned int)
 .text._ZN10WiFiClient4peekEv
                0x000078da       0x2c .pio\build\ota\lib5de\libWiFiS3.a(WiFiClient.cpp.o)
                0x000078da                WiFiClient::peek()
 *fill*         0x00007906        0x2 ff
 .text._ZN10WiFiClient5flushEv
                0x00007908       0x60 .pio\build\ota\lib5de\libWiFiS3.a(WiFiClient.cpp.o)
                0x00007908                WiFiClient::flush()
 .text._ZN10WiFiClient4stopEv
                0x00007968       0x78 .pio\build\ota\lib5de\libWiFiS3.a(WiFiClient.cpp.o)
                0x00007968                WiFiClient::stop()
 .text._ZN10WiFiClient9connectedEv
                0x000079e0       0x80 .pio\build\ota\lib5de\libWiFiS3.a(WiFiClient.cpp.o)
                0x000079e0                WiFiClient::connected()
 .text._ZN10WiFiClient8remoteIPEv
                0x00007a60       0xa8 .pio\build\ota\lib5de\libWiFiS3.a(WiFiClient.cpp.o)
                0x00007a60                WiFiClient::remoteIP()
 .text._ZN10WiFiClient10remotePortEv
                0x00007b08       0x74 .pio\build\ota\lib5de\libWiFiS3.a(WiFiClient.cpp.o)
                0x00007b08                WiFiClient::remotePort()
 .text._ZNSt12__shared_ptrIN7arduino10FifoBufferIhLm1024EEELN9__gnu_cxx12_Lock_policyE0EEaSEOS5_
                0x00007b7c       0x28 .pio\build\ota\lib5de\libWiFiS3.a(WiFiClient.cpp.o)
                0x00007b7c                std::__shared_ptr<arduino::FifoBuffer<unsigned char, 1024ul>, (__gnu_cxx::_Lock_policy)0>::operator=(std::__shared_ptr<arduino::FifoBuffer<unsigned char, 1024ul>, (__gnu_cxx::_Lock_policy)0>&&)
 .text._ZN10WiFiClientC2Ev
                0x00007ba4       0x74 .pio\build\ota\lib5de\libWiFiS3.a(WiFiClient.cpp.o)
                0x00007ba4                WiFiClient::WiFiClient()
                0x00007ba4                WiFiClient::WiFiClient()
 .text._ZN10WiFiClientC2Ei
                0x00007c18       0x70 .pio\build\ota\lib5de\libWiFiS3.a(WiFiClient.cpp.o)
                0x00007c18                WiFiClient::WiFiClient(int)
                0x00007c18                WiFiClient::WiFiClient(int)
 .text._ZN7arduino5Print5flushEv
                0x00007c88        0x2 .pio\build\ota\lib5de\libWiFiS3.a(WiFiServer.cpp.o)
                0x00007c88                arduino::Print::flush()
 .text._ZN10WiFiServerneERKS_
                0x00007c8a       0x10 .pio\build\ota\lib5de\libWiFiS3.a(WiFiServer.cpp.o)
                0x00007c8a                WiFiServer::operator!=(WiFiServer const&)
 .text._ZN10WiFiServer5writeEh
                0x00007c9a       0x16 .pio\build\ota\lib5de\libWiFiS3.a(WiFiServer.cpp.o)
                0x00007c9a                WiFiServer::write(unsigned char)
 .text._ZN10WiFiServereqERKS_
                0x00007cb0        0xc .pio\build\ota\lib5de\libWiFiS3.a(WiFiServer.cpp.o)
                0x00007cb0                WiFiServer::operator==(WiFiServer const&)
 .text._ZN10WiFiServerC2Ei
                0x00007cbc       0x24 .pio\build\ota\lib5de\libWiFiS3.a(WiFiServer.cpp.o)
                0x00007cbc                WiFiServer::WiFiServer(int)
                0x00007cbc                WiFiServer::WiFiServer(int)
 .text._ZNSt7__cxx1112basic_stringIcSt11char_traitsIcESaIcEEC2EPKcRKS3_
                0x00007ce0       0x54 .pio\build\ota\lib5de\libWiFiS3.a(WiFiServer.cpp.o)
                0x00007ce0                std::__cxx11::basic_string<char, std::char_traits<char>, std::allocator<char> >::basic_string(char const*, std::allocator<char> const&)
                0x00007ce0                std::__cxx11::basic_string<char, std::char_traits<char>, std::allocator<char> >::basic_string(char const*, std::allocator<char> const&)
 .text._ZN10WiFiServer9availableEv
                0x00007d34       0xf4 .pio\build\ota\lib5de\libWiFiS3.a(WiFiServer.cpp.o)
                0x00007d34                WiFiServer::available()
 .text._ZN10WiFiServer5beginEi
                0x00007e28       0x70 .pio\build\ota\lib5de\libWiFiS3.a(WiFiServer.cpp.o)
                0x00007e28                WiFiServer::begin(int)
 .text._ZN10WiFiServer5beginEv
                0x00007e98        0x6 .pio\build\ota\lib5de\libWiFiS3.a(WiFiServer.cpp.o)
                0x00007e98                WiFiServer::begin()
 *fill*         0x00007e9e        0x2 ff
 .text._ZN10WiFiServer5writeEPKhj
                0x00007ea0       0x84 .pio\build\ota\lib5de\libWiFiS3.a(WiFiServer.cpp.o)
                0x00007ea0                WiFiServer::write(unsigned char const*, unsigned int)
 .text._ZN7WiFiUDP4readEPcj
                0x00007f24        0x6 .pio\build\ota\lib5de\libWiFiS3.a(WiFiUdp.cpp.o)
                0x00007f24                WiFiUDP::read(char*, unsigned int)
 .text._ZN7WiFiUDPneERKS_
                0x00007f2a       0x10 .pio\build\ota\lib5de\libWiFiS3.a(WiFiUdp.cpp.o)
                0x00007f2a                WiFiUDP::operator!=(WiFiUDP const&)
 .text._ZN7WiFiUDP5writeEh
                0x00007f3a       0x16 .pio\build\ota\lib5de\libWiFiS3.a(WiFiUdp.cpp.o)
                0x00007f3a                WiFiUDP::write(unsigned char)
 .text._ZN7WiFiUDP4readEv
                0x00007f50       0x20 .pio\build\ota\lib5de\libWiFiS3.a(WiFiUdp.cpp.o)
                0x00007f50                WiFiUDP::read()
 .text._ZN7WiFiUDPeqERKS_
                0x00007f70        0xc .pio\build\ota\lib5de\libWiFiS3.a(WiFiUdp.cpp.o)
                0x00007f70                WiFiUDP::operator==(WiFiUDP const&)
 .text._ZNSt7__cxx1112basic_stringIcSt11char_traitsIcESaIcEEC2EPKcRKS3_.constprop.43
                0x00007f7c       0x54 .pio\build\ota\lib5de\libWiFiS3.a(WiFiUdp.cpp.o)
 .text._ZN7arduino10FifoBufferIhLm1461EE9availableEv.isra.5
                0x00007fd0       0x2c .pio\build\ota\lib5de\libWiFiS3.a(WiFiUdp.cpp.o)
 .text._ZN7WiFiUDP14read_if_neededEj
                0x00007ffc       0x20 .pio\build\ota\lib5de\libWiFiS3.a(WiFiUdp.cpp.o)
                0x00007ffc                WiFiUDP::read_if_needed(unsigned int)
 .text._ZN7arduino10FifoBufferIhLm1461EE9nextIndexEm.isra.11
                0x0000801c       0x36 .pio\build\ota\lib5de\libWiFiS3.a(WiFiUdp.cpp.o)
 .text._ZN7WiFiUDP4readEPhj
                0x00008052       0x7a .pio\build\ota\lib5de\libWiFiS3.a(WiFiUdp.cpp.o)
                0x00008052                WiFiUDP::read(unsigned char*, unsigned int)
 .text._ZN7WiFiUDPC2Ev
                0x000080cc       0x38 .pio\build\ota\lib5de\libWiFiS3.a(WiFiUdp.cpp.o)
                0x000080cc                WiFiUDP::WiFiUDP()
                0x000080cc                WiFiUDP::WiFiUDP()
 .text._ZN7WiFiUDP5beginEt
                0x00008104       0x78 .pio\build\ota\lib5de\libWiFiS3.a(WiFiUdp.cpp.o)
                0x00008104                WiFiUDP::begin(unsigned short)
 .text._ZN7WiFiUDP5beginEN7arduino9IPAddressEt
                0x0000817c       0x8c .pio\build\ota\lib5de\libWiFiS3.a(WiFiUdp.cpp.o)
                0x0000817c                WiFiUDP::begin(arduino::IPAddress, unsigned short)
 .text._ZN7WiFiUDP14beginMulticastEN7arduino9IPAddressEt
                0x00008208       0x8c .pio\build\ota\lib5de\libWiFiS3.a(WiFiUdp.cpp.o)
                0x00008208                WiFiUDP::beginMulticast(arduino::IPAddress, unsigned short)
 .text._ZN7WiFiUDP4stopEv
                0x00008294       0x68 .pio\build\ota\lib5de\libWiFiS3.a(WiFiUdp.cpp.o)
                0x00008294                WiFiUDP::stop()
 .text._ZN7WiFiUDP11beginPacketEN7arduino9IPAddressEt
                0x000082fc       0x88 .pio\build\ota\lib5de\libWiFiS3.a(WiFiUdp.cpp.o)
                0x000082fc                WiFiUDP::beginPacket(arduino::IPAddress, unsigned short)
 .text._ZN7WiFiUDP11beginPacketEPKct
                0x00008384       0x78 .pio\build\ota\lib5de\libWiFiS3.a(WiFiUdp.cpp.o)
                0x00008384                WiFiUDP::beginPacket(char const*, unsigned short)
 .text._ZN7WiFiUDP20beginMulticastPacketEv
                0x000083fc       0x70 .pio\build\ota\lib5de\libWiFiS3.a(WiFiUdp.cpp.o)
                0x000083fc                WiFiUDP::beginMulticastPacket()
 .text._ZN7WiFiUDP9endPacketEv
                0x0000846c       0x70 .pio\build\ota\lib5de\libWiFiS3.a(WiFiUdp.cpp.o)
                0x0000846c                WiFiUDP::endPacket()
 .text._ZN7WiFiUDP5writeEPKhj
                0x000084dc       0x80 .pio\build\ota\lib5de\libWiFiS3.a(WiFiUdp.cpp.o)
                0x000084dc                WiFiUDP::write(unsigned char const*, unsigned int)
 .text._ZN7WiFiUDP11parsePacketEv
                0x0000855c       0x80 .pio\build\ota\lib5de\libWiFiS3.a(WiFiUdp.cpp.o)
                0x0000855c                WiFiUDP::parsePacket()
 .text._ZN7WiFiUDP9availableEv
                0x000085dc       0x8c .pio\build\ota\lib5de\libWiFiS3.a(WiFiUdp.cpp.o)
                0x000085dc                WiFiUDP::available()
 .text._ZN7WiFiUDP5_readEv
                0x00008668      0x134 .pio\build\ota\lib5de\libWiFiS3.a(WiFiUdp.cpp.o)
                0x00008668                WiFiUDP::_read()
 .text._ZN7WiFiUDP4peekEv
                0x0000879c       0x7c .pio\build\ota\lib5de\libWiFiS3.a(WiFiUdp.cpp.o)
                0x0000879c                WiFiUDP::peek()
 .text._ZN7WiFiUDP5flushEv
                0x00008818       0x60 .pio\build\ota\lib5de\libWiFiS3.a(WiFiUdp.cpp.o)
                0x00008818                WiFiUDP::flush()
 .text._ZN7WiFiUDP8remoteIPEv
                0x00008878       0xa8 .pio\build\ota\lib5de\libWiFiS3.a(WiFiUdp.cpp.o)
                0x00008878                WiFiUDP::remoteIP()
 .text._ZN7WiFiUDP10remotePortEv
                0x00008920       0x74 .pio\build\ota\lib5de\libWiFiS3.a(WiFiUdp.cpp.o)
                0x00008920                WiFiUDP::remotePort()
 .text._ZNSt7__cxx1112basic_stringIcSt11char_traitsIcESaIcEE9_M_createERjj.isra.21
                0x00008994       0x34 .pio\build\ota\lib5de\libWiFiS3.a(Modem.cpp.o)
 .text._ZN10ModemClassD2Ev
                0x000089c8       0x18 .pio\build\ota\lib5de\libWiFiS3.a(Modem.cpp.o)
                0x000089c8                ModemClass::~ModemClass()
                0x000089c8                ModemClass::~ModemClass()
 .text._ZN10ModemClass12write_nowaitERKNSt7__cxx1112basic_stringIcSt11char_traitsIcESaIcEEERS5_PKcz
                0x000089e0       0x6c .pio\build\ota\lib5de\libWiFiS3.a(Modem.cpp.o)
                0x000089e0                ModemClass::write_nowait(std::__cxx11::basic_string<char, std::char_traits<char>, std::allocator<char> > const&, std::__cxx11::basic_string<char, std::char_traits<char>, std::allocator<char> >&, char const*, ...)
 .text._ZNKSt7__cxx1112basic_stringIcSt11char_traitsIcESaIcEE7compareEPKc
                0x00008a4c       0x28 .pio\build\ota\lib5de\libWiFiS3.a(Modem.cpp.o)
                0x00008a4c                std::__cxx11::basic_string<char, std::char_traits<char>, std::allocator<char> >::compare(char const*) const
 .text._ZNSt7__cxx1112basic_stringIcSt11char_traitsIcESaIcEE9_M_mutateEjjPKcj
                0x00008a74       0x7e .pio\build\ota\lib5de\libWiFiS3.a(Modem.cpp.o)
                0x00008a74                std::__cxx11::basic_string<char, std::char_traits<char>, std::allocator<char> >::_M_mutate(unsigned int, unsigned int, char const*, unsigned int)
 .text._ZNSt7__cxx1112basic_stringIcSt11char_traitsIcESaIcEE9push_backEc
                0x00008af2       0x3e .pio\build\ota\lib5de\libWiFiS3.a(Modem.cpp.o)
                0x00008af2                std::__cxx11::basic_string<char, std::char_traits<char>, std::allocator<char> >::push_back(char)
 .text._ZNSt7__cxx1112basic_stringIcSt11char_traitsIcESaIcEE7_S_moveEPcPKcj
                0x00008b30       0x1a .pio\build\ota\lib5de\libWiFiS3.a(Modem.cpp.o)
                0x00008b30                std::__cxx11::basic_string<char, std::char_traits<char>, std::allocator<char> >::_S_move(char*, char const*, unsigned int)
 *fill*         0x00008b4a        0x2 ff
 .text._ZNSt7__cxx1112basic_stringIcSt11char_traitsIcESaIcEE10_M_replaceEjjPKcj
                0x00008b4c       0xfc .pio\build\ota\lib5de\libWiFiS3.a(Modem.cpp.o)
                0x00008b4c                std::__cxx11::basic_string<char, std::char_traits<char>, std::allocator<char> >::_M_replace(unsigned int, unsigned int, char const*, unsigned int)
 .text._ZNSt7__cxx1112basic_stringIcSt11char_traitsIcESaIcEEaSEPKc
                0x00008c48       0x1e .pio\build\ota\lib5de\libWiFiS3.a(Modem.cpp.o)
                0x00008c48                std::__cxx11::basic_string<char, std::char_traits<char>, std::allocator<char> >::operator=(char const*)
 *fill*         0x00008c66        0x2 ff
 .text._ZN10ModemClass8buf_readERKNSt7__cxx1112basic_stringIcSt11char_traitsIcESaIcEEERS5_
                0x00008c68      0x338 .pio\build\ota\lib5de\libWiFiS3.a(Modem.cpp.o)
                0x00008c68                ModemClass::buf_read(std::__cxx11::basic_string<char, std::char_traits<char>, std::allocator<char> > const&, std::__cxx11::basic_string<char, std::char_traits<char>, std::allocator<char> >&)
 .text._ZN10ModemClass11passthroughEPKhj
                0x00008fa0       0xa0 .pio\build\ota\lib5de\libWiFiS3.a(Modem.cpp.o)
                0x00008fa0                ModemClass::passthrough(unsigned char const*, unsigned int)
 .text._ZN10ModemClass5writeERKNSt7__cxx1112basic_stringIcSt11char_traitsIcESaIcEEERS5_PKcz
                0x00009040       0xdc .pio\build\ota\lib5de\libWiFiS3.a(Modem.cpp.o)
                0x00009040                ModemClass::write(std::__cxx11::basic_string<char, std::char_traits<char>, std::allocator<char> > const&, std::__cxx11::basic_string<char, std::char_traits<char>, std::allocator<char> >&, char const*, ...)
 .text._ZN10ModemClass5beginEii
                0x0000911c       0x94 .pio\build\ota\lib5de\libWiFiS3.a(Modem.cpp.o)
                0x0000911c                ModemClass::begin(int, int)
 .text.startup._GLOBAL__sub_I__ZN10ModemClassC2Eii
                0x000091b0       0x28 .pio\build\ota\lib5de\libWiFiS3.a(Modem.cpp.o)
 .text.exit._GLOBAL__sub_D__ZN10ModemClassC2Eii
                0x000091d8        0xc .pio\build\ota\lib5de\libWiFiS3.a(Modem.cpp.o)
 .text._ZN10OTAStorage4openEih
                0x000091e4        0x6 .pio\build\ota\lib541\libArduinoOTA.a(InternalStorageRenesas.cpp.o)
                0x000091e4                OTAStorage::open(int, unsigned char)
 .text._ZN27InternalStorageRenesasClass5clearEv
                0x000091ea        0x2 .pio\build\ota\lib541\libArduinoOTA.a(InternalStorageRenesas.cpp.o)
                0x000091ea                InternalStorageRenesasClass::clear()
 .text._ZN27InternalStorageRenesasClass7maxSizeEv
                0x000091ec        0x4 .pio\build\ota\lib541\libArduinoOTA.a(InternalStorageRenesas.cpp.o)
                0x000091ec                InternalStorageRenesasClass::maxSize()
 .text._ZN27InternalStorageRenesasClass4openEi
                0x000091f0       0x50 .pio\build\ota\lib541\libArduinoOTA.a(InternalStorageRenesas.cpp.o)
                0x000091f0                InternalStorageRenesasClass::open(int)
 .text._ZN27InternalStorageRenesasClass5closeEv
                0x00009240       0x24 .pio\build\ota\lib541\libArduinoOTA.a(InternalStorageRenesas.cpp.o)
                0x00009240                InternalStorageRenesasClass::close()
 .text._ZN27InternalStorageRenesasClass5writeEh
                0x00009264       0x44 .pio\build\ota\lib541\libArduinoOTA.a(InternalStorageRenesas.cpp.o)
                0x00009264                InternalStorageRenesasClass::write(unsigned char)
 .text._ZN27InternalStorageRenesasClassC2Ev
                0x000092a8       0x50 .pio\build\ota\lib541\libArduinoOTA.a(InternalStorageRenesas.cpp.o)
                0x000092a8                InternalStorageRenesasClass::InternalStorageRenesasClass()
                0x000092a8                InternalStorageRenesasClass::InternalStorageRenesasClass()
 .text._ZN27InternalStorageRenesasClass5applyEv
                0x000092f8       0x28 .pio\build\ota\lib541\libArduinoOTA.a(InternalStorageRenesas.cpp.o)
                0x000092f8                InternalStorageRenesasClass::apply()
 .text.startup._GLOBAL__sub_I__ZN27InternalStorageRenesasClassC2Ev
                0x00009320        0xc .pio\build\ota\lib541\libArduinoOTA.a(InternalStorageRenesas.cpp.o)
 .text._ZN10OTAStorage7maxSizeEv
                0x0000932c        0xc .pio\build\ota\lib541\libArduinoOTA.a(OTAStorage.cpp.o)
                0x0000932c                OTAStorage::maxSize()
 .text._ZN10OTAStorageC2Ev
                0x00009338       0x24 .pio\build\ota\lib541\libArduinoOTA.a(OTAStorage.cpp.o)
                0x00009338                OTAStorage::OTAStorage()
                0x00009338                OTAStorage::OTAStorage()
 .text._ZN12WiFiOTAClassC2Ev
                0x0000935c       0x2c .pio\build\ota\lib541\libArduinoOTA.a(WiFiOTA.cpp.o)
                0x0000935c                WiFiOTAClass::WiFiOTAClass()
                0x0000935c                WiFiOTAClass::WiFiOTAClass()
 .text._ZN12WiFiOTAClass5beginERN7arduino9IPAddressEPKcS4_R10OTAStorage
                0x00009388      0x164 .pio\build\ota\lib541\libArduinoOTA.a(WiFiOTA.cpp.o)
                0x00009388                WiFiOTAClass::begin(arduino::IPAddress&, char const*, char const*, OTAStorage&)
 .text._ZN12WiFiOTAClass8pollMdnsERN7arduino3UDPE
                0x000094ec      0x290 .pio\build\ota\lib541\libArduinoOTA.a(WiFiOTA.cpp.o)
                0x000094ec                WiFiOTAClass::pollMdns(arduino::UDP&)
 .text._ZN12WiFiOTAClass16sendHttpResponseERN7arduino6ClientEiPKc
                0x0000977c       0xb4 .pio\build\ota\lib541\libArduinoOTA.a(WiFiOTA.cpp.o)
                0x0000977c                WiFiOTAClass::sendHttpResponse(arduino::Client&, int, char const*)
 .text._ZN12WiFiOTAClass16flushRequestBodyERN7arduino6ClientEl
                0x00009830       0x30 .pio\build\ota\lib541\libArduinoOTA.a(WiFiOTA.cpp.o)
                0x00009830                WiFiOTAClass::flushRequestBody(arduino::Client&, long)
 .text._ZN12WiFiOTAClass10pollServerERN7arduino6ClientE
                0x00009860      0x264 .pio\build\ota\lib541\libArduinoOTA.a(WiFiOTA.cpp.o)
                0x00009860                WiFiOTAClass::pollServer(arduino::Client&)
 .text.startup.main
                0x00009ac4        0xa .pio\build\ota\libFrameworkArduinoVariant.a(main.c.o)
                0x00009ac4                main
 .text.PINCOUNT_fn
                0x00009ace        0x4 .pio\build\ota\libFrameworkArduinoVariant.a(variant.cpp.o)
                0x00009ace                PINCOUNT_fn
 .text._Z17__maybe_start_usbv
                0x00009ad2        0x2 .pio\build\ota\libFrameworkArduinoVariant.a(variant.cpp.o)
                0x00009ad2                __maybe_start_usb()
 .text.initVariant
                0x00009ad4       0x9c .pio\build\ota\libFrameworkArduinoVariant.a(variant.cpp.o)
                0x00009ad4                initVariant
 .text._ZN8FspTimerC2Ev
                0x00009b70       0x18 .pio\build\ota\libFrameworkArduino.a(FspTimer.cpp.o)
                0x00009b70                FspTimer::FspTimer()
                0x00009b70                FspTimer::FspTimer()
 .text._ZN8FspTimer5beginE12e_timer_modehhmm18e_timer_source_divPFvP22st_timer_callback_argsEPv
                0x00009b88      0x16c .pio\build\ota\libFrameworkArduino.a(FspTimer.cpp.o)
                0x00009b88                FspTimer::begin(e_timer_mode, unsigned char, unsigned char, unsigned long, unsigned long, e_timer_source_div, void (*)(st_timer_callback_args*), void*)
 .text._ZN8FspTimer4openEv
                0x00009cf4       0x4e .pio\build\ota\libFrameworkArduino.a(FspTimer.cpp.o)
                0x00009cf4                FspTimer::open()
 .text._ZN8FspTimer5startEv
                0x00009d42       0x2e .pio\build\ota\libFrameworkArduino.a(FspTimer.cpp.o)
                0x00009d42                FspTimer::start()
 .text._ZN8FspTimer5closeEv
                0x00009d70       0x2e .pio\build\ota\libFrameworkArduino.a(FspTimer.cpp.o)
                0x00009d70                FspTimer::close()
 *fill*         0x00009d9e        0x2 ff
 .text._ZN8FspTimer3endEv
                0x00009da0       0x48 .pio\build\ota\libFrameworkArduino.a(FspTimer.cpp.o)
                0x00009da0                FspTimer::end()
 .text._ZN8FspTimerD2Ev
                0x00009de8        0xc .pio\build\ota\libFrameworkArduino.a(FspTimer.cpp.o)
                0x00009de8                FspTimer::~FspTimer()
                0x00009de8                FspTimer::~FspTimer()
 .text._ZN8FspTimer15get_cfg_for_irqEv
                0x00009df4       0x14 .pio\build\ota\libFrameworkArduino.a(FspTimer.cpp.o)
                0x00009df4                FspTimer::get_cfg_for_irq()
 .text._ZN8FspTimer9is_openedEv
                0x00009e08       0x18 .pio\build\ota\libFrameworkArduino.a(FspTimer.cpp.o)
                0x00009e08                FspTimer::is_opened()
 .text._ZN8FspTimer18setup_overflow_irqEhPFvvE
                0x00009e20       0x4e .pio\build\ota\libFrameworkArduino.a(FspTimer.cpp.o)
                0x00009e20                FspTimer::setup_overflow_irq(unsigned char, void (*)())
 *fill*         0x00009e6e        0x2 ff
 .text.__NVIC_SetPriority
                0x00009e70       0x28 .pio\build\ota\libFrameworkArduino.a(IRQManager.cpp.o)
 .text.R_BSP_IrqEnable
                0x00009e98       0x34 .pio\build\ota\libFrameworkArduino.a(IRQManager.cpp.o)
 .text.R_BSP_IrqDisable
                0x00009ecc       0x24 .pio\build\ota\libFrameworkArduino.a(IRQManager.cpp.o)
 .text.__tcf_0  0x00009ef0        0x2 .pio\build\ota\libFrameworkArduino.a(IRQManager.cpp.o)
 *fill*         0x00009ef2        0x2 ff
 .text._ZN10IRQManager11getInstanceEv
                0x00009ef4       0x38 .pio\build\ota\libFrameworkArduino.a(IRQManager.cpp.o)
                0x00009ef4                IRQManager::getInstance()
 .text._ZN10IRQManager18set_ext_link_eventEii
                0x00009f2c       0xc8 .pio\build\ota\libFrameworkArduino.a(IRQManager.cpp.o)
                0x00009f2c                IRQManager::set_ext_link_event(int, int)
 .text._ZN10IRQManager23set_gpt_over_link_eventEii
                0x00009ff4       0x70 .pio\build\ota\libFrameworkArduino.a(IRQManager.cpp.o)
                0x00009ff4                IRQManager::set_gpt_over_link_event(int, int)
 .text._ZN10IRQManager18set_agt_link_eventEii
                0x0000a064       0x28 .pio\build\ota\libFrameworkArduino.a(IRQManager.cpp.o)
                0x0000a064                IRQManager::set_agt_link_event(int, int)
 .text._ZN10IRQManager16addTimerOverflowER5timerPFvvE
                0x0000a08c       0x80 .pio\build\ota\libFrameworkArduino.a(IRQManager.cpp.o)
                0x0000a08c                IRQManager::addTimerOverflow(timer&, void (*)())
 .text._ZN10IRQManager21set_iic_tx_link_eventEii
                0x0000a10c       0x20 .pio\build\ota\libFrameworkArduino.a(IRQManager.cpp.o)
                0x0000a10c                IRQManager::set_iic_tx_link_event(int, int)
 .text._ZN10IRQManager21set_iic_rx_link_eventEii
                0x0000a12c       0x20 .pio\build\ota\libFrameworkArduino.a(IRQManager.cpp.o)
                0x0000a12c                IRQManager::set_iic_rx_link_event(int, int)
 .text._ZN10IRQManager22set_iic_tei_link_eventEii
                0x0000a14c       0x20 .pio\build\ota\libFrameworkArduino.a(IRQManager.cpp.o)
                0x0000a14c                IRQManager::set_iic_tei_link_event(int, int)
 .text._ZN10IRQManager22set_iic_eri_link_eventEii
                0x0000a16c       0x20 .pio\build\ota\libFrameworkArduino.a(IRQManager.cpp.o)
                0x0000a16c                IRQManager::set_iic_eri_link_event(int, int)
 .text._ZN10IRQManager21set_sci_tx_link_eventEii
                0x0000a18c       0x38 .pio\build\ota\libFrameworkArduino.a(IRQManager.cpp.o)
                0x0000a18c                IRQManager::set_sci_tx_link_event(int, int)
 .text._ZN10IRQManager21set_sci_rx_link_eventEii
                0x0000a1c4       0x38 .pio\build\ota\libFrameworkArduino.a(IRQManager.cpp.o)
                0x0000a1c4                IRQManager::set_sci_rx_link_event(int, int)
 .text._ZN10IRQManager22set_sci_tei_link_eventEii
                0x0000a1fc       0x38 .pio\build\ota\libFrameworkArduino.a(IRQManager.cpp.o)
                0x0000a1fc                IRQManager::set_sci_tei_link_event(int, int)
 .text._ZN10IRQManager22set_sci_eri_link_eventEii
                0x0000a234       0x38 .pio\build\ota\libFrameworkArduino.a(IRQManager.cpp.o)
                0x0000a234                IRQManager::set_sci_eri_link_event(int, int)
 .text._ZN10IRQManager21set_spi_tx_link_eventEii
                0x0000a26c       0x20 .pio\build\ota\libFrameworkArduino.a(IRQManager.cpp.o)
                0x0000a26c                IRQManager::set_spi_tx_link_event(int, int)
 .text._ZN10IRQManager21set_spi_rx_link_eventEii
                0x0000a28c       0x20 .pio\build\ota\libFrameworkArduino.a(IRQManager.cpp.o)
                0x0000a28c                IRQManager::set_spi_rx_link_event(int, int)
 .text._ZN10IRQManager22set_spi_tei_link_eventEii
                0x0000a2ac       0x20 .pio\build\ota\libFrameworkArduino.a(IRQManager.cpp.o)
                0x0000a2ac                IRQManager::set_spi_tei_link_event(int, int)
 .text._ZN10IRQManager22set_spi_eri_link_eventEii
                0x0000a2cc       0x20 .pio\build\ota\libFrameworkArduino.a(IRQManager.cpp.o)
                0x0000a2cc                IRQManager::set_spi_eri_link_event(int, int)
 .text._ZN10IRQManager13addPeripheralE12Peripheral_tPv
                0x0000a2ec      0x904 .pio\build\ota\libFrameworkArduino.a(IRQManager.cpp.o)
                0x0000a2ec                IRQManager::addPeripheral(Peripheral_t, void*)
 .text._ZL11IrqCallbackP29st_external_irq_callback_args
                0x0000abf0       0x60 .pio\build\ota\libFrameworkArduino.a(Interrupts.cpp.o)
 .text._ZL14pin2IrqChanneli
                0x0000ac50       0x2e .pio\build\ota\libFrameworkArduino.a(Interrupts.cpp.o)
 .text._Z21digitalPinToInterrupth
                0x0000ac7e        0x2 .pio\build\ota\libFrameworkArduino.a(Interrupts.cpp.o)
                0x0000ac7e                digitalPinToInterrupt(unsigned char)
 .text.detachInterrupt
                0x0000ac80       0x30 .pio\build\ota\libFrameworkArduino.a(Interrupts.cpp.o)
                0x0000ac80                detachInterrupt
 .text.attachInterruptParam
                0x0000acb0       0xe0 .pio\build\ota\libFrameworkArduino.a(Interrupts.cpp.o)
                0x0000acb0                attachInterruptParam
 .text.attachInterrupt
                0x0000ad90        0x6 .pio\build\ota\libFrameworkArduino.a(Interrupts.cpp.o)
                0x0000ad90                attachInterrupt
 *fill*         0x0000ad96        0x2 ff
 .text.startup._GLOBAL__sub_I__Z21digitalPinToInterrupth
                0x0000ad98       0x14 .pio\build\ota\libFrameworkArduino.a(Interrupts.cpp.o)
 .text.exit._GLOBAL__sub_D__Z21digitalPinToInterrupth
                0x0000adac       0x24 .pio\build\ota\libFrameworkArduino.a(Interrupts.cpp.o)
 .text._ZN4UARTcvbEv
                0x0000add0        0x4 .pio\build\ota\libFrameworkArduino.a(Serial.cpp.o)
                0x0000add0                UART::operator bool()
 .text._ZN4UART5beginEm
                0x0000add4        0xa .pio\build\ota\libFrameworkArduino.a(Serial.cpp.o)
                0x0000add4                UART::begin(unsigned long)
 .text._ZN4UART5flushEv
                0x0000adde        0xa .pio\build\ota\libFrameworkArduino.a(Serial.cpp.o)
                0x0000adde                UART::flush()
 .text._ZN4UART4peekEv
                0x0000ade8       0x18 .pio\build\ota\libFrameworkArduino.a(Serial.cpp.o)
                0x0000ade8                UART::peek()
 .text._ZN4UART5writeEh
                0x0000ae00       0x34 .pio\build\ota\libFrameworkArduino.a(Serial.cpp.o)
                0x0000ae00                UART::write(unsigned char)
 .text._ZN4UART3endEv
                0x0000ae34       0x22 .pio\build\ota\libFrameworkArduino.a(Serial.cpp.o)
                0x0000ae34                UART::end()
 .text._ZN4UART9availableEv
                0x0000ae56       0x32 .pio\build\ota\libFrameworkArduino.a(Serial.cpp.o)
                0x0000ae56                UART::available()
 .text._ZN4UART15WrapperCallbackEP20st_uart_callback_arg
                0x0000ae88       0x90 .pio\build\ota\libFrameworkArduino.a(Serial.cpp.o)
                0x0000ae88                UART::WrapperCallback(st_uart_callback_arg*)
 .text._ZN4UART4readEv
                0x0000af18       0x5c .pio\build\ota\libFrameworkArduino.a(Serial.cpp.o)
                0x0000af18                UART::read()
 .text._ZN4UARTC2Eiiii
                0x0000af74       0x78 .pio\build\ota\libFrameworkArduino.a(Serial.cpp.o)
                0x0000af74                UART::UART(int, int, int, int)
                0x0000af74                UART::UART(int, int, int, int)
 .text._ZN4UART13setUpUartIrqsER11st_uart_cfg
                0x0000afec       0x14 .pio\build\ota\libFrameworkArduino.a(Serial.cpp.o)
                0x0000afec                UART::setUpUartIrqs(st_uart_cfg&)
 .text._ZN4UART5writeEPhj
                0x0000b000       0x2e .pio\build\ota\libFrameworkArduino.a(Serial.cpp.o)
                0x0000b000                UART::write(unsigned char*, unsigned int)
 *fill*         0x0000b02e        0x2 ff
 .text._ZN4UART8cfg_pinsEi
                0x0000b030       0xe8 .pio\build\ota\libFrameworkArduino.a(Serial.cpp.o)
                0x0000b030                UART::cfg_pins(int)
 .text._ZN4UART5beginEmt
                0x0000b118      0x1a8 .pio\build\ota\libFrameworkArduino.a(Serial.cpp.o)
                0x0000b118                UART::begin(unsigned long, unsigned short)
 .text._ZN4UART9write_rawEPhj
                0x0000b2c0       0x1e .pio\build\ota\libFrameworkArduino.a(Serial.cpp.o)
                0x0000b2c0                UART::write_raw(unsigned char*, unsigned int)
 *fill*         0x0000b2de        0x2 ff
 .text.startup._GLOBAL__sub_I__UART1_
                0x0000b2e0       0x1c .pio\build\ota\libFrameworkArduino.a(SerialObj1.cpp.o)
 .text.startup._GLOBAL__sub_I__UART3_
                0x0000b2fc       0x1c .pio\build\ota\libFrameworkArduino.a(SerialObj3.cpp.o)
 .text._ZL13readAllGroupAP13ADC_Container
                0x0000b318       0x2c .pio\build\ota\libFrameworkArduino.a(analog.cpp.o)
 .text._ZL11ADC_irq_cbkP20st_adc_callback_args
                0x0000b344       0x58 .pio\build\ota\libFrameworkArduino.a(analog.cpp.o)
 .text._ZL10adcConvertP13ADC_Containert
                0x0000b39c       0xa4 .pio\build\ota\libFrameworkArduino.a(analog.cpp.o)
 .text._ZL21get_ADC_container_ptrlRt.constprop.4
                0x0000b440       0x38 .pio\build\ota\libFrameworkArduino.a(analog.cpp.o)
 .text._ZN13ADC_ContainerC2EhPFvP20st_adc_callback_argsEPv
                0x0000b478       0x6e .pio\build\ota\libFrameworkArduino.a(analog.cpp.o)
                0x0000b478                ADC_Container::ADC_Container(unsigned char, void (*)(st_adc_callback_args*), void*)
                0x0000b478                ADC_Container::ADC_Container(unsigned char, void (*)(st_adc_callback_args*), void*)
 .text._ZN13ADC_ContainerD2Ev
                0x0000b4e6       0x12 .pio\build\ota\libFrameworkArduino.a(analog.cpp.o)
                0x0000b4e6                ADC_Container::~ADC_Container()
                0x0000b4e6                ADC_Container::~ADC_Container()
 .text.analogRead
                0x0000b4f8       0x3c .pio\build\ota\libFrameworkArduino.a(analog.cpp.o)
                0x0000b4f8                analogRead
 .text.analogReference
                0x0000b534       0x5c .pio\build\ota\libFrameworkArduino.a(analog.cpp.o)
                0x0000b534                analogReference
 .text._Z15analogReferencev
                0x0000b590      0x10c .pio\build\ota\libFrameworkArduino.a(analog.cpp.o)
                0x0000b590                analogReference()
 .text._Z23__get_timer_for_channeli
                0x0000b69c       0x2c .pio\build\ota\libFrameworkArduino.a(analog.cpp.o)
                0x0000b69c                __get_timer_for_channel(int)
 .text.startup._GLOBAL__sub_I__ZN13ADC_ContainerC2EhPFvP20st_adc_callback_argsEPv
                0x0000b6c8       0x4c .pio\build\ota\libFrameworkArduino.a(analog.cpp.o)
 .text.exit._GLOBAL__sub_D__ZN13ADC_ContainerC2EhPFvP20st_adc_callback_argsEPv
                0x0000b714       0x1c .pio\build\ota\libFrameworkArduino.a(analog.cpp.o)
 .text._Z3maplllll
                0x0000b730       0x14 .pio\build\ota\libFrameworkArduino.a(Common.cpp.o)
                0x0000b730                map(long, long, long, long, long)
 .text._ZNK7arduino9IPAddress7printToERNS_5PrintE
                0x0000b744      0x17c .pio\build\ota\libFrameworkArduino.a(IPAddress.cpp.o)
                0x0000b744                arduino::IPAddress::printTo(arduino::Print&) const
 .text._ZN7arduino9IPAddressC2ENS_6IPTypeE
                0x0000b8c0       0x1c .pio\build\ota\libFrameworkArduino.a(IPAddress.cpp.o)
                0x0000b8c0                arduino::IPAddress::IPAddress(arduino::IPType)
                0x0000b8c0                arduino::IPAddress::IPAddress(arduino::IPType)
 .text._ZN7arduino9IPAddressC2Ev
                0x0000b8dc        0xe .pio\build\ota\libFrameworkArduino.a(IPAddress.cpp.o)
                0x0000b8dc                arduino::IPAddress::IPAddress()
                0x0000b8dc                arduino::IPAddress::IPAddress()
 *fill*         0x0000b8ea        0x2 ff
 .text._ZN7arduino9IPAddressC2Ehhhh
                0x0000b8ec       0x30 .pio\build\ota\libFrameworkArduino.a(IPAddress.cpp.o)
                0x0000b8ec                arduino::IPAddress::IPAddress(unsigned char, unsigned char, unsigned char, unsigned char)
                0x0000b8ec                arduino::IPAddress::IPAddress(unsigned char, unsigned char, unsigned char, unsigned char)
 .text._ZNK7arduino9IPAddress9toString4Ev
                0x0000b91c       0x34 .pio\build\ota\libFrameworkArduino.a(IPAddress.cpp.o)
                0x0000b91c                arduino::IPAddress::toString4() const
 .text._ZNK7arduino9IPAddress9toString6Ev
                0x0000b950       0x60 .pio\build\ota\libFrameworkArduino.a(IPAddress.cpp.o)
                0x0000b950                arduino::IPAddress::toString6() const
 .text._ZNK7arduino9IPAddress8toStringEv
                0x0000b9b0       0x16 .pio\build\ota\libFrameworkArduino.a(IPAddress.cpp.o)
                0x0000b9b0                arduino::IPAddress::toString() const
 .text._ZN7arduino9IPAddress11fromString4EPKc
                0x0000b9c6       0x70 .pio\build\ota\libFrameworkArduino.a(IPAddress.cpp.o)
                0x0000b9c6                arduino::IPAddress::fromString4(char const*)
 .text._ZN7arduino9IPAddress11fromString6EPKc
                0x0000ba36       0xfa .pio\build\ota\libFrameworkArduino.a(IPAddress.cpp.o)
                0x0000ba36                arduino::IPAddress::fromString6(char const*)
 .text._ZN7arduino9IPAddress10fromStringEPKc
                0x0000bb30       0x1a .pio\build\ota\libFrameworkArduino.a(IPAddress.cpp.o)
                0x0000bb30                arduino::IPAddress::fromString(char const*)
 *fill*         0x0000bb4a        0x2 ff
 .text.startup._GLOBAL__sub_I__ZN7arduino9IPAddressC2Ev
                0x0000bb4c       0x28 .pio\build\ota\libFrameworkArduino.a(IPAddress.cpp.o)
 .text._ZN7arduino5Print5writeEPKhj
                0x0000bb74       0x2c .pio\build\ota\libFrameworkArduino.a(Print.cpp.o)
                0x0000bb74                arduino::Print::write(unsigned char const*, unsigned int)
 .text._ZN7arduino5Print5writeEPKc.part.2
                0x0000bba0       0x1e .pio\build\ota\libFrameworkArduino.a(Print.cpp.o)
 .text._ZN7arduino5Print5writeEPKc
                0x0000bbbe        0xa .pio\build\ota\libFrameworkArduino.a(Print.cpp.o)
                0x0000bbbe                arduino::Print::write(char const*)
 .text._ZN7arduino5Print5printEPKc
                0x0000bbc8        0x8 .pio\build\ota\libFrameworkArduino.a(Print.cpp.o)
                0x0000bbc8                arduino::Print::print(char const*)
 .text._ZN7arduino5Print5printEc
                0x0000bbd0        0x8 .pio\build\ota\libFrameworkArduino.a(Print.cpp.o)
                0x0000bbd0                arduino::Print::print(char)
 .text._ZN7arduino5Print5printERKNS_9PrintableE
                0x0000bbd8        0xc .pio\build\ota\libFrameworkArduino.a(Print.cpp.o)
                0x0000bbd8                arduino::Print::print(arduino::Printable const&)
 .text._ZN7arduino5Print7printlnEv
                0x0000bbe4        0xc .pio\build\ota\libFrameworkArduino.a(Print.cpp.o)
                0x0000bbe4                arduino::Print::println()
 .text._ZN7arduino5Print7printlnEPKc
                0x0000bbf0       0x14 .pio\build\ota\libFrameworkArduino.a(Print.cpp.o)
                0x0000bbf0                arduino::Print::println(char const*)
 .text._ZN7arduino5Print7printlnERKNS_9PrintableE
                0x0000bc04       0x14 .pio\build\ota\libFrameworkArduino.a(Print.cpp.o)
                0x0000bc04                arduino::Print::println(arduino::Printable const&)
 .text._ZN7arduino5Print11printNumberEmh
                0x0000bc18       0x3c .pio\build\ota\libFrameworkArduino.a(Print.cpp.o)
                0x0000bc18                arduino::Print::printNumber(unsigned long, unsigned char)
 .text._ZN7arduino5Print5printEli
                0x0000bc54       0x44 .pio\build\ota\libFrameworkArduino.a(Print.cpp.o)
                0x0000bc54                arduino::Print::print(long, int)
 .text._ZN7arduino5Print5printEii
                0x0000bc98        0x4 .pio\build\ota\libFrameworkArduino.a(Print.cpp.o)
                0x0000bc98                arduino::Print::print(int, int)
 .text._ZN7arduino5Print7printlnEii
                0x0000bc9c       0x14 .pio\build\ota\libFrameworkArduino.a(Print.cpp.o)
                0x0000bc9c                arduino::Print::println(int, int)
 .text._ZN7arduino5Print5printEmi
                0x0000bcb0       0x1a .pio\build\ota\libFrameworkArduino.a(Print.cpp.o)
                0x0000bcb0                arduino::Print::print(unsigned long, int)
 .text._ZN7arduino5Print5printEhi
                0x0000bcca        0x4 .pio\build\ota\libFrameworkArduino.a(Print.cpp.o)
                0x0000bcca                arduino::Print::print(unsigned char, int)
 .text._ZN7arduino5Print5printEji
                0x0000bcce        0x4 .pio\build\ota\libFrameworkArduino.a(Print.cpp.o)
                0x0000bcce                arduino::Print::print(unsigned int, int)
 .text._ZN7arduino5Print7printlnEji
                0x0000bcd2       0x14 .pio\build\ota\libFrameworkArduino.a(Print.cpp.o)
                0x0000bcd2                arduino::Print::println(unsigned int, int)
 .text._ZN7arduino5Print7printlnEmi
                0x0000bce6       0x14 .pio\build\ota\libFrameworkArduino.a(Print.cpp.o)
                0x0000bce6                arduino::Print::println(unsigned long, int)
 *fill*         0x0000bcfa        0x2 ff
 .text._ZN7arduino5Print10printFloatEdi
                0x0000bcfc      0x17c .pio\build\ota\libFrameworkArduino.a(Print.cpp.o)
                0x0000bcfc                arduino::Print::printFloat(double, int)
 .text._ZN7arduino5Print7printlnEdi
                0x0000be78       0x14 .pio\build\ota\libFrameworkArduino.a(Print.cpp.o)
                0x0000be78                arduino::Print::println(double, int)
 .text._ZN7arduino6Stream9timedReadEv
                0x0000be8c       0x2a .pio\build\ota\libFrameworkArduino.a(Stream.cpp.o)
                0x0000be8c                arduino::Stream::timedRead()
 *fill*         0x0000beb6        0x2 ff
 .text._ZN7arduino6Stream15readStringUntilEc
                0x0000beb8       0x30 .pio\build\ota\libFrameworkArduino.a(Stream.cpp.o)
                0x0000beb8                arduino::Stream::readStringUntil(char)
 .text._ZN7arduino6StringD2Ev
                0x0000bee8       0x10 .pio\build\ota\libFrameworkArduino.a(String.cpp.o)
                0x0000bee8                arduino::String::~String()
                0x0000bee8                arduino::String::~String()
 .text._ZN7arduino6String10invalidateEv
                0x0000bef8       0x16 .pio\build\ota\libFrameworkArduino.a(String.cpp.o)
                0x0000bef8                arduino::String::invalidate()
 .text._ZN7arduino6String12changeBufferEj
                0x0000bf0e       0x18 .pio\build\ota\libFrameworkArduino.a(String.cpp.o)
                0x0000bf0e                arduino::String::changeBuffer(unsigned int)
 .text._ZN7arduino6String7reserveEj
                0x0000bf26       0x28 .pio\build\ota\libFrameworkArduino.a(String.cpp.o)
                0x0000bf26                arduino::String::reserve(unsigned int)
 .text._ZN7arduino6String4copyEPKcj
                0x0000bf4e       0x30 .pio\build\ota\libFrameworkArduino.a(String.cpp.o)
                0x0000bf4e                arduino::String::copy(char const*, unsigned int)
 .text._ZN7arduino6StringC2EPKc
                0x0000bf7e       0x24 .pio\build\ota\libFrameworkArduino.a(String.cpp.o)
                0x0000bf7e                arduino::String::String(char const*)
                0x0000bf7e                arduino::String::String(char const*)
 .text._ZN7arduino6StringaSEPKc.part.4
                0x0000bfa2       0x1a .pio\build\ota\libFrameworkArduino.a(String.cpp.o)
 .text._ZN7arduino6String4moveERS0_
                0x0000bfbc       0x26 .pio\build\ota\libFrameworkArduino.a(String.cpp.o)
                0x0000bfbc                arduino::String::move(arduino::String&)
 .text._ZN7arduino6StringaSERKS0_
                0x0000bfe2       0x1e .pio\build\ota\libFrameworkArduino.a(String.cpp.o)
                0x0000bfe2                arduino::String::operator=(arduino::String const&)
 .text._ZN7arduino6StringaSEOS0_
                0x0000c000        0xc .pio\build\ota\libFrameworkArduino.a(String.cpp.o)
                0x0000c000                arduino::String::operator=(arduino::String&&)
 .text._ZN7arduino6StringaSEPKc
                0x0000c00c       0x14 .pio\build\ota\libFrameworkArduino.a(String.cpp.o)
                0x0000c00c                arduino::String::operator=(char const*)
 .text._ZN7arduino6String6concatEPKcj
                0x0000c020       0x42 .pio\build\ota\libFrameworkArduino.a(String.cpp.o)
                0x0000c020                arduino::String::concat(char const*, unsigned int)
 .text._ZN7arduino6String6concatEPKc.part.6
                0x0000c062       0x1a .pio\build\ota\libFrameworkArduino.a(String.cpp.o)
 .text._ZN7arduino6String6concatEPKc
                0x0000c07c        0xa .pio\build\ota\libFrameworkArduino.a(String.cpp.o)
                0x0000c07c                arduino::String::concat(char const*)
 .text._ZN7arduino6String6concatEc
                0x0000c086       0x16 .pio\build\ota\libFrameworkArduino.a(String.cpp.o)
                0x0000c086                arduino::String::concat(char)
 .text._ZN7arduinoplERKNS_15StringSumHelperERKNS_6StringE
                0x0000c09c       0x18 .pio\build\ota\libFrameworkArduino.a(String.cpp.o)
                0x0000c09c                arduino::operator+(arduino::StringSumHelper const&, arduino::String const&)
 .text._ZNK7arduino6String9compareToERKS0_
                0x0000c0b4       0x2a .pio\build\ota\libFrameworkArduino.a(String.cpp.o)
                0x0000c0b4                arduino::String::compareTo(arduino::String const&) const
 .text._ZNK7arduino6String6equalsERKS0_
                0x0000c0de       0x1a .pio\build\ota\libFrameworkArduino.a(String.cpp.o)
                0x0000c0de                arduino::String::equals(arduino::String const&) const
 .text._ZNK7arduino6String6equalsEPKc
                0x0000c0f8       0x28 .pio\build\ota\libFrameworkArduino.a(String.cpp.o)
                0x0000c0f8                arduino::String::equals(char const*) const
 .text._ZNK7arduino6String10startsWithERKS0_j
                0x0000c120       0x2c .pio\build\ota\libFrameworkArduino.a(String.cpp.o)
                0x0000c120                arduino::String::startsWith(arduino::String const&, unsigned int) const
 .text._ZNK7arduino6String10startsWithERKS0_
                0x0000c14c       0x12 .pio\build\ota\libFrameworkArduino.a(String.cpp.o)
                0x0000c14c                arduino::String::startsWith(arduino::String const&) const
 .text._ZNK7arduino6StringixEj
                0x0000c15e       0x12 .pio\build\ota\libFrameworkArduino.a(String.cpp.o)
                0x0000c15e                arduino::String::operator[](unsigned int) const
 .text._ZNK7arduino6String6charAtEj
                0x0000c170        0x4 .pio\build\ota\libFrameworkArduino.a(String.cpp.o)
                0x0000c170                arduino::String::charAt(unsigned int) const
 .text._ZN7arduino6String6removeEjj
                0x0000c174       0x32 .pio\build\ota\libFrameworkArduino.a(String.cpp.o)
                0x0000c174                arduino::String::remove(unsigned int, unsigned int)
 .text._ZN7arduino6String4trimEv
                0x0000c1a6       0x52 .pio\build\ota\libFrameworkArduino.a(String.cpp.o)
                0x0000c1a6                arduino::String::trim()
 .text._ZNK7arduino6String5toIntEv
                0x0000c1f8        0xa .pio\build\ota\libFrameworkArduino.a(String.cpp.o)
                0x0000c1f8                arduino::String::toInt() const
 *fill*         0x0000c202        0x2 ff
 .text._ZN4CDacC2Eh
                0x0000c204       0x6c .pio\build\ota\libFrameworkArduino.a(dac.cpp.o)
                0x0000c204                CDac::CDac(unsigned char)
                0x0000c204                CDac::CDac(unsigned char)
 .text.startup._GLOBAL__sub_I__ZN4CDacC2Eh
                0x0000c270        0xc .pio\build\ota\libFrameworkArduino.a(dac.cpp.o)
 .text.pinMode  0x0000c27c       0x30 .pio\build\ota\libFrameworkArduino.a(digital.cpp.o)
                0x0000c27c                pinMode
 .text.digitalWrite
                0x0000c2ac       0x18 .pio\build\ota\libFrameworkArduino.a(digital.cpp.o)
                0x0000c2ac                digitalWrite
 .text.digitalRead
                0x0000c2c4       0x28 .pio\build\ota\libFrameworkArduino.a(digital.cpp.o)
                0x0000c2c4                digitalRead
 .text.dtostrf  0x0000c2ec       0x30 .pio\build\ota\libFrameworkArduino.a(itoa.c.o)
                0x0000c2ec                dtostrf
 .text.R_BSP_PinAccessEnable
                0x0000c31c       0x2c .pio\build\ota\libFrameworkArduino.a(main.cpp.o)
 .text.start_freertos_on_header_inclusion
                0x0000c348        0x2 .pio\build\ota\libFrameworkArduino.a(main.cpp.o)
                0x0000c348                start_freertos_on_header_inclusion
 .text.early_start_freertos_on_header_inclusion
                0x0000c34a        0x2 .pio\build\ota\libFrameworkArduino.a(main.cpp.o)
                0x0000c34a                early_start_freertos_on_header_inclusion
 .text._Z12arduino_mainv
                0x0000c34c       0x94 .pio\build\ota\libFrameworkArduino.a(main.cpp.o)
                0x0000c34c                arduino_main()
 .text._write   0x0000c3e0        0xc .pio\build\ota\libFrameworkArduino.a(main.cpp.o)
                0x0000c3e0                _write
 .text.hal_entry
                0x0000c3ec        0x6 .pio\build\ota\libFrameworkArduino.a(main.cpp.o)
                0x0000c3ec                hal_entry
 .text.atexit   0x0000c3f2        0x4 .pio\build\ota\libFrameworkArduino.a(main.cpp.o)
                0x0000c3f2                atexit
 .text.__cxa_pure_virtual
                0x0000c3f6        0x8 .pio\build\ota\libFrameworkArduino.a(main.cpp.o)
                0x0000c3f6                __cxa_pure_virtual
 *fill*         0x0000c3fe        0x2 ff
 .text._Z13pinPeripheral19e_bsp_io_port_pin_tm
                0x0000c400       0x10 .pio\build\ota\libFrameworkArduino.a(pinDefinitions.cpp.o)
                0x0000c400                pinPeripheral(e_bsp_io_port_pin_t, unsigned long)
 .text._ZL21timer_micros_callbackP22st_timer_callback_args
                0x0000c410       0x10 .pio\build\ota\libFrameworkArduino.a(time.cpp.o)
 .text.delayMicroseconds
                0x0000c420        0x6 .pio\build\ota\libFrameworkArduino.a(time.cpp.o)
                0x0000c420                delayMicroseconds
 .text.yield    0x0000c426        0x2 .pio\build\ota\libFrameworkArduino.a(time.cpp.o)
                0x0000c426                yield
 .text.delay    0x0000c428       0x1c .pio\build\ota\libFrameworkArduino.a(time.cpp.o)
                0x0000c428                delay
 .text._Z8startAgtv
                0x0000c444       0x6c .pio\build\ota\libFrameworkArduino.a(time.cpp.o)
                0x0000c444                startAgt()
 .text.millis   0x0000c4b0        0xc .pio\build\ota\libFrameworkArduino.a(time.cpp.o)
                0x0000c4b0                millis
 .text.micros   0x0000c4bc       0x84 .pio\build\ota\libFrameworkArduino.a(time.cpp.o)
                0x0000c4bc                micros
 .text.startup._GLOBAL__sub_I_delayMicroseconds
                0x0000c540        0xc .pio\build\ota\libFrameworkArduino.a(time.cpp.o)
 .text.exit._GLOBAL__sub_D_delayMicroseconds
                0x0000c54c        0xc .pio\build\ota\libFrameworkArduino.a(time.cpp.o)
 .text._Z10getPinCfgsh11PinCfgReq_t
                0x0000c558       0xe0 .pio\build\ota\libFrameworkArduino.a(variant_helper.cpp.o)
                0x0000c558                getPinCfgs(unsigned char, PinCfgReq_t)
 .text.dump_stack
                0x0000c638       0x7c .pio\build\ota\libFrameworkArduino.a(cm_backtrace.c.o)
 .text.cm_backtrace_init
                0x0000c6b4       0x74 .pio\build\ota\libFrameworkArduino.a(cm_backtrace.c.o)
                0x0000c6b4                cm_backtrace_init
 .text.cm_backtrace_firmware_info
                0x0000c728       0x2c .pio\build\ota\libFrameworkArduino.a(cm_backtrace.c.o)
                0x0000c728                cm_backtrace_firmware_info
 .text.cm_backtrace_call_stack
                0x0000c754       0xe4 .pio\build\ota\libFrameworkArduino.a(cm_backtrace.c.o)
                0x0000c754                cm_backtrace_call_stack
 .text.print_call_stack
                0x0000c838       0x94 .pio\build\ota\libFrameworkArduino.a(cm_backtrace.c.o)
 .text.cm_backtrace_fault
                0x0000c8cc      0x470 .pio\build\ota\libFrameworkArduino.a(cm_backtrace.c.o)
                0x0000c8cc                cm_backtrace_fault
 .text.Stacktrace_Handler
                0x0000cd3c        0xa .pio\build\ota\libFrameworkArduino.a(cortex_handlers.c.o)
                0x0000cd3c                Stacktrace_Handler
 *fill*         0x0000cd46        0x2 ff
 .text.R_SPI_Close
                0x0000cd48       0xc8 C:\Users\ferna\.platformio\packages\framework-arduinorenesas-uno\variants\UNOWIFIR4\libs\libfsp.a(r_spi.o)
                0x0000cd48                R_SPI_Close
 .text.r_spi_call_callback
                0x0000ce10       0x40 C:\Users\ferna\.platformio\packages\framework-arduinorenesas-uno\variants\UNOWIFIR4\libs\libfsp.a(r_spi.o)
 .text.r_spi_write_read_common
                0x0000ce50      0x160 C:\Users\ferna\.platformio\packages\framework-arduinorenesas-uno\variants\UNOWIFIR4\libs\libfsp.a(r_spi.o)
 .text.R_SPI_WriteRead
                0x0000cfb0       0x10 C:\Users\ferna\.platformio\packages\framework-arduinorenesas-uno\variants\UNOWIFIR4\libs\libfsp.a(r_spi.o)
                0x0000cfb0                R_SPI_WriteRead
 .text.R_SPI_Open
                0x0000cfc0      0x2e4 C:\Users\ferna\.platformio\packages\framework-arduinorenesas-uno\variants\UNOWIFIR4\libs\libfsp.a(r_spi.o)
                0x0000cfc0                R_SPI_Open
 .text.R_SPI_CalculateBitrate
                0x0000d2a4       0x90 C:\Users\ferna\.platformio\packages\framework-arduinorenesas-uno\variants\UNOWIFIR4\libs\libfsp.a(r_spi.o)
                0x0000d2a4                R_SPI_CalculateBitrate
 .text.spi_rxi_isr
                0x0000d334       0x9c C:\Users\ferna\.platformio\packages\framework-arduinorenesas-uno\variants\UNOWIFIR4\libs\libfsp.a(r_spi.o)
                0x0000d334                spi_rxi_isr
 .text.spi_txi_isr
                0x0000d3d0       0xd8 C:\Users\ferna\.platformio\packages\framework-arduinorenesas-uno\variants\UNOWIFIR4\libs\libfsp.a(r_spi.o)
                0x0000d3d0                spi_txi_isr
 .text.spi_tei_isr
                0x0000d4a8       0xe0 C:\Users\ferna\.platformio\packages\framework-arduinorenesas-uno\variants\UNOWIFIR4\libs\libfsp.a(r_spi.o)
                0x0000d4a8                spi_tei_isr
 .text.spi_eri_isr
                0x0000d588       0xdc C:\Users\ferna\.platformio\packages\framework-arduinorenesas-uno\variants\UNOWIFIR4\libs\libfsp.a(r_spi.o)
                0x0000d588                spi_eri_isr
 .text.R_SCI_UART_Write
                0x0000d664       0xb0 C:\Users\ferna\.platformio\packages\framework-arduinorenesas-uno\variants\UNOWIFIR4\libs\libfsp.a(r_sci_uart.o)
                0x0000d664                R_SCI_UART_Write
 .text.R_SCI_UART_BaudSet
                0x0000d714       0x44 C:\Users\ferna\.platformio\packages\framework-arduinorenesas-uno\variants\UNOWIFIR4\libs\libfsp.a(r_sci_uart.o)
                0x0000d714                R_SCI_UART_BaudSet
 .text.R_SCI_UART_Close
                0x0000d758       0xd8 C:\Users\ferna\.platformio\packages\framework-arduinorenesas-uno\variants\UNOWIFIR4\libs\libfsp.a(r_sci_uart.o)
                0x0000d758                R_SCI_UART_Close
 .text.r_sci_uart_call_callback
                0x0000d830       0x44 C:\Users\ferna\.platformio\packages\framework-arduinorenesas-uno\variants\UNOWIFIR4\libs\libfsp.a(r_sci_uart.o)
 .text.r_sci_uart_transfer_configure.isra.0
                0x0000d874       0x38 C:\Users\ferna\.platformio\packages\framework-arduinorenesas-uno\variants\UNOWIFIR4\libs\libfsp.a(r_sci_uart.o)
 .text.R_SCI_UART_Open
                0x0000d8ac      0x448 C:\Users\ferna\.platformio\packages\framework-arduinorenesas-uno\variants\UNOWIFIR4\libs\libfsp.a(r_sci_uart.o)
                0x0000d8ac                R_SCI_UART_Open
 .text.R_SCI_UART_BaudCalculate
                0x0000dcf4      0x184 C:\Users\ferna\.platformio\packages\framework-arduinorenesas-uno\variants\UNOWIFIR4\libs\libfsp.a(r_sci_uart.o)
                0x0000dcf4                R_SCI_UART_BaudCalculate
 .text.sci_uart_txi_isr
                0x0000de78       0xec C:\Users\ferna\.platformio\packages\framework-arduinorenesas-uno\variants\UNOWIFIR4\libs\libfsp.a(r_sci_uart.o)
                0x0000de78                sci_uart_txi_isr
 .text.sci_uart_rxi_isr
                0x0000df64      0x184 C:\Users\ferna\.platformio\packages\framework-arduinorenesas-uno\variants\UNOWIFIR4\libs\libfsp.a(r_sci_uart.o)
                0x0000df64                sci_uart_rxi_isr
 .text.sci_uart_tei_isr
                0x0000e0e8       0x40 C:\Users\ferna\.platformio\packages\framework-arduinorenesas-uno\variants\UNOWIFIR4\libs\libfsp.a(r_sci_uart.o)
                0x0000e0e8                sci_uart_tei_isr
 .text.sci_uart_eri_isr
                0x0000e128       0x78 C:\Users\ferna\.platformio\packages\framework-arduinorenesas-uno\variants\UNOWIFIR4\libs\libfsp.a(r_sci_uart.o)
                0x0000e128                sci_uart_eri_isr
 .text.R_SCI_SPI_Close
                0x0000e1a0       0xdc C:\Users\ferna\.platformio\packages\framework-arduinorenesas-uno\variants\UNOWIFIR4\libs\libfsp.a(r_sci_spi.o)
                0x0000e1a0                R_SCI_SPI_Close
 .text.r_sci_spi_call_callback
                0x0000e27c       0x40 C:\Users\ferna\.platformio\packages\framework-arduinorenesas-uno\variants\UNOWIFIR4\libs\libfsp.a(r_sci_spi.o)
 .text.R_SCI_SPI_Open
                0x0000e2bc      0x2b0 C:\Users\ferna\.platformio\packages\framework-arduinorenesas-uno\variants\UNOWIFIR4\libs\libfsp.a(r_sci_spi.o)
                0x0000e2bc                R_SCI_SPI_Open
 .text.r_sci_spi_write_read_common
                0x0000e56c      0x130 C:\Users\ferna\.platformio\packages\framework-arduinorenesas-uno\variants\UNOWIFIR4\libs\libfsp.a(r_sci_spi.o)
 .text.R_SCI_SPI_WriteRead
                0x0000e69c        0x4 C:\Users\ferna\.platformio\packages\framework-arduinorenesas-uno\variants\UNOWIFIR4\libs\libfsp.a(r_sci_spi.o)
                0x0000e69c                R_SCI_SPI_WriteRead
 .text.R_SCI_SPI_CalculateBitrate
                0x0000e6a0       0x8c C:\Users\ferna\.platformio\packages\framework-arduinorenesas-uno\variants\UNOWIFIR4\libs\libfsp.a(r_sci_spi.o)
                0x0000e6a0                R_SCI_SPI_CalculateBitrate
 .text.sci_spi_txi_isr
                0x0000e72c       0x68 C:\Users\ferna\.platformio\packages\framework-arduinorenesas-uno\variants\UNOWIFIR4\libs\libfsp.a(r_sci_spi.o)
                0x0000e72c                sci_spi_txi_isr
 .text.sci_spi_rxi_isr
                0x0000e794       0x74 C:\Users\ferna\.platformio\packages\framework-arduinorenesas-uno\variants\UNOWIFIR4\libs\libfsp.a(r_sci_spi.o)
                0x0000e794                sci_spi_rxi_isr
 .text.sci_spi_tei_isr
                0x0000e808       0x3c C:\Users\ferna\.platformio\packages\framework-arduinorenesas-uno\variants\UNOWIFIR4\libs\libfsp.a(r_sci_spi.o)
                0x0000e808                sci_spi_tei_isr
 .text.sci_spi_eri_isr
                0x0000e844       0x44 C:\Users\ferna\.platformio\packages\framework-arduinorenesas-uno\variants\UNOWIFIR4\libs\libfsp.a(r_sci_spi.o)
                0x0000e844                sci_spi_eri_isr
 .text.sci_i2c_enable_transfer_support_tx
                0x0000e888       0x34 C:\Users\ferna\.platformio\packages\framework-arduinorenesas-uno\variants\UNOWIFIR4\libs\libfsp.a(r_sci_i2c.o)
 .text.sci_i2c_notify
                0x0000e8bc       0x64 C:\Users\ferna\.platformio\packages\framework-arduinorenesas-uno\variants\UNOWIFIR4\libs\libfsp.a(r_sci_i2c.o)
                0x0000e8bc                sci_i2c_notify
 .text.sci_i2c_rxi_isr
                0x0000e920       0x20 C:\Users\ferna\.platformio\packages\framework-arduinorenesas-uno\variants\UNOWIFIR4\libs\libfsp.a(r_sci_i2c.o)
                0x0000e920                sci_i2c_rxi_isr
 .text.sci_i2c_txi_isr